Archive member included because of file (symbol)

D:/rda5981/code/IoT-RDA5836_3.3/build/download_host_5856T_nolcd/target/lib/libtarget_debug.a(target_config.o)
                              D:/rda5981/code/IoT-RDA5836_3.3/build/download_host_5856T_nolcd/platform/programmer/flash_prog/obj/debug/flash_programmer.o (tgt_GetMemdFlashConfig)
D:/rda5981/code/IoT-RDA5836_3.3/build/download_host_5856T_nolcd/platform/edrv/memd/lib/libmemd_debug.a(drv_flsh.o)
                              D:/rda5981/code/IoT-RDA5836_3.3/build/download_host_5856T_nolcd/platform/programmer/flash_prog/obj/debug/flash_programmer.o (memd_FlashGetUserFieldInfo)
D:/rda5981/code/IoT-RDA5836_3.3/build/download_host_5856T_nolcd/platform/edrv/memd/lib/libmemd_debug.a(drv_flsh_map.o)
                              D:/rda5981/code/IoT-RDA5836_3.3/build/download_host_5856T_nolcd/platform/edrv/memd/lib/libmemd_debug.a(drv_flsh.o) (memd_FlashSetLayout)
D:/rda5981/code/IoT-RDA5836_3.3/build/download_host_5856T_nolcd/platform/edrv/memd/lib/libmemd_debug.a(memd_map.o)
                              D:/rda5981/code/IoT-RDA5836_3.3/build/download_host_5856T_nolcd/target/lib/libtarget_debug.a(target_config.o) (memd_RegisterYourself)
D:/rda5981/code/IoT-RDA5836_3.3/build/download_host_5856T_nolcd/platform/rtos/std/lib/libstd_debug.a(memcmp.o)
                              D:/rda5981/code/IoT-RDA5836_3.3/build/download_host_5856T_nolcd/platform/edrv/memd/lib/libmemd_debug.a(drv_flsh.o) (memcmp)
D:/rda5981/code/IoT-RDA5836_3.3/build/download_host_5856T_nolcd/platform/rtos/std/lib/libstd_debug.a(memset.o)
                              D:/rda5981/code/IoT-RDA5836_3.3/build/download_host_5856T_nolcd/platform/edrv/memd/lib/libmemd_debug.a(drv_flsh.o) (memset)
D:/rda5981/code/IoT-RDA5836_3.3/build/download_host_5856T_nolcd/platform/edrv/pmd/lib/libpmd_debug.a(pmd.o)
                              D:/rda5981/code/IoT-RDA5836_3.3/platform/chip/5856/rom/lib/mem_bridge_rom_CHIP.elf (pmd_ConfigureRfLowPower)
D:/rda5981/code/IoT-RDA5836_3.3/build/download_host_5856T_nolcd/platform/edrv/pmd/lib/libpmd_debug.a(pmd_charger.o)
                              D:/rda5981/code/IoT-RDA5836_3.3/build/download_host_5856T_nolcd/platform/edrv/pmd/lib/libpmd_debug.a(pmd.o) (pmd_SetHighActivity)
D:/rda5981/code/IoT-RDA5836_3.3/build/download_host_5856T_nolcd/platform/edrv/pmd/lib/libpmd_debug.a(pmd_map.o)
                              D:/rda5981/code/IoT-RDA5836_3.3/build/download_host_5856T_nolcd/target/lib/libtarget_debug.a(target_config.o) (pmd_RegisterYourself)
D:/rda5981/code/IoT-RDA5836_3.3/build/download_host_5856T_nolcd/platform/chip/5856/hal/lib/libhal_debug.a(hal_ana_gpadc.o)
                              D:/rda5981/code/IoT-RDA5836_3.3/build/download_host_5856T_nolcd/platform/edrv/pmd/lib/libpmd_debug.a(pmd.o) (hal_AnaGpadcGpadc2Volt)
D:/rda5981/code/IoT-RDA5836_3.3/build/download_host_5856T_nolcd/platform/chip/5856/hal/lib/libhal_debug.a(hal_config.o)
                              D:/rda5981/code/IoT-RDA5836_3.3/build/download_host_5856T_nolcd/platform/edrv/pmd/lib/libpmd_debug.a(pmd.o) (hal_ConfigFmIo)
D:/rda5981/code/IoT-RDA5836_3.3/build/download_host_5856T_nolcd/platform/chip/5856/hal/lib/libhal_debug.a(hal_dma.o)
                              D:/rda5981/code/IoT-RDA5836_3.3/build/download_host_5856T_nolcd/platform/programmer/flash_prog/obj/debug/flash_programmer.o (hal_DmaReadFcs)
D:/rda5981/code/IoT-RDA5836_3.3/build/download_host_5856T_nolcd/platform/chip/5856/hal/lib/libhal_debug.a(hal_ebc.o)
                              D:/rda5981/code/IoT-RDA5836_3.3/build/download_host_5856T_nolcd/platform/edrv/memd/lib/libmemd_debug.a(drv_flsh.o) (hal_EbcConfigRemap)
D:/rda5981/code/IoT-RDA5836_3.3/build/download_host_5856T_nolcd/platform/chip/5856/hal/lib/libhal_debug.a(hal_gpio.o)
                              D:/rda5981/code/IoT-RDA5836_3.3/build/download_host_5856T_nolcd/platform/chip/5856/hal/lib/libhal_debug.a(hal_config.o) (hal_GpioAltFuncConfig)
D:/rda5981/code/IoT-RDA5836_3.3/build/download_host_5856T_nolcd/platform/chip/5856/hal/lib/libhal_debug.a(hal_host.o)
                              D:/rda5981/code/IoT-RDA5836_3.3/build/download_host_5856T_nolcd/platform/programmer/flash_prog/obj/debug/flash_programmer.o (hal_HstSendEvent)
D:/rda5981/code/IoT-RDA5836_3.3/build/download_host_5856T_nolcd/platform/chip/5856/hal/lib/libhal_debug.a(hal_ispi.o)
                              D:/rda5981/code/IoT-RDA5836_3.3/build/download_host_5856T_nolcd/platform/programmer/flash_prog/obj/debug/stubbed_functions.o (hal_IspiCsActivate)
D:/rda5981/code/IoT-RDA5836_3.3/build/download_host_5856T_nolcd/platform/chip/5856/hal/lib/libhal_debug.a(hal_map.o)
                              D:/rda5981/code/IoT-RDA5836_3.3/build/download_host_5856T_nolcd/target/lib/libtarget_debug.a(target_config.o) (hal_RegisterYourself)
D:/rda5981/code/IoT-RDA5836_3.3/build/download_host_5856T_nolcd/platform/chip/5856/hal/lib/libhal_debug.a(hal_map_engine.o)
[...]
Memory Configuration

Name             Origin             Length             Attributes
*default*        0x0000000000000000 0xffffffffffffffff

Linker script and memory map

LOAD D:/rda5981/code/IoT-RDA5836_3.3/build/download_host_5856T_nolcd/platform/programmer/flash_prog/obj/debug/flash_mcuwifi.o
LOAD D:/rda5981/code/IoT-RDA5836_3.3/build/download_host_5856T_nolcd/platform/programmer/flash_prog/obj/debug/flash_programmer.o
LOAD D:/rda5981/code/IoT-RDA5836_3.3/build/download_host_5856T_nolcd/platform/programmer/flash_prog/obj/debug/stubbed_functions.o
LOAD D:/rda5981/code/IoT-RDA5836_3.3/platform/chip/5856/rom/lib/mem_bridge_rom_CHIP.elf
                0x0000000000000000                _bb_sram_flash_start_location = .
                0x0000000000000000                _bb_sram_flash_end_location = _bb_sram_flash_start_location
                0x0000000000000000                _BB_DUALPORT_SRAM_flash_start_location = _bb_sram_flash_end_location
                0xffffffffa1b00000                . = 0xffffffffa1b00000
                0xffffffffa1b00000                _BB_DUALPORT_SRAM_start = .

.BB_DUALPORT_SRAM_text
                0xffffffffa1b00000        0x0
                0xffffffffa1b00000                _BB_DUALPORT_SRAM_text_start = .
 *(.BB_DUALPORT_SRAM_text)
                0xffffffffa1b00000                . = ALIGN (0x10)
                0xffffffffa1b00000                _BB_DUALPORT_SRAM_text_end = .
                0x0000000000000000                _BB_DUALPORT_SRAM_text_size = (_BB_DUALPORT_SRAM_text_end - _BB_DUALPORT_SRAM_text_start)

.BB_DUALPORT_SRAM_data
                0xffffffffa1b00000        0x0
                0xffffffffa1b00000                _BB_DUALPORT_SRAM_cached_data_start = .
 *(.BB_DUALPORT_SRAM_data)
                0xffffffffa1b00000                . = ALIGN (0x10)
                0xffffffffa1b00000                _BB_DUALPORT_SRAM_cached_data_end = .
                0x0000000000000000                _BB_DUALPORT_SRAM_cached_data_size = (_BB_DUALPORT_SRAM_cached_data_end - _BB_DUALPORT_SRAM_cached_data_start)
                0xffffffffa1b00000                . = (. + 0x0)

.BB_DUALPORT_SRAM_ucdata
                0xffffffffa1b00000        0x0
                0xffffffffa1b00000                _BB_DUALPORT_SRAM_uncached_data_start = .
 *(.BB_DUALPORT_SRAM_ucdata)
                0xffffffffa1b00000                . = ALIGN (0x10)
                0xffffffffa1b00000                _BB_DUALPORT_SRAM_uncached_data_end = .
                0x0000000000000000                _BB_DUALPORT_SRAM_uncached_data_size = (_BB_DUALPORT_SRAM_uncached_data_end - _BB_DUALPORT_SRAM_uncached_data_start)
                0xffffffffa1b00000                . = (. - 0x0)
                0xffffffffa1b00000                _BB_DUALPORT_SRAM_end = .
                0x0000000000000000                _BB_DUALPORT_SRAM_size = (_BB_DUALPORT_SRAM_end - _BB_DUALPORT_SRAM_start)
                0xffffffffa1b00000                _dualport_bss_start = .
                0xffffffffa1b00000                . = (. + 0x0)

.BB_DUALPORT_SRAM_ucbss
                0xffffffffa1b00000        0x0
 *(.sramucbss)
 *(.BB_DUALPORT_SRAM_ucbss)
                0xffffffffa1b00000                . = ALIGN (0x10)
                0xffffffffa1b00000                . = (. - 0x0)

.BB_DUALPORT_SRAM_bss
                0xffffffffa1b00000        0x0
 *(.BB_DUALPORT_SRAM_bss)
                0xffffffffa1b00000                . = ALIGN (0x10)
                0xffffffffa1b00000                _dualport_bss_end = .
                0x0000000000000000                _dualport_bss_size = (_dualport_bss_end - _dualport_bss_start)
                0x0000000000000001                ASSERT ((0xffffffffa1b04000 >= ABSOLUTE (_dualport_bss_end)), DUALPORT SRAM overflow.)
                0x0000000000000000                _BB_DUALPORT_SRAM_flash_end_location = _BB_DUALPORT_SRAM_flash_start_location
                0xffffffffa1b00000                . = (. + 0x0)

.executor_ctx   0xffffffffa1c000a0       0x18
 *(.executor_ctx)
 .executor_ctx  0xffffffffa1c000a0       0x18 D:/rda5981/code/IoT-RDA5836_3.3/build/download_host_5856T_nolcd/platform/chip/5856/boot/lib/libboot_debug.a(boot_sector.o)
                0xffffffffa1c000a0                g_bootHstExecutorCtx
                0x0000000000000001                ASSERT ((ABSOLUTE (__int_rom_reserved_end) <= 0xffffffffa1c00260), Reserved Ram Reserved for Rom Overflowed)
                0xffffffffa1c00000                . = 0xffffffffa1c00000

.hal_boot_sector_reload_struct
 *(.hal_boot_sector_reload_struct)

.hal_boot_sector_struct
                0xffffffffa1c00000       0x1c
 *(.hal_boot_sector_struct)
 .hal_boot_sector_struct
                0xffffffffa1c00000       0x1c D:/rda5981/code/IoT-RDA5836_3.3/build/download_host_5856T_nolcd/platform/chip/5856/hal/lib/libhal_debug.a(hal_boot_sector_driver.o)

.boot_sector_reload_struct_ptr
                0xffffffffa1c00274        0x4
 *(.boot_sector_reload_struct_ptr)
 .boot_sector_reload_struct_ptr
                0xffffffffa1c00274        0x4 D:/rda5981/code/IoT-RDA5836_3.3/build/download_host_5856T_nolcd/platform/chip/5856/boot/lib/libboot_debug.a(boot_sector.o)
                0xffffffffa1c00274                g_bootSectorReloadStructPtr

.boot_sector_struct_ptr
                0xffffffffa1c00278        0x4
 *(.boot_sector_struct_ptr)
 .boot_sector_struct_ptr
                0xffffffffa1c00278        0x4 D:/rda5981/code/IoT-RDA5836_3.3/build/download_host_5856T_nolcd/platform/chip/5856/boot/lib/libboot_debug.a(boot_sector.o)
                0xffffffffa1c00278                g_bootSectorStructPtr

.fixptr         0xffffffffa1c0027c        0x4
 *(.fixptr)
 .fixptr        0xffffffffa1c0027c        0x4 D:/rda5981/code/IoT-RDA5836_3.3/build/download_host_5856T_nolcd/platform/chip/5856/hal/lib/libhal_debug.a(hal_map_engine.o)
                0xffffffffa1c0027c                g_halFixedPointer
                0xffffffffa1c00280                . = 0xffffffffa1c00280
                0x0000000000000000                _irq_sys_sram_flash_start_location = _BB_DUALPORT_SRAM_flash_end_location
                0xffffffffa1c00280                _irq_sys_sram_start = .

.irqsram        0xffffffffa1c00280        0x0
                0xffffffffa1c00280                . = ALIGN (0x10)
                0xffffffffa1c00280                _irq_sys_sram_end = .
                0x0000000000000000                _irq_sys_sram_size = (_irq_sys_sram_end - _irq_sys_sram_start)
                0x0000000000000000                _irq_sys_sram_flash_end_location = _irq_sys_sram_flash_start_location
                0x0000000000000000                _boot_sys_sram_flash_start_location = _irq_sys_sram_flash_end_location
                0xffffffffa1c00280                _boot_sys_sram_start = .
                0xffffffffa1c00280                _boot_sys_sram_txt_start = .

.bootsramtext   0xffffffffa1c00280        0x0
                0xffffffffa1c00280                . = ALIGN (0x10)
                0xffffffffa1c00280                _boot_sys_sram_txt_end = .
                0x0000000000000000                _boot_sys_sram_txt_size = (_boot_sys_sram_txt_end - _boot_sys_sram_txt_start)
                0xffffffffa1c00280                _boot_sys_sram_data_start = .

.bootsramdata   0xffffffffa1c00280        0x0
                0xffffffffa1c00280                . = ALIGN (0x10)
                0xffffffffa1c00280                _boot_sys_sram_txt_end = .
                0x0000000000000000                _boot_sys_sram_txt_size = (_boot_sys_sram_txt_end - _boot_sys_sram_txt_start)
                0xffffffffa1c00280                _boot_sys_sram_end = .
                0x0000000000000000                _boot_sys_sram_size = (_boot_sys_sram_end - _boot_sys_sram_start)
                0x0000000000000000                _boot_sys_sram_flash_end_location = _boot_sys_sram_flash_start_location
                0x0000000000000000                _sys_sram_flash_start_location = _boot_sys_sram_flash_end_location
                0xffffffffa1c00280                _sys_sram_start = .
                0xffffffffa1c00280                _sys_sram_cached_start = .
                0xffffffffa1c00280                _sys_sram_txt_start = .

.sramtext       0xffffffffa1c00280     0x2290
                0xffffffffa1c00280                _boot_sector = .
 *(.boot_sector_start)
 .boot_sector_start
                0xffffffffa1c00280      0x220 D:/rda5981/code/IoT-RDA5836_3.3/build/download_host_5856T_nolcd/platform/chip/5856/boot/lib/libboot_debug.a(boot_sector.o)
                0xffffffffa1c00280                boot_Sector
 *boot_sector.o(.text .text.* .rdata .rodata .rodata.*)
 *boot_sector_chip.o(.text .text.* .rdata .rodata .rodata.*)
 .text.boot_SectorFixRom
                0xffffffffa1c004a0        0x4 D:/rda5981/code/IoT-RDA5836_3.3/build/download_host_5856T_nolcd/platform/chip/5856/boot/lib/libboot_debug.a(boot_sector_chip.o)
                0xffffffffa1c004a1                boot_SectorFixRom
 .text.boot_SectorEnterBootMonitor
                0xffffffffa1c004a4       0x1c D:/rda5981/code/IoT-RDA5836_3.3/build/download_host_5856T_nolcd/platform/chip/5856/boot/lib/libboot_debug.a(boot_sector_chip.o)
                0xffffffffa1c004a5                boot_SectorEnterBootMonitor
 *(.boottext .bootrodata)
 .boottext      0xffffffffa1c004c0       0x18 D:/rda5981/code/IoT-RDA5836_3.3/build/download_host_5856T_nolcd/target/lib/libtarget_debug.a(target_config.o)
                0xffffffffa1c004c1                tgt_GetMemdFlashConfig
                0xffffffffa1c004cd                tgt_GetMemdRamConfig
 .bootrodata    0xffffffffa1c004d8       0x10 D:/rda5981/code/IoT-RDA5836_3.3/build/download_host_5856T_nolcd/target/lib/libtarget_debug.a(target_config.o)
                0xffffffffa1c004d8                g_tgtMemdFlashCfg
                0xffffffffa1c004e0                g_tgtMemdRamCfg
 .boottext      0xffffffffa1c004e8       0x20 D:/rda5981/code/IoT-RDA5836_3.3/build/download_host_5856T_nolcd/platform/edrv/memd/lib/libmemd_debug.a(drv_flsh.o)
                0xffffffffa1c004e9                memd_RamOpen
 .boottext      0xffffffffa1c00508        0x4 D:/rda5981/code/IoT-RDA5836_3.3/build/download_host_5856T_nolcd/platform/chip/5856/hal/lib/libhal_debug.a(hal_host.o)
                0xffffffffa1c00509                hal_HstSendEvent
 .boottext      0xffffffffa1c0050c       0xe0 D:/rda5981/code/IoT-RDA5836_3.3/build/download_host_5856T_nolcd/platform/chip/5856/hal/lib/libhal_debug.a(hal_sys.o)
                0xffffffffa1c0050d                hal_SysSetupNonePLL
                0xffffffffa1c00511                hal_SysSetupPLL
                0xffffffffa1c00555                hal_SysEnableClkOut
                0xffffffffa1c005a1                hal_SysEnable8KSampleRate
                0xffffffffa1c005bd                hal_SysGetChipId
 .boottext      0xffffffffa1c005ec       0x74 D:/rda5981/code/IoT-RDA5836_3.3/build/download_host_5856T_nolcd/platform/chip/5856/hal/lib/libhal_debug.a(hal_boot_sector_driver.o)
                0xffffffffa1c00615                hal_BootSectorSetEbcConfig
                0xffffffffa1c00635                hal_BootSectorSetEbcFreq
                0xffffffffa1c00649                hal_BootSectorSetEbcRamId
                0xffffffffa1c00655                hal_BootSectorGetEbcRamId
                0xffffffffa1c00660                _code_base = .
 *boot_loader.o(.text.boot_loader_start)
 .text.boot_loader_start
                0xffffffffa1c00660       0x3c D:/rda5981/code/IoT-RDA5836_3.3/build/download_host_5856T_nolcd/platform/chip/5856/boot/lib/libboot_debug.a(boot_loader.o)
                0xffffffffa1c00660                boot_LoaderEnter
 *boot_loader.o(.text .text.* .rdata .rodata .rodata.*)
 .text.boot_BreakBootMain
                0xffffffffa1c0069c       0x34 D:/rda5981/code/IoT-RDA5836_3.3/build/download_host_5856T_nolcd/platform/chip/5856/boot/lib/libboot_debug.a(boot_loader.o)
                0xffffffffa1c0069c                boot_BreakBootMain
 .text.boot_Loader
                0xffffffffa1c006d0      0x114 D:/rda5981/code/IoT-RDA5836_3.3/build/download_host_5856T_nolcd/platform/chip/5856/boot/lib/libboot_debug.a(boot_loader.o)
                0xffffffffa1c006d0                boot_Loader
 *(.bootsramtext)
 *(.bootramtext)
 *(.sramtext)
 *(.ram)
 *(.text .text.*)
 .text.fp_CheckDataBuffer
                0xffffffffa1c007e4       0x68 D:/rda5981/code/IoT-RDA5836_3.3/build/download_host_5856T_nolcd/platform/programmer/flash_prog/obj/debug/flash_programmer.o
                0xffffffffa1c007e4                fp_CheckDataBuffer
 .text.main     0xffffffffa1c0084c      0x82c D:/rda5981/code/IoT-RDA5836_3.3/build/download_host_5856T_nolcd/platform/programmer/flash_prog/obj/debug/flash_programmer.o
                0xffffffffa1c0084c                main
 .text.hal_DbgAssert
                0xffffffffa1c01078        0x8 D:/rda5981/code/IoT-RDA5836_3.3/build/download_host_5856T_nolcd/platform/programmer/flash_prog/obj/debug/stubbed_functions.o
                0xffffffffa1c01079                hal_DbgAssert
 .text.COS_MemInit
                0xffffffffa1c01080        0x4 D:/rda5981/code/IoT-RDA5836_3.3/build/download_host_5856T_nolcd/platform/programmer/flash_prog/obj/debug/stubbed_functions.o
                0xffffffffa1c01081                COS_MemInit
 .text.tgt_Open
                0xffffffffa1c01084       0x10 D:/rda5981/code/IoT-RDA5836_3.3/build/download_host_5856T_nolcd/target/lib/libtarget_debug.a(target_config.o)
                0xffffffffa1c01085                tgt_Open
 .text.memd_FlashGetSectorLimits
                0xffffffffa1c01094       0xd0 D:/rda5981/code/IoT-RDA5836_3.3/build/download_host_5856T_nolcd/platform/edrv/memd/lib/libmemd_debug.a(drv_flsh.o)
 .text.memd_FlashGetUserFieldInfo
                0xffffffffa1c01164       0x38 D:/rda5981/code/IoT-RDA5836_3.3/build/download_host_5856T_nolcd/platform/edrv/memd/lib/libmemd_debug.a(drv_flsh.o)
                0xffffffffa1c01165                memd_FlashGetUserFieldInfo
 .text.memd_FlashRst
                0xffffffffa1c0119c        0x4 D:/rda5981/code/IoT-RDA5836_3.3/build/download_host_5856T_nolcd/platform/edrv/memd/lib/libmemd_debug.a(drv_flsh.o)
                0xffffffffa1c0119d                memd_FlashRst
 .text.memd_FlashGetGlobalAddress
                0xffffffffa1c011a0       0x54 D:/rda5981/code/IoT-RDA5836_3.3/build/download_host_5856T_nolcd/platform/edrv/memd/lib/libmemd_debug.a(drv_flsh.o)
                0xffffffffa1c011a1                memd_FlashGetGlobalAddress
 .text.get_flash_ID
                0xffffffffa1c011f4       0x40 D:/rda5981/code/IoT-RDA5836_3.3/build/download_host_5856T_nolcd/platform/edrv/memd/lib/libmemd_debug.a(drv_flsh.o)
                0xffffffffa1c011f5                get_flash_ID
 .text.write_flash_status
                0xffffffffa1c01234       0x84 D:/rda5981/code/IoT-RDA5836_3.3/build/download_host_5856T_nolcd/platform/edrv/memd/lib/libmemd_debug.a(drv_flsh.o)
                0xffffffffa1c01235                write_flash_status
 .text.spi_flash_quard_ctrl
                0xffffffffa1c012b8       0x94 D:/rda5981/code/IoT-RDA5836_3.3/build/download_host_5856T_nolcd/platform/edrv/memd/lib/libmemd_debug.a(drv_flsh.o)
                0xffffffffa1c012b9                spi_flash_quard_ctrl
 .text.memd_FlashOpen
                0xffffffffa1c0134c      0x168 D:/rda5981/code/IoT-RDA5836_3.3/build/download_host_5856T_nolcd/platform/edrv/memd/lib/libmemd_debug.a(drv_flsh.o)
                0xffffffffa1c0134d                memd_FlashOpen
 .text.memd_FlashSetLayout
                0xffffffffa1c014b4       0x30 D:/rda5981/code/IoT-RDA5836_3.3/build/download_host_5856T_nolcd/platform/edrv/memd/lib/libmemd_debug.a(drv_flsh_map.o)
                0xffffffffa1c014b5                memd_FlashSetLayout
 .text.memset   0xffffffffa1c014e4       0x70 D:/rda5981/code/IoT-RDA5836_3.3/build/download_host_5856T_nolcd/platform/rtos/std/lib/libstd_debug.a(memset.o)
                0xffffffffa1c014e5                memset
 .text.pmd_OpalSpiWrite
                0xffffffffa1c01554       0x3c D:/rda5981/code/IoT-RDA5836_3.3/build/download_host_5856T_nolcd/platform/edrv/pmd/lib/libpmd_debug.a(pmd.o)
                0xffffffffa1c01555                pmd_OpalSpiWrite
 .text.pmd_RDAWrite
                0xffffffffa1c01590       0x14 D:/rda5981/code/IoT-RDA5836_3.3/build/download_host_5856T_nolcd/platform/edrv/pmd/lib/libpmd_debug.a(pmd.o)
                0xffffffffa1c01591                pmd_RDAWrite
 .text.pmd_SetCoreVoltage
                0xffffffffa1c015a4       0x8c D:/rda5981/code/IoT-RDA5836_3.3/build/download_host_5856T_nolcd/platform/edrv/pmd/lib/libpmd_debug.a(pmd.o)
                0xffffffffa1c015a5                pmd_SetCoreVoltage
 .text.pmd_EnableOpalLdo
                0xffffffffa1c01630      0x17c D:/rda5981/code/IoT-RDA5836_3.3/build/download_host_5856T_nolcd/platform/edrv/pmd/lib/libpmd_debug.a(pmd.o)
                0xffffffffa1c01631                pmd_EnableOpalLdo
 .text.pmd_EnableMemoryPower
                0xffffffffa1c017ac       0x20 D:/rda5981/code/IoT-RDA5836_3.3/build/download_host_5856T_nolcd/platform/edrv/pmd/lib/libpmd_debug.a(pmd.o)
                0xffffffffa1c017ad                pmd_EnableMemoryPower
 .text.hal_DmaDone
                0xffffffffa1c017cc       0x28 D:/rda5981/code/IoT-RDA5836_3.3/build/download_host_5856T_nolcd/platform/chip/5856/hal/lib/libhal_debug.a(hal_dma.o)
                0xffffffffa1c017cd                hal_DmaDone
 .text.hal_DmaReadFcs
                0xffffffffa1c017f4       0x14 D:/rda5981/code/IoT-RDA5836_3.3/build/download_host_5856T_nolcd/platform/chip/5856/hal/lib/libhal_debug.a(hal_dma.o)
                0xffffffffa1c017f5                hal_DmaReadFcs
 .text.hal_DmaStart
                0xffffffffa1c01808       0x94 D:/rda5981/code/IoT-RDA5836_3.3/build/download_host_5856T_nolcd/platform/chip/5856/hal/lib/libhal_debug.a(hal_dma.o)
                0xffffffffa1c01809                hal_DmaStart
 .text.hal_DmaStopStd
                0xffffffffa1c0189c       0xb0 D:/rda5981/code/IoT-RDA5836_3.3/build/download_host_5856T_nolcd/platform/chip/5856/hal/lib/libhal_debug.a(hal_dma.o)
 .text.hal_DmaFcsStart
                0xffffffffa1c0194c       0xb4 D:/rda5981/code/IoT-RDA5836_3.3/build/download_host_5856T_nolcd/platform/chip/5856/hal/lib/libhal_debug.a(hal_dma.o)
                0xffffffffa1c0194d                hal_DmaFcsStart
 .text.hal_EbcConfigRemap
                0xffffffffa1c01a00        0xc D:/rda5981/code/IoT-RDA5836_3.3/build/download_host_5856T_nolcd/platform/chip/5856/hal/lib/libhal_debug.a(hal_ebc.o)
                0xffffffffa1c01a01                hal_EbcConfigRemap
 .text.hal_EbcFlashOpen
                0xffffffffa1c01a0c        0xc D:/rda5981/code/IoT-RDA5836_3.3/build/download_host_5856T_nolcd/platform/chip/5856/hal/lib/libhal_debug.a(hal_ebc.o)
                0xffffffffa1c01a0d                hal_EbcFlashOpen
 .text.hal_EbcCsOpen
                0xffffffffa1c01a18       0xf0 D:/rda5981/code/IoT-RDA5836_3.3/build/download_host_5856T_nolcd/platform/chip/5856/hal/lib/libhal_debug.a(hal_ebc.o)
                0xffffffffa1c01a19                hal_EbcCsOpen
 .text.hal_HstWaitLastEventSent
                0xffffffffa1c01b08       0x24 D:/rda5981/code/IoT-RDA5836_3.3/build/download_host_5856T_nolcd/platform/chip/5856/hal/lib/libhal_debug.a(hal_host.o)
                0xffffffffa1c01b09                hal_HstWaitLastEventSent
 .text.hal_IspiTxFinished
                0xffffffffa1c01b2c       0x10 D:/rda5981/code/IoT-RDA5836_3.3/build/download_host_5856T_nolcd/platform/chip/5856/hal/lib/libhal_debug.a(hal_ispi.o)
                0xffffffffa1c01b2d                hal_IspiTxFinished
 .text.hal_IspiTxFifoAvail
                0xffffffffa1c01b3c       0x10 D:/rda5981/code/IoT-RDA5836_3.3/build/download_host_5856T_nolcd/platform/chip/5856/hal/lib/libhal_debug.a(hal_ispi.o)
                0xffffffffa1c01b3d                hal_IspiTxFifoAvail
 .text.hal_IspiSendData
                0xffffffffa1c01b4c       0x38 D:/rda5981/code/IoT-RDA5836_3.3/build/download_host_5856T_nolcd/platform/chip/5856/hal/lib/libhal_debug.a(hal_ispi.o)
                0xffffffffa1c01b4d                hal_IspiSendData
 .text.hal_MapEngineOpen
                0xffffffffa1c01b84       0x24 D:/rda5981/code/IoT-RDA5836_3.3/build/download_host_5856T_nolcd/platform/chip/5856/hal/lib/libhal_debug.a(hal_map_engine.o)
                0xffffffffa1c01b85                hal_MapEngineOpen
 .text.hal_MapEngineRegisterModule
                0xffffffffa1c01ba8       0x1c D:/rda5981/code/IoT-RDA5836_3.3/build/download_host_5856T_nolcd/platform/chip/5856/hal/lib/libhal_debug.a(hal_map_engine.o)
                0xffffffffa1c01ba9                hal_MapEngineRegisterModule
 .text.hal_SpiFlashInit
                0xffffffffa1c01bc4       0x74 D:/rda5981/code/IoT-RDA5836_3.3/build/download_host_5856T_nolcd/platform/chip/5856/hal/lib/libhal_debug.a(hal_spi_flash.o)
                0xffffffffa1c01bc5                hal_SpiFlashInit
 .text.hal_SysCallFreqChangeHandlers
                0xffffffffa1c01c38       0x34 D:/rda5981/code/IoT-RDA5836_3.3/build/download_host_5856T_nolcd/platform/chip/5856/hal/lib/libhal_debug.a(hal_sys.o)
 .text.hal_SysGetFreq
                0xffffffffa1c01c6c        0xc D:/rda5981/code/IoT-RDA5836_3.3/build/download_host_5856T_nolcd/platform/chip/5856/hal/lib/libhal_debug.a(hal_sys.o)
                0xffffffffa1c01c6d                hal_SysGetFreq
 .text.hal_SysGetFrequencyConfiguration
                0xffffffffa1c01c78       0xf0 D:/rda5981/code/IoT-RDA5836_3.3/build/download_host_5856T_nolcd/platform/chip/5856/hal/lib/libhal_debug.a(hal_sys.o)
 .text.hal_SysExitCriticalSection
                0xffffffffa1c01d68        0xc D:/rda5981/code/IoT-RDA5836_3.3/build/download_host_5856T_nolcd/platform/chip/5856/hal/lib/libhal_debug.a(hal_sys.o)
                0xffffffffa1c01d69                hal_SysExitCriticalSection
 .text.hal_SysEnterCriticalSection
                0xffffffffa1c01d74        0xc D:/rda5981/code/IoT-RDA5836_3.3/build/download_host_5856T_nolcd/platform/chip/5856/hal/lib/libhal_debug.a(hal_sys.o)
                0xffffffffa1c01d75                hal_SysEnterCriticalSection
 .text.hal_SysResetOut
                0xffffffffa1c01d80       0x48 D:/rda5981/code/IoT-RDA5836_3.3/build/download_host_5856T_nolcd/platform/chip/5856/hal/lib/libhal_debug.a(hal_sys.o)
                0xffffffffa1c01d81                hal_SysResetOut
 .text.hal_SysSetSpiFlashClock
                0xffffffffa1c01dc8       0xf4 D:/rda5981/code/IoT-RDA5836_3.3/build/download_host_5856T_nolcd/platform/chip/5856/hal/lib/libhal_debug.a(hal_sys.o)
                0xffffffffa1c01dc9                hal_SysSetSpiFlashClock
 .text.hal_SysSoftReset
                0xffffffffa1c01ebc       0x24 D:/rda5981/code/IoT-RDA5836_3.3/build/download_host_5856T_nolcd/platform/chip/5856/hal/lib/libhal_debug.a(hal_sys.o)
                0xffffffffa1c01ebd                hal_SysSoftReset
 .text.hal_SysChangeSystemClockByOneStep
                0xffffffffa1c01ee0       0x6c D:/rda5981/code/IoT-RDA5836_3.3/build/download_host_5856T_nolcd/platform/chip/5856/hal/lib/libhal_debug.a(hal_sys.o)
 .text.hal_SysFSF2SF
                0xffffffffa1c01f4c       0x9c D:/rda5981/code/IoT-RDA5836_3.3/build/download_host_5856T_nolcd/platform/chip/5856/hal/lib/libhal_debug.a(hal_sys.o)
                0xffffffffa1c01f4d                hal_SysFSF2SF
 .text.hal_SysSF2FSF
                0xffffffffa1c01fe8       0xa8 D:/rda5981/code/IoT-RDA5836_3.3/build/download_host_5856T_nolcd/platform/chip/5856/hal/lib/libhal_debug.a(hal_sys.o)
                0xffffffffa1c01fe9                hal_SysSF2FSF
 .text.hal_SysRestart
                0xffffffffa1c02090       0x38 D:/rda5981/code/IoT-RDA5836_3.3/build/download_host_5856T_nolcd/platform/chip/5856/hal/lib/libhal_debug.a(hal_sys.o)
                0xffffffffa1c02091                hal_SysRestart
 .text.hal_SysUpdateSystemFrequency
                0xffffffffa1c020c8      0x178 D:/rda5981/code/IoT-RDA5836_3.3/build/download_host_5856T_nolcd/platform/chip/5856/hal/lib/libhal_debug.a(hal_sys.o)
                0xffffffffa1c020c9                hal_SysUpdateSystemFrequency
 .text.hal_SysRequestFreq
                0xffffffffa1c02240       0x70 D:/rda5981/code/IoT-RDA5836_3.3/build/download_host_5856T_nolcd/platform/chip/5856/hal/lib/libhal_debug.a(hal_sys.o)
                0xffffffffa1c02241                hal_SysRequestFreq
 .text.hal_UsbResetTransfert
                0xffffffffa1c022b0       0x28 D:/rda5981/code/IoT-RDA5836_3.3/build/download_host_5856T_nolcd/platform/chip/5856/hal/lib/libhal_debug.a(hal_usb_mgc.o)
 .text.hal_UsbDisableEp
                0xffffffffa1c022d8       0x5c D:/rda5981/code/IoT-RDA5836_3.3/build/download_host_5856T_nolcd/platform/chip/5856/hal/lib/libhal_debug.a(hal_usb_mgc.o)
 .text.hal_UsbClrConfig
                0xffffffffa1c02334       0xa4 D:/rda5981/code/IoT-RDA5836_3.3/build/download_host_5856T_nolcd/platform/chip/5856/hal/lib/libhal_debug.a(hal_usb_mgc.o)
 .text.hal_UsbInit
                0xffffffffa1c023d8       0x34 D:/rda5981/code/IoT-RDA5836_3.3/build/download_host_5856T_nolcd/platform/chip/5856/hal/lib/libhal_debug.a(hal_usb_mgc.o)
 .text.hal_UsbConfig
                0xffffffffa1c0240c       0xa0 D:/rda5981/code/IoT-RDA5836_3.3/build/download_host_5856T_nolcd/platform/chip/5856/hal/lib/libhal_debug.a(hal_usb_mgc.o)
 .text.hal_UsbReset
                0xffffffffa1c024ac       0x20 D:/rda5981/code/IoT-RDA5836_3.3/build/download_host_5856T_nolcd/platform/chip/5856/hal/lib/libhal_debug.a(hal_usb_mgc.o)
                0xffffffffa1c024ad                hal_UsbReset
 .text.hal_LpsClockSysChangeAllowed
                0xffffffffa1c024cc       0x2c D:/rda5981/code/IoT-RDA5836_3.3/build/download_host_5856T_nolcd/platform/chip/5856/hal/lib/libhal_debug.a(hal_lps.o)
                0xffffffffa1c024cd                hal_LpsClockSysChangeAllowed
 .text.musb_select_ep
                0xffffffffa1c024f8       0x18 D:/rda5981/code/IoT-RDA5836_3.3/build/download_host_5856T_nolcd/platform/chip/5856/hal/lib/libhal_debug.a(hal_musb_core.o)
                0xffffffffa1c024f9                musb_select_ep
                0xffffffffa1c02510                . = ALIGN (0x10)
                0xffffffffa1c02510                _sys_sram_txt_end = .
                0x0000000000002290                _sys_sram_txt_size = (_sys_sram_txt_end - _sys_sram_start)

.sramdata       0xffffffffa1c02510      0x360
                0xffffffffa1c02510                _sys_sram_data_start = .
 *(.bootsramdata)
 *(.bootdata)
 *(.sramdata)
 .sramdata      0xffffffffa1c02510        0x8 D:/rda5981/code/IoT-RDA5836_3.3/build/download_host_5856T_nolcd/platform/edrv/pmd/lib/libpmd_debug.a(pmd.o)
 .sramdata      0xffffffffa1c02518        0x8 D:/rda5981/code/IoT-RDA5836_3.3/build/download_host_5856T_nolcd/platform/chip/5856/hal/lib/libhal_debug.a(hal_ispi.o)
 *(.srrodata)
 *(.rodata.*)
 .rodata.str1.4
                0xffffffffa1c02520       0x1b D:/rda5981/code/IoT-RDA5836_3.3/build/download_host_5856T_nolcd/platform/programmer/flash_prog/obj/debug/flash_programmer.o
                                         0x1c (size before relaxing)
 *fill*         0xffffffffa1c0253b        0x1 00
 .rodata.dataAry.2749
                0xffffffffa1c0253c       0x18 D:/rda5981/code/IoT-RDA5836_3.3/build/download_host_5856T_nolcd/platform/programmer/flash_prog/obj/debug/flash_programmer.o
 .rodata.pattern.2748
                0xffffffffa1c02554       0x10 D:/rda5981/code/IoT-RDA5836_3.3/build/download_host_5856T_nolcd/platform/programmer/flash_prog/obj/debug/flash_programmer.o
 .rodata.g_tgtSxNbCfg
                0xffffffffa1c02564       0x24 D:/rda5981/code/IoT-RDA5836_3.3/build/download_host_5856T_nolcd/target/lib/libtarget_debug.a(target_config.o)
                0xffffffffa1c02564                g_tgtSxNbCfg
 .rodata.g_memdFlashBankLayout
                0xffffffffa1c02588       0x1c D:/rda5981/code/IoT-RDA5836_3.3/build/download_host_5856T_nolcd/platform/edrv/memd/lib/libmemd_debug.a(drv_flsh_map.o)
                0xffffffffa1c02588                g_memdFlashBankLayout
 .rodata.str1.4
                0xffffffffa1c025a4        0x9 D:/rda5981/code/IoT-RDA5836_3.3/build/download_host_5856T_nolcd/platform/edrv/pmd/lib/libpmd_debug.a(pmd.o)
                                          0xc (size before relaxing)
 *fill*         0xffffffffa1c025ad        0x3 00
 .rodata.CSWTCH.2
                0xffffffffa1c025b0        0x8 D:/rda5981/code/IoT-RDA5836_3.3/build/download_host_5856T_nolcd/platform/chip/5856/hal/lib/libhal_debug.a(hal_spi_flash.o)
 .rodata.str1.4
                0xffffffffa1c025b8       0xd1 D:/rda5981/code/IoT-RDA5836_3.3/build/download_host_5856T_nolcd/platform/chip/5856/hal/lib/libhal_debug.a(hal_sys.o)
                                         0xd4 (size before relaxing)
 *fill*         0xffffffffa1c02689        0x3 00
 .rodata.g_halSysFreqSteps
                0xffffffffa1c0268c       0x18 D:/rda5981/code/IoT-RDA5836_3.3/build/download_host_5856T_nolcd/platform/chip/5856/hal/lib/libhal_debug.a(hal_sys.o)
 .rodata.CSWTCH.56
                0xffffffffa1c026a4       0x38 D:/rda5981/code/IoT-RDA5836_3.3/build/download_host_5856T_nolcd/platform/chip/5856/hal/lib/libhal_debug.a(hal_sys.o)
 .rodata.str1.4
                0xffffffffa1c026dc       0x60 D:/rda5981/code/IoT-RDA5836_3.3/build/download_host_5856T_nolcd/platform/chip/5856/hal/lib/libhal_debug.a(hal_usb_mgc.o)
 *(.rodata)
 *(.sdata2.*)
 *(.sdata2)
 *(.sdata.*)
 *(.sdata)
 *(.data.*)
 .data.g_flashProgVersion
                0xffffffffa1c0273c       0x10 D:/rda5981/code/IoT-RDA5836_3.3/build/download_host_5856T_nolcd/platform/programmer/flash_prog/obj/debug/flash_programmer.o
                0xffffffffa1c0273c                g_flashProgVersion
 .data.g_flashProgDescr
                0xffffffffa1c0274c       0x3c D:/rda5981/code/IoT-RDA5836_3.3/build/download_host_5856T_nolcd/platform/programmer/flash_prog/obj/debug/flash_programmer.o
                0xffffffffa1c0274c                g_flashProgDescr
 .data.g_dif_opcode_suspend
                0xffffffffa1c02788        0x1 D:/rda5981/code/IoT-RDA5836_3.3/build/download_host_5856T_nolcd/platform/edrv/memd/lib/libmemd_debug.a(drv_flsh.o)
                0xffffffffa1c02788                g_dif_opcode_suspend
 .data.g_dif_opcode_resume
                0xffffffffa1c02789        0x1 D:/rda5981/code/IoT-RDA5836_3.3/build/download_host_5856T_nolcd/platform/edrv/memd/lib/libmemd_debug.a(drv_flsh.o)
                0xffffffffa1c02789                g_dif_opcode_resume
 .data.g_dif_opcode_enable_QPI
                0xffffffffa1c0278a        0x1 D:/rda5981/code/IoT-RDA5836_3.3/build/download_host_5856T_nolcd/platform/edrv/memd/lib/libmemd_debug.a(drv_flsh.o)
                0xffffffffa1c0278a                g_dif_opcode_enable_QPI
 .data.g_dif_opcode_disable_QPI
                0xffffffffa1c0278b        0x1 D:/rda5981/code/IoT-RDA5836_3.3/build/download_host_5856T_nolcd/platform/edrv/memd/lib/libmemd_debug.a(drv_flsh.o)
                0xffffffffa1c0278b                g_dif_opcode_disable_QPI
 .data.g_dif_opcode_enable_RST
                0xffffffffa1c0278c        0x1 D:/rda5981/code/IoT-RDA5836_3.3/build/download_host_5856T_nolcd/platform/edrv/memd/lib/libmemd_debug.a(drv_flsh.o)
                0xffffffffa1c0278c                g_dif_opcode_enable_RST
 .data.g_dif_opcode_execute_RST
                0xffffffffa1c0278d        0x1 D:/rda5981/code/IoT-RDA5836_3.3/build/download_host_5856T_nolcd/platform/edrv/memd/lib/libmemd_debug.a(drv_flsh.o)
                0xffffffffa1c0278d                g_dif_opcode_execute_RST
 *fill*         0xffffffffa1c0278e        0x2 00
 .data.g_pmdLdoProfileSetting2
                0xffffffffa1c02790        0x4 D:/rda5981/code/IoT-RDA5836_3.3/build/download_host_5856T_nolcd/platform/edrv/pmd/lib/libpmd_debug.a(pmd.o)
 .data.g_pmdLdoProfileSetting1
                0xffffffffa1c02794        0x4 D:/rda5981/code/IoT-RDA5836_3.3/build/download_host_5856T_nolcd/platform/edrv/pmd/lib/libpmd_debug.a(pmd.o)
 .data.g_halSysSystemFreq
                0xffffffffa1c02798        0x4 D:/rda5981/code/IoT-RDA5836_3.3/build/download_host_5856T_nolcd/platform/chip/5856/hal/lib/libhal_debug.a(hal_sys.o)
                0xffffffffa1c02798                g_halSysSystemFreq
 .data.g_HalUsbVar
                0xffffffffa1c0279c       0xcc D:/rda5981/code/IoT-RDA5836_3.3/build/download_host_5856T_nolcd/platform/chip/5856/hal/lib/libhal_debug.a(hal_usb_mgc.o)
 .data.gUsbRegs
                0xffffffffa1c02868        0x4 D:/rda5981/code/IoT-RDA5836_3.3/build/download_host_5856T_nolcd/platform/chip/5856/hal/lib/libhal_debug.a(hal_musb_core.o)
                0xffffffffa1c02868                gUsbRegs
 *(.data)
                0xffffffffa1c02870                . = ALIGN (0x10)
 *fill*         0xffffffffa1c0286c        0x4 00
                0xffffffffa1c02870                _sys_sram_data_end = .
                0xffffffffa1c02870                _sys_sram_cached_end = .
                0x0000000000000360                _sys_sram_data_size = (_sys_sram_data_end - _sys_sram_data_start)
                0x00000000000025f0                _sys_sram_cached_size = (_sys_sram_cached_end - _sys_sram_cached_start)
                0xffffffffa1c02870                . = (. + 0x0)

.sramucdata     0xffffffffa1c02870       0x20
                0xffffffffa1c02870                _sys_sram_uncached_start = .
 *(.sramucdata)
 *(.srroucdata)
 *(.ucdata)
 *(.backup)
 *(.rel.dyn)
 .rel.dyn       0xffffffffa1c02870       0x20 D:/rda5981/code/IoT-RDA5836_3.3/build/download_host_5856T_nolcd/platform/programmer/flash_prog/obj/debug/flash_programmer.o
                0xffffffffa1c02890                . = ALIGN (0x10)
                0xffffffffa1c02890                _sys_sram_uncached_end = .
                0x0000000000000020                _sys_sram_uncached_size = (_sys_sram_uncached_end - _sys_sram_uncached_start)
                0xffffffffa1c02890                . = (. - 0x0)
                0xffffffffa1c02890                _sys_sram_end = .
                0x0000000000002610                _sys_sram_size = (_sys_sram_end - _sys_sram_start)
                0x0000000000000000                _sys_sram_flash_end_location = _sys_sram_flash_start_location
                0xffffffffa1c02890                _sys_sram_bss_start = .
                0xffffffffa1c02890                . = (. + 0x0)

.sramucbss      0xffffffffa1c02890     0x6000
 *(.ucbss)
 *(.sramucbss)
 *(.ramucbss)
 .ramucbss      0xffffffffa1c02890     0x6000 D:/rda5981/code/IoT-RDA5836_3.3/build/download_host_5856T_nolcd/platform/programmer/flash_prog/obj/debug/flash_programmer.o
                0xffffffffa1c02890                g_dataBufferA
                0xffffffffa1c04890                g_dataBufferB
                0xffffffffa1c06890                g_dataBufferC
                0xffffffffa1c08890                . = ALIGN (0x10)
                0xffffffffa1c08890                . = (. - 0x0)

.srambss        0xffffffffa1c08890      0x420
 *(.bootbss)
 *(.srambss)
 *(.sbss .sbss.* .gnu.linkonce.sb.*)
 *(.sbss2 .sbss2.* .gnu.linkonce.sb2.*)
 *(.scommon)
 .scommon       0xffffffffa1c08890        0x8 D:/rda5981/code/IoT-RDA5836_3.3/build/download_host_5856T_nolcd/platform/programmer/flash_prog/obj/debug/stubbed_functions.o
                0xffffffffa1c08890                sxs_Boot
                0xffffffffa1c08894                _ram_heap_size
 .scommon       0xffffffffa1c08898        0x0 D:/rda5981/code/IoT-RDA5836_3.3/build/download_host_5856T_nolcd/platform/edrv/memd/lib/libmemd_debug.a(drv_flsh.o)
 .scommon       0xffffffffa1c08898        0x8 D:/rda5981/code/IoT-RDA5836_3.3/build/download_host_5856T_nolcd/platform/edrv/pmd/lib/libpmd_debug.a(pmd.o)
                0xffffffffa1c08898                g_pmdConfig
                0xffffffffa1c0889c                error
 .scommon       0xffffffffa1c088a0        0x0 D:/rda5981/code/IoT-RDA5836_3.3/build/download_host_5856T_nolcd/platform/chip/5856/hal/lib/libhal_debug.a(hal_config.o)
 .scommon       0xffffffffa1c088a0        0x1 D:/rda5981/code/IoT-RDA5836_3.3/build/download_host_5856T_nolcd/platform/chip/5856/hal/lib/libhal_debug.a(hal_usb_mgc.o)
                0xffffffffa1c088a0                g_sys_timer_id_usb_detect
 *(.dynbss)
 *(.bss .bss.* .gnu.linkonce.b.*)
 *fill*         0xffffffffa1c088a1        0x3 00
 .bss.p_flsh_config
                0xffffffffa1c088a4       0x10 D:/rda5981/code/IoT-RDA5836_3.3/build/download_host_5856T_nolcd/platform/edrv/memd/lib/libmemd_debug.a(drv_flsh.o)
 .bss.g_pmdInitDone
                0xffffffffa1c088b4        0x1 D:/rda5981/code/IoT-RDA5836_3.3/build/download_host_5856T_nolcd/platform/edrv/pmd/lib/libpmd_debug.a(pmd.o)
 *fill*         0xffffffffa1c088b5        0x3 00
 .bss.g_pmdDcdcVcoreValueActiveAry
                0xffffffffa1c088b8        0x4 D:/rda5981/code/IoT-RDA5836_3.3/build/download_host_5856T_nolcd/platform/edrv/pmd/lib/libpmd_debug.a(pmd.o)
 .bss.g_pmdDcdcVcoreActRegistry
                0xffffffffa1c088bc        0x8 D:/rda5981/code/IoT-RDA5836_3.3/build/download_host_5856T_nolcd/platform/edrv/pmd/lib/libpmd_debug.a(pmd.o)
 .bss.g_pmdDcdcVcoreActCurIndex
                0xffffffffa1c088c4        0x1 D:/rda5981/code/IoT-RDA5836_3.3/build/download_host_5856T_nolcd/platform/edrv/pmd/lib/libpmd_debug.a(pmd.o)
 *fill*         0xffffffffa1c088c5        0x3 00
 .bss.g_pmdLdoUserBitmap
                0xffffffffa1c088c8       0x34 D:/rda5981/code/IoT-RDA5836_3.3/build/download_host_5856T_nolcd/platform/edrv/pmd/lib/libpmd_debug.a(pmd.o)
 .bss.g_halDmaUserId
                0xffffffffa1c088fc        0x4 D:/rda5981/code/IoT-RDA5836_3.3/build/download_host_5856T_nolcd/platform/chip/5856/hal/lib/libhal_debug.a(hal_dma.o)
                0xffffffffa1c088fc                g_halDmaUserId
 .bss.g_halDmaMode
                0xffffffffa1c08900        0x4 D:/rda5981/code/IoT-RDA5836_3.3/build/download_host_5856T_nolcd/platform/chip/5856/hal/lib/libhal_debug.a(hal_dma.o)
                0xffffffffa1c08900                g_halDmaMode
 .bss.g_halDmaRegistry
                0xffffffffa1c08904        0x4 D:/rda5981/code/IoT-RDA5836_3.3/build/download_host_5856T_nolcd/platform/chip/5856/hal/lib/libhal_debug.a(hal_dma.o)
                0xffffffffa1c08904                g_halDmaRegistry
 .bss           0xffffffffa1c08908       0xd0 D:/rda5981/code/IoT-RDA5836_3.3/build/download_host_5856T_nolcd/platform/chip/5856/hal/lib/libhal_debug.a(hal_map_engine.o)
                0xffffffffa1c08908                g_halMapTable
 .bss.g_halSysFreqHandlerRegistry
                0xffffffffa1c089d8       0x90 D:/rda5981/code/IoT-RDA5836_3.3/build/download_host_5856T_nolcd/platform/chip/5856/hal/lib/libhal_debug.a(hal_sys.o)
 .bss.g_halLpsSleptBefore
                0xffffffffa1c08a68        0x1 D:/rda5981/code/IoT-RDA5836_3.3/build/download_host_5856T_nolcd/platform/chip/5856/hal/lib/libhal_debug.a(hal_lps.o)
                0xffffffffa1c08a68                g_halLpsSleptBefore
 *(COMMON)
 *fill*         0xffffffffa1c08a69        0x3 00
 COMMON         0xffffffffa1c08a6c      0x20c D:/rda5981/code/IoT-RDA5836_3.3/build/download_host_5856T_nolcd/platform/edrv/memd/lib/libmemd_debug.a(drv_flsh.o)
                0xffffffffa1c08a6c                g_spiflash_ID
                0xffffffffa1c08a78                fp_checkflashpages
 COMMON         0xffffffffa1c08c78       0x34 D:/rda5981/code/IoT-RDA5836_3.3/build/download_host_5856T_nolcd/platform/chip/5856/hal/lib/libhal_debug.a(hal_sys.o)
                0xffffffffa1c08c78                g_halSysFreqScalRegistry
                0xffffffffa1c08ca0                g_halNumberOfUserPerFreq
                0xffffffffa1c08cb0                . = ALIGN (0x10)
 *fill*         0xffffffffa1c08cac        0x4 00
                0xffffffffa1c08cb0                _sys_sram_bss_end = .
                0x0000000000006420                _sys_sram_bss_size = (_sys_sram_bss_end - _sys_sram_bss_start)

.heap           0xffffffffa1c08cb0        0x0
 *cos_mem.o(.mempool)
                0xffffffffa1c08cb0                _sys_sram_heap_start = .
                0xffffffffa1c0fffc                _sys_sram_top = 0xffffffffa1c0fffc
                0xffffffffa1c0f17c                _sys_sram_heap_end = ((_sys_sram_top - 0x80) - 0xe00)
                0x00000000000064cc                _sys_sram_heap_size = (_sys_sram_heap_end - _sys_sram_heap_start)
                0x0000000000000001                ASSERT ((ABSOLUTE (_sys_sram_heap_end) > ABSOLUTE (_sys_sram_heap_start)), Internal SRAM overflow !)
                0x0000000000000080                _sys_sram_irq_stackwatch_size = 0x80
                0xffffffffa1c0f17c                _sys_sram_irq_stackwatch_start = _sys_sram_heap_end
                0xffffffffa1c0f1fc                _sys_sram_irq_stackwatch_end = (_sys_sram_irq_stackwatch_start + _sys_sram_irq_stackwatch_size)

.misc           0xffffffffa1c08cb0        0x0
 *(.misc)
                0xffffffffa1c08cb0                . = ALIGN (0x10)

.debug
 *(EXCLUDE_FILE(*.elf) .debug)

.line
 *(EXCLUDE_FILE(*.elf) .line)

.debug_srcinfo
 *(EXCLUDE_FILE(*.elf) .debug_srcinfo)

.debug_sfnames
 *(EXCLUDE_FILE(*.elf) .debug_sfnames)

.debug_aranges  0x0000000000000000     0x1cf0
 *(EXCLUDE_FILE(*.elf) .debug_aranges)
 .debug_aranges
                0x0000000000000000       0x28 D:/rda5981/code/IoT-RDA5836_3.3/build/download_host_5856T_nolcd/platform/programmer/flash_prog/obj/debug/flash_programmer.o
 .debug_aranges
                0x0000000000000028      0x390 D:/rda5981/code/IoT-RDA5836_3.3/build/download_host_5856T_nolcd/platform/programmer/flash_prog/obj/debug/stubbed_functions.o
 .debug_aranges
                0x00000000000003b8      0x128 D:/rda5981/code/IoT-RDA5836_3.3/build/download_host_5856T_nolcd/target/lib/libtarget_debug.a(target_config.o)
 .debug_aranges
                0x00000000000004e0      0x160 D:/rda5981/code/IoT-RDA5836_3.3/build/download_host_5856T_nolcd/platform/edrv/memd/lib/libmemd_debug.a(drv_flsh.o)
 .debug_aranges
                0x0000000000000640       0x20 D:/rda5981/code/IoT-RDA5836_3.3/build/download_host_5856T_nolcd/platform/edrv/memd/lib/libmemd_debug.a(drv_flsh_map.o)
 .debug_aranges
                0x0000000000000660       0x20 D:/rda5981/code/IoT-RDA5836_3.3/build/download_host_5856T_nolcd/platform/edrv/memd/lib/libmemd_debug.a(memd_map.o)
 .debug_aranges
                0x0000000000000680       0x20 D:/rda5981/code/IoT-RDA5836_3.3/build/download_host_5856T_nolcd/platform/rtos/std/lib/libstd_debug.a(memcmp.o)
 .debug_aranges
                0x00000000000006a0       0x20 D:/rda5981/code/IoT-RDA5836_3.3/build/download_host_5856T_nolcd/platform/rtos/std/lib/libstd_debug.a(memset.o)
 .debug_aranges
                0x00000000000006c0      0x240 D:/rda5981/code/IoT-RDA5836_3.3/build/download_host_5856T_nolcd/platform/edrv/pmd/lib/libpmd_debug.a(pmd.o)
 .debug_aranges
                0x0000000000000900       0xf0 D:/rda5981/code/IoT-RDA5836_3.3/build/download_host_5856T_nolcd/platform/edrv/pmd/lib/libpmd_debug.a(pmd_charger.o)
 .debug_aranges
                0x00000000000009f0       0x20 D:/rda5981/code/IoT-RDA5836_3.3/build/download_host_5856T_nolcd/platform/edrv/pmd/lib/libpmd_debug.a(pmd_map.o)
 .debug_aranges
                0x0000000000000a10       0x80 D:/rda5981/code/IoT-RDA5836_3.3/build/download_host_5856T_nolcd/platform/chip/5856/hal/lib/libhal_debug.a(hal_ana_gpadc.o)
 .debug_aranges
                0x0000000000000a90       0x50 D:/rda5981/code/IoT-RDA5836_3.3/build/download_host_5856T_nolcd/platform/chip/5856/hal/lib/libhal_debug.a(hal_config.o)
 .debug_aranges
                0x0000000000000ae0       0x68 D:/rda5981/code/IoT-RDA5836_3.3/build/download_host_5856T_nolcd/platform/chip/5856/hal/lib/libhal_debug.a(hal_dma.o)
 .debug_aranges
                0x0000000000000b48       0x58 D:/rda5981/code/IoT-RDA5836_3.3/build/download_host_5856T_nolcd/platform/chip/5856/hal/lib/libhal_debug.a(hal_ebc.o)
 .debug_aranges
                0x0000000000000ba0       0xe0 D:/rda5981/code/IoT-RDA5836_3.3/build/download_host_5856T_nolcd/platform/chip/5856/hal/lib/libhal_debug.a(hal_gpio.o)
 .debug_aranges
                0x0000000000000c80       0x28 D:/rda5981/code/IoT-RDA5836_3.3/build/download_host_5856T_nolcd/platform/chip/5856/hal/lib/libhal_debug.a(hal_host.o)
 .debug_aranges
                0x0000000000000ca8       0xc0 D:/rda5981/code/IoT-RDA5836_3.3/build/download_host_5856T_nolcd/platform/chip/5856/hal/lib/libhal_debug.a(hal_ispi.o)
 .debug_aranges
                0x0000000000000d68       0x20 D:/rda5981/code/IoT-RDA5836_3.3/build/download_host_5856T_nolcd/platform/chip/5856/hal/lib/libhal_debug.a(hal_map.o)
 .debug_aranges
                0x0000000000000d88       0x40 D:/rda5981/code/IoT-RDA5836_3.3/build/download_host_5856T_nolcd/platform/chip/5856/hal/lib/libhal_debug.a(hal_map_engine.o)
 .debug_aranges
                0x0000000000000dc8       0x70 D:/rda5981/code/IoT-RDA5836_3.3/build/download_host_5856T_nolcd/platform/chip/5856/hal/lib/libhal_debug.a(hal_rda_abb.o)
 .debug_aranges
                0x0000000000000e38      0x100 D:/rda5981/code/IoT-RDA5836_3.3/build/download_host_5856T_nolcd/platform/chip/5856/hal/lib/libhal_debug.a(hal_rda_audio.o)
 .debug_aranges
                0x0000000000000f38       0x90 D:/rda5981/code/IoT-RDA5836_3.3/build/download_host_5856T_nolcd/platform/chip/5856/hal/lib/libhal_debug.a(hal_spi_flash.o)
 .debug_aranges
                0x0000000000000fc8      0x180 D:/rda5981/code/IoT-RDA5836_3.3/build/download_host_5856T_nolcd/platform/chip/5856/hal/lib/libhal_debug.a(hal_sys.o)
 .debug_aranges
                0x0000000000001148       0xa8 D:/rda5981/code/IoT-RDA5836_3.3/build/download_host_5856T_nolcd/platform/chip/5856/hal/lib/libhal_debug.a(hal_tcu.o)
 .debug_aranges
                0x00000000000011f0      0x148 D:/rda5981/code/IoT-RDA5836_3.3/build/download_host_5856T_nolcd/platform/chip/5856/hal/lib/libhal_debug.a(hal_usb_mgc.o)
 .debug_aranges
                0x0000000000001338       0xa0 D:/rda5981/code/IoT-RDA5836_3.3/build/download_host_5856T_nolcd/platform/chip/5856/hal/lib/libhal_debug.a(hal_usbhost_mgc.o)
 .debug_aranges
                0x00000000000013d8       0x80 D:/rda5981/code/IoT-RDA5836_3.3/build/download_host_5856T_nolcd/platform/chip/5856/hal/lib/libhal_debug.a(hal_abb_config.o)
 .debug_aranges
                0x0000000000001458       0x60 D:/rda5981/code/IoT-RDA5836_3.3/build/download_host_5856T_nolcd/platform/chip/5856/hal/lib/libhal_debug.a(hal_boot_sector_driver.o)
 .debug_aranges
                0x00000000000014b8       0xc0 D:/rda5981/code/IoT-RDA5836_3.3/build/download_host_5856T_nolcd/platform/chip/5856/hal/lib/libhal_debug.a(hal_gdb_stub.o)
 .debug_aranges
                0x0000000000001578       0x38 D:/rda5981/code/IoT-RDA5836_3.3/build/download_host_5856T_nolcd/platform/chip/5856/hal/lib/libhal_debug.a(hal_host_ram.o)
 .debug_aranges
                0x00000000000015b0       0xa8 D:/rda5981/code/IoT-RDA5836_3.3/build/download_host_5856T_nolcd/platform/chip/5856/hal/lib/libhal_debug.a(hal_lps.o)
 .debug_aranges
                0x0000000000001658       0x30 D:/rda5981/code/IoT-RDA5836_3.3/build/download_host_5856T_nolcd/platform/chip/5856/hal/lib/libhal_debug.a(hal_musb_core.o)
 .debug_aranges
                0x0000000000001688       0x40 D:/rda5981/code/IoT-RDA5836_3.3/build/download_host_5856T_nolcd/platform/chip/5856/hal/lib/libhal_debug.a(hal_musb_dma.o)
 .debug_aranges
                0x00000000000016c8       0x50 D:/rda5981/code/IoT-RDA5836_3.3/build/download_host_5856T_nolcd/platform/chip/5856/hal/lib/libhal_debug.a(hal_page_spy.o)
 .debug_aranges
                0x0000000000001718       0xf8 D:/rda5981/code/IoT-RDA5836_3.3/build/download_host_5856T_nolcd/platform/chip/5856/hal/lib/libhal_debug.a(hal_rfspi.o)
 .debug_aranges
                0x0000000000001810       0xa8 D:/rda5981/code/IoT-RDA5836_3.3/build/download_host_5856T_nolcd/platform/chip/5856/hal/lib/libhal_debug.a(hal_timer.o)
 .debug_aranges
                0x00000000000018b8       0x88 D:/rda5981/code/IoT-RDA5836_3.3/build/download_host_5856T_nolcd/platform/chip/5856/hal/lib/libhal_debug.a(hal_bt.o)
 .debug_aranges
                0x0000000000001940       0x28 D:/rda5981/code/IoT-RDA5836_3.3/build/download_host_5856T_nolcd/platform/chip/5856/hal/lib/libhal_debug.a(hal_flash.o)
 .debug_aranges
                0x0000000000001968       0xd8 D:/rda5981/code/IoT-RDA5836_3.3/build/download_host_5856T_nolcd/platform/chip/5856/boot/lib/libboot_debug.a(boot_ispi.o)
 .debug_aranges
                0x0000000000001a40       0x40 D:/rda5981/code/IoT-RDA5836_3.3/build/download_host_5856T_nolcd/platform/chip/5856/boot/lib/libboot_debug.a(boot_loader.o)
 .debug_aranges
                0x0000000000001a80       0x28 D:/rda5981/code/IoT-RDA5836_3.3/build/download_host_5856T_nolcd/platform/chip/5856/boot/lib/libboot_debug.a(boot_sector.o)
 .debug_aranges
                0x0000000000001aa8       0x28 D:/rda5981/code/IoT-RDA5836_3.3/build/download_host_5856T_nolcd/platform/chip/5856/boot/lib/libboot_debug.a(boot_sector_chip.o)
 .debug_aranges
                0x0000000000001ad0       0x20 D:/rda5981/code/IoT-RDA5836_3.3/build/download_host_5856T_nolcd/platform/edrv/memd/lib/libmemd_debug.a(memd_switch_mode.o)
 .debug_aranges
                0x0000000000001af0       0x20 D:/rda5981/code/IoT-RDA5836_3.3/env/lib/gcc/mips-elf/4.4.2/libgcc.a(_fixunsdfsi.o)
 .debug_aranges
                0x0000000000001b10       0x20 D:/rda5981/code/IoT-RDA5836_3.3/env/lib/gcc/mips-elf/4.4.2/libgcc.a(_addsub_sf.o)
 .debug_aranges
                0x0000000000001b30       0x20 D:/rda5981/code/IoT-RDA5836_3.3/env/lib/gcc/mips-elf/4.4.2/libgcc.a(_si_to_sf.o)
 .debug_aranges
                0x0000000000001b50       0x20 D:/rda5981/code/IoT-RDA5836_3.3/env/lib/gcc/mips-elf/4.4.2/libgcc.a(_sf_to_df.o)
 .debug_aranges
                0x0000000000001b70       0x20 D:/rda5981/code/IoT-RDA5836_3.3/env/lib/gcc/mips-elf/4.4.2/libgcc.a(_usi_to_sf.o)
 .debug_aranges
                0x0000000000001b90       0x20 D:/rda5981/code/IoT-RDA5836_3.3/env/lib/gcc/mips-elf/4.4.2/libgcc.a(_addsub_df.o)
 .debug_aranges
                0x0000000000001bb0       0x20 D:/rda5981/code/IoT-RDA5836_3.3/env/lib/gcc/mips-elf/4.4.2/libgcc.a(_ge_df.o)
 .debug_aranges
                0x0000000000001bd0       0x20 D:/rda5981/code/IoT-RDA5836_3.3/env/lib/gcc/mips-elf/4.4.2/libgcc.a(_df_to_si.o)
 .debug_aranges
                0x0000000000001bf0       0x20 D:/rda5981/code/IoT-RDA5836_3.3/env/lib/gcc/mips-elf/4.4.2/libgcc.a(_make_df.o)
 .debug_aranges
                0x0000000000001c10       0x20 D:/rda5981/code/IoT-RDA5836_3.3/env/lib/gcc/mips-elf/4.4.2/libgcc.a(_lshrdi3.o)
 .debug_aranges
                0x0000000000001c30       0x20 D:/rda5981/code/IoT-RDA5836_3.3/env/lib/gcc/mips-elf/4.4.2/libgcc.a(_ashldi3.o)
 .debug_aranges
                0x0000000000001c50       0x20 D:/rda5981/code/IoT-RDA5836_3.3/env/lib/gcc/mips-elf/4.4.2/libgcc.a(_ucmpdi2.o)
 .debug_aranges
                0x0000000000001c70       0x20 D:/rda5981/code/IoT-RDA5836_3.3/env/lib/gcc/mips-elf/4.4.2/libgcc.a(_clzsi2.o)
 .debug_aranges
                0x0000000000001c90       0x20 D:/rda5981/code/IoT-RDA5836_3.3/env/lib/gcc/mips-elf/4.4.2/libgcc.a(_pack_df.o)
 .debug_aranges
                0x0000000000001cb0       0x20 D:/rda5981/code/IoT-RDA5836_3.3/env/lib/gcc/mips-elf/4.4.2/libgcc.a(_unpack_df.o)
 .debug_aranges
                0x0000000000001cd0       0x20 D:/rda5981/code/IoT-RDA5836_3.3/env/lib/gcc/mips-elf/4.4.2/libgcc.a(_fpcmp_parts_df.o)

.debug_pubnames
                0x0000000000000000     0x4f19
 *(EXCLUDE_FILE(*.elf) .debug_pubnames)
 .debug_pubnames
                0x0000000000000000       0xc3 D:/rda5981/code/IoT-RDA5836_3.3/build/download_host_5856T_nolcd/platform/programmer/flash_prog/obj/debug/flash_programmer.o
 .debug_pubnames
                0x00000000000000c3      0xb16 D:/rda5981/code/IoT-RDA5836_3.3/build/download_host_5856T_nolcd/platform/programmer/flash_prog/obj/debug/stubbed_functions.o
 .debug_pubnames
                0x0000000000000bd9      0x471 D:/rda5981/code/IoT-RDA5836_3.3/build/download_host_5856T_nolcd/target/lib/libtarget_debug.a(target_config.o)
 .debug_pubnames
                0x000000000000104a      0x5b5 D:/rda5981/code/IoT-RDA5836_3.3/build/download_host_5856T_nolcd/platform/edrv/memd/lib/libmemd_debug.a(drv_flsh.o)
 .debug_pubnames
                0x00000000000015ff       0x5a D:/rda5981/code/IoT-RDA5836_3.3/build/download_host_5856T_nolcd/platform/edrv/memd/lib/libmemd_debug.a(drv_flsh_map.o)
 .debug_pubnames
                0x0000000000001659       0x40 D:/rda5981/code/IoT-RDA5836_3.3/build/download_host_5856T_nolcd/platform/edrv/memd/lib/libmemd_debug.a(memd_map.o)
 .debug_pubnames
                0x0000000000001699       0x1d D:/rda5981/code/IoT-RDA5836_3.3/build/download_host_5856T_nolcd/platform/rtos/std/lib/libstd_debug.a(memcmp.o)
 .debug_pubnames
                0x00000000000016b6       0x1d D:/rda5981/code/IoT-RDA5836_3.3/build/download_host_5856T_nolcd/platform/rtos/std/lib/libstd_debug.a(memset.o)
 .debug_pubnames
                0x00000000000016d3      0x6ca D:/rda5981/code/IoT-RDA5836_3.3/build/download_host_5856T_nolcd/platform/edrv/pmd/lib/libpmd_debug.a(pmd.o)
 .debug_pubnames
                0x0000000000001d9d      0x28e D:/rda5981/code/IoT-RDA5836_3.3/build/download_host_5856T_nolcd/platform/edrv/pmd/lib/libpmd_debug.a(pmd_charger.o)
 .debug_pubnames
                0x000000000000202b       0x3e D:/rda5981/code/IoT-RDA5836_3.3/build/download_host_5856T_nolcd/platform/edrv/pmd/lib/libpmd_debug.a(pmd_map.o)
 .debug_pubnames
                0x0000000000002069      0x159 D:/rda5981/code/IoT-RDA5836_3.3/build/download_host_5856T_nolcd/platform/chip/5856/hal/lib/libhal_debug.a(hal_ana_gpadc.o)
 .debug_pubnames
                0x00000000000021c2       0xbb D:/rda5981/code/IoT-RDA5836_3.3/build/download_host_5856T_nolcd/platform/chip/5856/hal/lib/libhal_debug.a(hal_config.o)
 .debug_pubnames
                0x000000000000227d       0xf6 D:/rda5981/code/IoT-RDA5836_3.3/build/download_host_5856T_nolcd/platform/chip/5856/hal/lib/libhal_debug.a(hal_dma.o)
 .debug_pubnames
                0x0000000000002373       0xba D:/rda5981/code/IoT-RDA5836_3.3/build/download_host_5856T_nolcd/platform/chip/5856/hal/lib/libhal_debug.a(hal_ebc.o)
 .debug_pubnames
                0x000000000000242d      0x22b D:/rda5981/code/IoT-RDA5836_3.3/build/download_host_5856T_nolcd/platform/chip/5856/hal/lib/libhal_debug.a(hal_gpio.o)
 .debug_pubnames
                0x0000000000002658       0x57 D:/rda5981/code/IoT-RDA5836_3.3/build/download_host_5856T_nolcd/platform/chip/5856/hal/lib/libhal_debug.a(hal_host.o)
 .debug_pubnames
                0x00000000000026af      0x209 D:/rda5981/code/IoT-RDA5836_3.3/build/download_host_5856T_nolcd/platform/chip/5856/hal/lib/libhal_debug.a(hal_ispi.o)
 .debug_pubnames
                0x00000000000028b8       0x52 D:/rda5981/code/IoT-RDA5836_3.3/build/download_host_5856T_nolcd/platform/chip/5856/hal/lib/libhal_debug.a(hal_map.o)
 .debug_pubnames
                0x000000000000290a       0xd8 D:/rda5981/code/IoT-RDA5836_3.3/build/download_host_5856T_nolcd/platform/chip/5856/hal/lib/libhal_debug.a(hal_map_engine.o)
 .debug_pubnames
                0x00000000000029e2      0x184 D:/rda5981/code/IoT-RDA5836_3.3/build/download_host_5856T_nolcd/platform/chip/5856/hal/lib/libhal_debug.a(hal_rda_abb.o)
 .debug_pubnames
                0x0000000000002b66      0x2b2 D:/rda5981/code/IoT-RDA5836_3.3/build/download_host_5856T_nolcd/platform/chip/5856/hal/lib/libhal_debug.a(hal_rda_audio.o)
 .debug_pubnames
                0x0000000000002e18      0x19b D:/rda5981/code/IoT-RDA5836_3.3/build/download_host_5856T_nolcd/platform/chip/5856/hal/lib/libhal_debug.a(hal_spi_flash.o)
 .debug_pubnames
                0x0000000000002fb3      0x4ae D:/rda5981/code/IoT-RDA5836_3.3/build/download_host_5856T_nolcd/platform/chip/5856/hal/lib/libhal_debug.a(hal_sys.o)
 .debug_pubnames
                0x0000000000003461      0x17a D:/rda5981/code/IoT-RDA5836_3.3/build/download_host_5856T_nolcd/platform/chip/5856/hal/lib/libhal_debug.a(hal_tcu.o)
 .debug_pubnames
                0x00000000000035db      0x283 D:/rda5981/code/IoT-RDA5836_3.3/build/download_host_5856T_nolcd/platform/chip/5856/hal/lib/libhal_debug.a(hal_usb_mgc.o)
 .debug_pubnames
                0x000000000000385e      0x191 D:/rda5981/code/IoT-RDA5836_3.3/build/download_host_5856T_nolcd/platform/chip/5856/hal/lib/libhal_debug.a(hal_usbhost_mgc.o)
 .debug_pubnames
                0x00000000000039ef      0x172 D:/rda5981/code/IoT-RDA5836_3.3/build/download_host_5856T_nolcd/platform/chip/5856/hal/lib/libhal_debug.a(hal_abb_config.o)
 .debug_pubnames
                0x0000000000003b61      0x103 D:/rda5981/code/IoT-RDA5836_3.3/build/download_host_5856T_nolcd/platform/chip/5856/hal/lib/libhal_debug.a(hal_boot_sector_driver.o)
 .debug_pubnames
                0x0000000000003c64      0x1c4 D:/rda5981/code/IoT-RDA5836_3.3/build/download_host_5856T_nolcd/platform/chip/5856/hal/lib/libhal_debug.a(hal_gdb_stub.o)
 .debug_pubnames
                0x0000000000003e28       0x66 D:/rda5981/code/IoT-RDA5836_3.3/build/download_host_5856T_nolcd/platform/chip/5856/hal/lib/libhal_debug.a(hal_host_ram.o)
 .debug_pubnames
                0x0000000000003e8e      0x210 D:/rda5981/code/IoT-RDA5836_3.3/build/download_host_5856T_nolcd/platform/chip/5856/hal/lib/libhal_debug.a(hal_lps.o)
 .debug_pubnames
                0x000000000000409e       0x61 D:/rda5981/code/IoT-RDA5836_3.3/build/download_host_5856T_nolcd/platform/chip/5856/hal/lib/libhal_debug.a(hal_musb_core.o)
 .debug_pubnames
                0x00000000000040ff       0x85 D:/rda5981/code/IoT-RDA5836_3.3/build/download_host_5856T_nolcd/platform/chip/5856/hal/lib/libhal_debug.a(hal_musb_dma.o)
 .debug_pubnames
                0x0000000000004184       0xf1 D:/rda5981/code/IoT-RDA5836_3.3/build/download_host_5856T_nolcd/platform/chip/5856/hal/lib/libhal_debug.a(hal_page_spy.o)
 .debug_pubnames
                0x0000000000004275      0x286 D:/rda5981/code/IoT-RDA5836_3.3/build/download_host_5856T_nolcd/platform/chip/5856/hal/lib/libhal_debug.a(hal_rfspi.o)
 .debug_pubnames
                0x00000000000044fb      0x1cc D:/rda5981/code/IoT-RDA5836_3.3/build/download_host_5856T_nolcd/platform/chip/5856/hal/lib/libhal_debug.a(hal_timer.o)
 .debug_pubnames
                0x00000000000046c7      0x17e D:/rda5981/code/IoT-RDA5836_3.3/build/download_host_5856T_nolcd/platform/chip/5856/hal/lib/libhal_debug.a(hal_bt.o)
 .debug_pubnames
                0x0000000000004845       0x64 D:/rda5981/code/IoT-RDA5836_3.3/build/download_host_5856T_nolcd/platform/chip/5856/hal/lib/libhal_debug.a(hal_flash.o)
 .debug_pubnames
                0x00000000000048a9      0x243 D:/rda5981/code/IoT-RDA5836_3.3/build/download_host_5856T_nolcd/platform/chip/5856/boot/lib/libboot_debug.a(boot_ispi.o)
 .debug_pubnames
                0x0000000000004aec       0x8a D:/rda5981/code/IoT-RDA5836_3.3/build/download_host_5856T_nolcd/platform/chip/5856/boot/lib/libboot_debug.a(boot_loader.o)
 .debug_pubnames
                0x0000000000004b76       0xbd D:/rda5981/code/IoT-RDA5836_3.3/build/download_host_5856T_nolcd/platform/chip/5856/boot/lib/libboot_debug.a(boot_sector.o)
 .debug_pubnames
                0x0000000000004c33       0x48 D:/rda5981/code/IoT-RDA5836_3.3/build/download_host_5856T_nolcd/platform/chip/5856/boot/lib/libboot_debug.a(boot_sector_chip.o)
 .debug_pubnames
                0x0000000000004c7b       0x34 D:/rda5981/code/IoT-RDA5836_3.3/build/download_host_5856T_nolcd/platform/edrv/memd/lib/libmemd_debug.a(memd_switch_mode.o)
 .debug_pubnames
                0x0000000000004caf       0x23 D:/rda5981/code/IoT-RDA5836_3.3/env/lib/gcc/mips-elf/4.4.2/libgcc.a(_fixunsdfsi.o)
 .debug_pubnames
                0x0000000000004cd2       0x2c D:/rda5981/code/IoT-RDA5836_3.3/env/lib/gcc/mips-elf/4.4.2/libgcc.a(_addsub_sf.o)
 .debug_pubnames
                0x0000000000004cfe       0x22 D:/rda5981/code/IoT-RDA5836_3.3/env/lib/gcc/mips-elf/4.4.2/libgcc.a(_si_to_sf.o)
 .debug_pubnames
                0x0000000000004d20       0x24 D:/rda5981/code/IoT-RDA5836_3.3/env/lib/gcc/mips-elf/4.4.2/libgcc.a(_sf_to_df.o)
 .debug_pubnames
                0x0000000000004d44       0x24 D:/rda5981/code/IoT-RDA5836_3.3/env/lib/gcc/mips-elf/4.4.2/libgcc.a(_usi_to_sf.o)
 .debug_pubnames
                0x0000000000004d68       0x2c D:/rda5981/code/IoT-RDA5836_3.3/env/lib/gcc/mips-elf/4.4.2/libgcc.a(_addsub_df.o)
 .debug_pubnames
                0x0000000000004d94       0x1e D:/rda5981/code/IoT-RDA5836_3.3/env/lib/gcc/mips-elf/4.4.2/libgcc.a(_ge_df.o)
 .debug_pubnames
                0x0000000000004db2       0x20 D:/rda5981/code/IoT-RDA5836_3.3/env/lib/gcc/mips-elf/4.4.2/libgcc.a(_df_to_si.o)
 .debug_pubnames
                0x0000000000004dd2       0x20 D:/rda5981/code/IoT-RDA5836_3.3/env/lib/gcc/mips-elf/4.4.2/libgcc.a(_make_df.o)
 .debug_pubnames
                0x0000000000004df2       0x22 D:/rda5981/code/IoT-RDA5836_3.3/env/lib/gcc/mips-elf/4.4.2/libgcc.a(_thenan_df.o)
 .debug_pubnames
                0x0000000000004e14       0x20 D:/rda5981/code/IoT-RDA5836_3.3/env/lib/gcc/mips-elf/4.4.2/libgcc.a(_lshrdi3.o)
 .debug_pubnames
                0x0000000000004e34       0x20 D:/rda5981/code/IoT-RDA5836_3.3/env/lib/gcc/mips-elf/4.4.2/libgcc.a(_ashldi3.o)
 .debug_pubnames
                0x0000000000004e54       0x20 D:/rda5981/code/IoT-RDA5836_3.3/env/lib/gcc/mips-elf/4.4.2/libgcc.a(_ucmpdi2.o)
 .debug_pubnames
                0x0000000000004e74       0x1f D:/rda5981/code/IoT-RDA5836_3.3/env/lib/gcc/mips-elf/4.4.2/libgcc.a(_clzsi2.o)
 .debug_pubnames
                0x0000000000004e93       0x1f D:/rda5981/code/IoT-RDA5836_3.3/env/lib/gcc/mips-elf/4.4.2/libgcc.a(_pack_df.o)
 .debug_pubnames
                0x0000000000004eb2       0x21 D:/rda5981/code/IoT-RDA5836_3.3/env/lib/gcc/mips-elf/4.4.2/libgcc.a(_unpack_df.o)
 .debug_pubnames
                0x0000000000004ed3       0x26 D:/rda5981/code/IoT-RDA5836_3.3/env/lib/gcc/mips-elf/4.4.2/libgcc.a(_fpcmp_parts_df.o)
 .debug_pubnames
                0x0000000000004ef9       0x20 D:/rda5981/code/IoT-RDA5836_3.3/env/lib/gcc/mips-elf/4.4.2/libgcc.a(_clz.o)

.debug_info     0x0000000000000000    0x28cc5
 *(EXCLUDE_FILE(*.elf) .debug_info .gnu.linkonce.wi.*)
 .debug_info    0x0000000000000000        0x0 D:/rda5981/code/IoT-RDA5836_3.3/build/download_host_5856T_nolcd/platform/programmer/flash_prog/obj/debug/flash_mcuwifi.o
 .debug_info    0x0000000000000000      0xaf1 D:/rda5981/code/IoT-RDA5836_3.3/build/download_host_5856T_nolcd/platform/programmer/flash_prog/obj/debug/flash_programmer.o
 .debug_info    0x0000000000000af1     0x2819 D:/rda5981/code/IoT-RDA5836_3.3/build/download_host_5856T_nolcd/platform/programmer/flash_prog/obj/debug/stubbed_functions.o
 .debug_info    0x000000000000330a     0x40ec D:/rda5981/code/IoT-RDA5836_3.3/build/download_host_5856T_nolcd/target/lib/libtarget_debug.a(target_config.o)
 .debug_info    0x00000000000073f6     0x19f3 D:/rda5981/code/IoT-RDA5836_3.3/build/download_host_5856T_nolcd/platform/edrv/memd/lib/libmemd_debug.a(drv_flsh.o)
 .debug_info    0x0000000000008de9      0x19e D:/rda5981/code/IoT-RDA5836_3.3/build/download_host_5856T_nolcd/platform/edrv/memd/lib/libmemd_debug.a(drv_flsh_map.o)
 .debug_info    0x0000000000008f87      0x185 D:/rda5981/code/IoT-RDA5836_3.3/build/download_host_5856T_nolcd/platform/edrv/memd/lib/libmemd_debug.a(memd_map.o)
 .debug_info    0x000000000000910c       0xfb D:/rda5981/code/IoT-RDA5836_3.3/build/download_host_5856T_nolcd/platform/rtos/std/lib/libstd_debug.a(memcmp.o)
 .debug_info    0x0000000000009207      0x101 D:/rda5981/code/IoT-RDA5836_3.3/build/download_host_5856T_nolcd/platform/rtos/std/lib/libstd_debug.a(memset.o)
 .debug_info    0x0000000000009308     0x2aa2 D:/rda5981/code/IoT-RDA5836_3.3/build/download_host_5856T_nolcd/platform/edrv/pmd/lib/libpmd_debug.a(pmd.o)
 .debug_info    0x000000000000bdaa     0x1925 D:/rda5981/code/IoT-RDA5836_3.3/build/download_host_5856T_nolcd/platform/edrv/pmd/lib/libpmd_debug.a(pmd_charger.o)
 .debug_info    0x000000000000d6cf      0x29b D:/rda5981/code/IoT-RDA5836_3.3/build/download_host_5856T_nolcd/platform/edrv/pmd/lib/libpmd_debug.a(pmd_map.o)
 .debug_info    0x000000000000d96a      0x815 D:/rda5981/code/IoT-RDA5836_3.3/build/download_host_5856T_nolcd/platform/chip/5856/hal/lib/libhal_debug.a(hal_ana_gpadc.o)
 .debug_info    0x000000000000e17f     0x1383 D:/rda5981/code/IoT-RDA5836_3.3/build/download_host_5856T_nolcd/platform/chip/5856/hal/lib/libhal_debug.a(hal_config.o)
 .debug_info    0x000000000000f502      0x966 D:/rda5981/code/IoT-RDA5836_3.3/build/download_host_5856T_nolcd/platform/chip/5856/hal/lib/libhal_debug.a(hal_dma.o)
 .debug_info    0x000000000000fe68     0x1328 D:/rda5981/code/IoT-RDA5836_3.3/build/download_host_5856T_nolcd/platform/chip/5856/hal/lib/libhal_debug.a(hal_ebc.o)
 .debug_info    0x0000000000011190     0x112c D:/rda5981/code/IoT-RDA5836_3.3/build/download_host_5856T_nolcd/platform/chip/5856/hal/lib/libhal_debug.a(hal_gpio.o)
 .debug_info    0x00000000000122bc      0x22c D:/rda5981/code/IoT-RDA5836_3.3/build/download_host_5856T_nolcd/platform/chip/5856/hal/lib/libhal_debug.a(hal_host.o)
 .debug_info    0x00000000000124e8      0xca5 D:/rda5981/code/IoT-RDA5836_3.3/build/download_host_5856T_nolcd/platform/chip/5856/hal/lib/libhal_debug.a(hal_ispi.o)
 .debug_info    0x000000000001318d      0xb63 D:/rda5981/code/IoT-RDA5836_3.3/build/download_host_5856T_nolcd/platform/chip/5856/hal/lib/libhal_debug.a(hal_map.o)
 .debug_info    0x0000000000013cf0      0x3ce D:/rda5981/code/IoT-RDA5836_3.3/build/download_host_5856T_nolcd/platform/chip/5856/hal/lib/libhal_debug.a(hal_map_engine.o)
 .debug_info    0x00000000000140be      0x8c8 D:/rda5981/code/IoT-RDA5836_3.3/build/download_host_5856T_nolcd/platform/chip/5856/hal/lib/libhal_debug.a(hal_rda_abb.o)
 .debug_info    0x0000000000014986      0xf51 D:/rda5981/code/IoT-RDA5836_3.3/build/download_host_5856T_nolcd/platform/chip/5856/hal/lib/libhal_debug.a(hal_rda_audio.o)
 .debug_info    0x00000000000158d7      0x750 D:/rda5981/code/IoT-RDA5836_3.3/build/download_host_5856T_nolcd/platform/chip/5856/hal/lib/libhal_debug.a(hal_spi_flash.o)
 .debug_info    0x0000000000016027     0x2495 D:/rda5981/code/IoT-RDA5836_3.3/build/download_host_5856T_nolcd/platform/chip/5856/hal/lib/libhal_debug.a(hal_sys.o)
 .debug_info    0x00000000000184bc      0xa96 D:/rda5981/code/IoT-RDA5836_3.3/build/download_host_5856T_nolcd/platform/chip/5856/hal/lib/libhal_debug.a(hal_tcu.o)
 .debug_info    0x0000000000018f52     0x2eae D:/rda5981/code/IoT-RDA5836_3.3/build/download_host_5856T_nolcd/platform/chip/5856/hal/lib/libhal_debug.a(hal_usb_mgc.o)
 .debug_info    0x000000000001be00     0x14a9 D:/rda5981/code/IoT-RDA5836_3.3/build/download_host_5856T_nolcd/platform/chip/5856/hal/lib/libhal_debug.a(hal_usbhost_mgc.o)
 .debug_info    0x000000000001d2a9      0x6bb D:/rda5981/code/IoT-RDA5836_3.3/build/download_host_5856T_nolcd/platform/chip/5856/hal/lib/libhal_debug.a(hal_abb_config.o)
 .debug_info    0x000000000001d964      0x882 D:/rda5981/code/IoT-RDA5836_3.3/build/download_host_5856T_nolcd/platform/chip/5856/hal/lib/libhal_debug.a(hal_boot_sector_driver.o)
 .debug_info    0x000000000001e1e6     0x178b D:/rda5981/code/IoT-RDA5836_3.3/build/download_host_5856T_nolcd/platform/chip/5856/hal/lib/libhal_debug.a(hal_gdb_stub.o)
 .debug_info    0x000000000001f971      0x61e D:/rda5981/code/IoT-RDA5836_3.3/build/download_host_5856T_nolcd/platform/chip/5856/hal/lib/libhal_debug.a(hal_host_ram.o)
 .debug_info    0x000000000001ff8f     0x1794 D:/rda5981/code/IoT-RDA5836_3.3/build/download_host_5856T_nolcd/platform/chip/5856/hal/lib/libhal_debug.a(hal_lps.o)
 .debug_info    0x0000000000021723      0x32c D:/rda5981/code/IoT-RDA5836_3.3/build/download_host_5856T_nolcd/platform/chip/5856/hal/lib/libhal_debug.a(hal_musb_core.o)
 .debug_info    0x0000000000021a4f      0x361 D:/rda5981/code/IoT-RDA5836_3.3/build/download_host_5856T_nolcd/platform/chip/5856/hal/lib/libhal_debug.a(hal_musb_dma.o)
 .debug_info    0x0000000000021db0      0x34e D:/rda5981/code/IoT-RDA5836_3.3/build/download_host_5856T_nolcd/platform/chip/5856/hal/lib/libhal_debug.a(hal_page_spy.o)
 .debug_info    0x00000000000220fe     0x1411 D:/rda5981/code/IoT-RDA5836_3.3/build/download_host_5856T_nolcd/platform/chip/5856/hal/lib/libhal_debug.a(hal_rfspi.o)
 .debug_info    0x000000000002350f      0x938 D:/rda5981/code/IoT-RDA5836_3.3/build/download_host_5856T_nolcd/platform/chip/5856/hal/lib/libhal_debug.a(hal_timer.o)
 .debug_info    0x0000000000023e47      0xc84 D:/rda5981/code/IoT-RDA5836_3.3/build/download_host_5856T_nolcd/platform/chip/5856/hal/lib/libhal_debug.a(hal_bt.o)
 .debug_info    0x0000000000024acb      0x1f5 D:/rda5981/code/IoT-RDA5836_3.3/build/download_host_5856T_nolcd/platform/chip/5856/hal/lib/libhal_debug.a(hal_flash.o)
 .debug_info    0x0000000000024cc0      0xa39 D:/rda5981/code/IoT-RDA5836_3.3/build/download_host_5856T_nolcd/platform/chip/5856/boot/lib/libboot_debug.a(boot_ispi.o)
 .debug_info    0x00000000000256f9      0x568 D:/rda5981/code/IoT-RDA5836_3.3/build/download_host_5856T_nolcd/platform/chip/5856/boot/lib/libboot_debug.a(boot_loader.o)
 .debug_info    0x0000000000025c61      0x7fd D:/rda5981/code/IoT-RDA5836_3.3/build/download_host_5856T_nolcd/platform/chip/5856/boot/lib/libboot_debug.a(boot_sector.o)
 .debug_info    0x000000000002645e       0xc1 D:/rda5981/code/IoT-RDA5836_3.3/build/download_host_5856T_nolcd/platform/chip/5856/boot/lib/libboot_debug.a(boot_sector_chip.o)
 .debug_info    0x000000000002651f       0xb8 D:/rda5981/code/IoT-RDA5836_3.3/build/download_host_5856T_nolcd/platform/edrv/memd/lib/libmemd_debug.a(memd_switch_mode.o)
 .debug_info    0x00000000000265d7       0xd1 D:/rda5981/code/IoT-RDA5836_3.3/env/lib/gcc/mips-elf/4.4.2/libgcc.a(_fixunsdfsi.o)
 .debug_info    0x00000000000266a8      0x483 D:/rda5981/code/IoT-RDA5836_3.3/env/lib/gcc/mips-elf/4.4.2/libgcc.a(_addsub_sf.o)
 .debug_info    0x0000000000026b2b      0x214 D:/rda5981/code/IoT-RDA5836_3.3/env/lib/gcc/mips-elf/4.4.2/libgcc.a(_si_to_sf.o)
 .debug_info    0x0000000000026d3f      0x241 D:/rda5981/code/IoT-RDA5836_3.3/env/lib/gcc/mips-elf/4.4.2/libgcc.a(_sf_to_df.o)
 .debug_info    0x0000000000026f80      0x213 D:/rda5981/code/IoT-RDA5836_3.3/env/lib/gcc/mips-elf/4.4.2/libgcc.a(_usi_to_sf.o)
 .debug_info    0x0000000000027193      0x48e D:/rda5981/code/IoT-RDA5836_3.3/env/lib/gcc/mips-elf/4.4.2/libgcc.a(_addsub_df.o)
 .debug_info    0x0000000000027621      0x29a D:/rda5981/code/IoT-RDA5836_3.3/env/lib/gcc/mips-elf/4.4.2/libgcc.a(_ge_df.o)
 .debug_info    0x00000000000278bb      0x2c9 D:/rda5981/code/IoT-RDA5836_3.3/env/lib/gcc/mips-elf/4.4.2/libgcc.a(_df_to_si.o)
 .debug_info    0x0000000000027b84      0x1d3 D:/rda5981/code/IoT-RDA5836_3.3/env/lib/gcc/mips-elf/4.4.2/libgcc.a(_make_df.o)
 .debug_info    0x0000000000027d57      0x160 D:/rda5981/code/IoT-RDA5836_3.3/env/lib/gcc/mips-elf/4.4.2/libgcc.a(_thenan_df.o)
 .debug_info    0x0000000000027eb7      0x19b D:/rda5981/code/IoT-RDA5836_3.3/env/lib/gcc/mips-elf/4.4.2/libgcc.a(_lshrdi3.o)
 .debug_info    0x0000000000028052      0x19f D:/rda5981/code/IoT-RDA5836_3.3/env/lib/gcc/mips-elf/4.4.2/libgcc.a(_ashldi3.o)
 .debug_info    0x00000000000281f1      0x160 D:/rda5981/code/IoT-RDA5836_3.3/env/lib/gcc/mips-elf/4.4.2/libgcc.a(_ucmpdi2.o)
 .debug_info    0x0000000000028351      0x132 D:/rda5981/code/IoT-RDA5836_3.3/env/lib/gcc/mips-elf/4.4.2/libgcc.a(_clzsi2.o)
 .debug_info    0x0000000000028483      0x2f8 D:/rda5981/code/IoT-RDA5836_3.3/env/lib/gcc/mips-elf/4.4.2/libgcc.a(_pack_df.o)
 .debug_info    0x000000000002877b      0x266 D:/rda5981/code/IoT-RDA5836_3.3/env/lib/gcc/mips-elf/4.4.2/libgcc.a(_unpack_df.o)
 .debug_info    0x00000000000289e1      0x21f D:/rda5981/code/IoT-RDA5836_3.3/env/lib/gcc/mips-elf/4.4.2/libgcc.a(_fpcmp_parts_df.o)
 .debug_info    0x0000000000028c00       0xc5 D:/rda5981/code/IoT-RDA5836_3.3/env/lib/gcc/mips-elf/4.4.2/libgcc.a(_clz.o)

.debug_abbrev   0x0000000000000000     0x6dc1
 *(EXCLUDE_FILE(*.elf) .debug_abbrev)
 .debug_abbrev  0x0000000000000000        0x1 D:/rda5981/code/IoT-RDA5836_3.3/build/download_host_5856T_nolcd/platform/programmer/flash_prog/obj/debug/flash_mcuwifi.o
 .debug_abbrev  0x0000000000000001      0x17f D:/rda5981/code/IoT-RDA5836_3.3/build/download_host_5856T_nolcd/platform/programmer/flash_prog/obj/debug/flash_programmer.o
 .debug_abbrev  0x0000000000000180      0x26a D:/rda5981/code/IoT-RDA5836_3.3/build/download_host_5856T_nolcd/platform/programmer/flash_prog/obj/debug/stubbed_functions.o
 .debug_abbrev  0x00000000000003ea      0x323 D:/rda5981/code/IoT-RDA5836_3.3/build/download_host_5856T_nolcd/target/lib/libtarget_debug.a(target_config.o)
 .debug_abbrev  0x000000000000070d      0x302 D:/rda5981/code/IoT-RDA5836_3.3/build/download_host_5856T_nolcd/platform/edrv/memd/lib/libmemd_debug.a(drv_flsh.o)
 .debug_abbrev  0x0000000000000a0f       0xa2 D:/rda5981/code/IoT-RDA5836_3.3/build/download_host_5856T_nolcd/platform/edrv/memd/lib/libmemd_debug.a(drv_flsh_map.o)
 .debug_abbrev  0x0000000000000ab1       0x9a D:/rda5981/code/IoT-RDA5836_3.3/build/download_host_5856T_nolcd/platform/edrv/memd/lib/libmemd_debug.a(memd_map.o)
 .debug_abbrev  0x0000000000000b4b       0x8a D:/rda5981/code/IoT-RDA5836_3.3/build/download_host_5856T_nolcd/platform/rtos/std/lib/libstd_debug.a(memcmp.o)
 .debug_abbrev  0x0000000000000bd5       0x9a D:/rda5981/code/IoT-RDA5836_3.3/build/download_host_5856T_nolcd/platform/rtos/std/lib/libstd_debug.a(memset.o)
 .debug_abbrev  0x0000000000000c6f      0x38b D:/rda5981/code/IoT-RDA5836_3.3/build/download_host_5856T_nolcd/platform/edrv/pmd/lib/libpmd_debug.a(pmd.o)
 .debug_abbrev  0x0000000000000ffa      0x3b0 D:/rda5981/code/IoT-RDA5836_3.3/build/download_host_5856T_nolcd/platform/edrv/pmd/lib/libpmd_debug.a(pmd_charger.o)
 .debug_abbrev  0x00000000000013aa       0xbc D:/rda5981/code/IoT-RDA5836_3.3/build/download_host_5856T_nolcd/platform/edrv/pmd/lib/libpmd_debug.a(pmd_map.o)
 .debug_abbrev  0x0000000000001466      0x23e D:/rda5981/code/IoT-RDA5836_3.3/build/download_host_5856T_nolcd/platform/chip/5856/hal/lib/libhal_debug.a(hal_ana_gpadc.o)
 .debug_abbrev  0x00000000000016a4      0x24a D:/rda5981/code/IoT-RDA5836_3.3/build/download_host_5856T_nolcd/platform/chip/5856/hal/lib/libhal_debug.a(hal_config.o)
 .debug_abbrev  0x00000000000018ee      0x213 D:/rda5981/code/IoT-RDA5836_3.3/build/download_host_5856T_nolcd/platform/chip/5856/hal/lib/libhal_debug.a(hal_dma.o)
 .debug_abbrev  0x0000000000001b01      0x353 D:/rda5981/code/IoT-RDA5836_3.3/build/download_host_5856T_nolcd/platform/chip/5856/hal/lib/libhal_debug.a(hal_ebc.o)
 .debug_abbrev  0x0000000000001e54      0x2df D:/rda5981/code/IoT-RDA5836_3.3/build/download_host_5856T_nolcd/platform/chip/5856/hal/lib/libhal_debug.a(hal_gpio.o)
 .debug_abbrev  0x0000000000002133       0xf4 D:/rda5981/code/IoT-RDA5836_3.3/build/download_host_5856T_nolcd/platform/chip/5856/hal/lib/libhal_debug.a(hal_host.o)
 .debug_abbrev  0x0000000000002227      0x219 D:/rda5981/code/IoT-RDA5836_3.3/build/download_host_5856T_nolcd/platform/chip/5856/hal/lib/libhal_debug.a(hal_ispi.o)
 .debug_abbrev  0x0000000000002440      0x13b D:/rda5981/code/IoT-RDA5836_3.3/build/download_host_5856T_nolcd/platform/chip/5856/hal/lib/libhal_debug.a(hal_map.o)
 .debug_abbrev  0x000000000000257b      0x13f D:/rda5981/code/IoT-RDA5836_3.3/build/download_host_5856T_nolcd/platform/chip/5856/hal/lib/libhal_debug.a(hal_map_engine.o)
 .debug_abbrev  0x00000000000026ba      0x1df D:/rda5981/code/IoT-RDA5836_3.3/build/download_host_5856T_nolcd/platform/chip/5856/hal/lib/libhal_debug.a(hal_rda_abb.o)
 .debug_abbrev  0x0000000000002899      0x276 D:/rda5981/code/IoT-RDA5836_3.3/build/download_host_5856T_nolcd/platform/chip/5856/hal/lib/libhal_debug.a(hal_rda_audio.o)
 .debug_abbrev  0x0000000000002b0f      0x239 D:/rda5981/code/IoT-RDA5836_3.3/build/download_host_5856T_nolcd/platform/chip/5856/hal/lib/libhal_debug.a(hal_spi_flash.o)
 .debug_abbrev  0x0000000000002d48      0x3cf D:/rda5981/code/IoT-RDA5836_3.3/build/download_host_5856T_nolcd/platform/chip/5856/hal/lib/libhal_debug.a(hal_sys.o)
 .debug_abbrev  0x0000000000003117      0x25d D:/rda5981/code/IoT-RDA5836_3.3/build/download_host_5856T_nolcd/platform/chip/5856/hal/lib/libhal_debug.a(hal_tcu.o)
 .debug_abbrev  0x0000000000003374      0x436 D:/rda5981/code/IoT-RDA5836_3.3/build/download_host_5856T_nolcd/platform/chip/5856/hal/lib/libhal_debug.a(hal_usb_mgc.o)
 .debug_abbrev  0x00000000000037aa      0x364 D:/rda5981/code/IoT-RDA5836_3.3/build/download_host_5856T_nolcd/platform/chip/5856/hal/lib/libhal_debug.a(hal_usbhost_mgc.o)
 .debug_abbrev  0x0000000000003b0e      0x174 D:/rda5981/code/IoT-RDA5836_3.3/build/download_host_5856T_nolcd/platform/chip/5856/hal/lib/libhal_debug.a(hal_abb_config.o)
 .debug_abbrev  0x0000000000003c82      0x196 D:/rda5981/code/IoT-RDA5836_3.3/build/download_host_5856T_nolcd/platform/chip/5856/hal/lib/libhal_debug.a(hal_boot_sector_driver.o)
 .debug_abbrev  0x0000000000003e18      0x2dd D:/rda5981/code/IoT-RDA5836_3.3/build/download_host_5856T_nolcd/platform/chip/5856/hal/lib/libhal_debug.a(hal_gdb_stub.o)
 .debug_abbrev  0x00000000000040f5       0xfe D:/rda5981/code/IoT-RDA5836_3.3/build/download_host_5856T_nolcd/platform/chip/5856/hal/lib/libhal_debug.a(hal_host_ram.o)
 .debug_abbrev  0x00000000000041f3      0x377 D:/rda5981/code/IoT-RDA5836_3.3/build/download_host_5856T_nolcd/platform/chip/5856/hal/lib/libhal_debug.a(hal_lps.o)
 .debug_abbrev  0x000000000000456a      0x145 D:/rda5981/code/IoT-RDA5836_3.3/build/download_host_5856T_nolcd/platform/chip/5856/hal/lib/libhal_debug.a(hal_musb_core.o)
 .debug_abbrev  0x00000000000046af      0x1a0 D:/rda5981/code/IoT-RDA5836_3.3/build/download_host_5856T_nolcd/platform/chip/5856/hal/lib/libhal_debug.a(hal_musb_dma.o)
 .debug_abbrev  0x000000000000484f      0x13d D:/rda5981/code/IoT-RDA5836_3.3/build/download_host_5856T_nolcd/platform/chip/5856/hal/lib/libhal_debug.a(hal_page_spy.o)
 .debug_abbrev  0x000000000000498c      0x2d2 D:/rda5981/code/IoT-RDA5836_3.3/build/download_host_5856T_nolcd/platform/chip/5856/hal/lib/libhal_debug.a(hal_rfspi.o)
 .debug_abbrev  0x0000000000004c5e      0x2ae D:/rda5981/code/IoT-RDA5836_3.3/build/download_host_5856T_nolcd/platform/chip/5856/hal/lib/libhal_debug.a(hal_timer.o)
 .debug_abbrev  0x0000000000004f0c      0x1e5 D:/rda5981/code/IoT-RDA5836_3.3/build/download_host_5856T_nolcd/platform/chip/5856/hal/lib/libhal_debug.a(hal_bt.o)
 .debug_abbrev  0x00000000000050f1       0xc7 D:/rda5981/code/IoT-RDA5836_3.3/build/download_host_5856T_nolcd/platform/chip/5856/hal/lib/libhal_debug.a(hal_flash.o)
 .debug_abbrev  0x00000000000051b8      0x298 D:/rda5981/code/IoT-RDA5836_3.3/build/download_host_5856T_nolcd/platform/chip/5856/boot/lib/libboot_debug.a(boot_ispi.o)
 .debug_abbrev  0x0000000000005450      0x14e D:/rda5981/code/IoT-RDA5836_3.3/build/download_host_5856T_nolcd/platform/chip/5856/boot/lib/libboot_debug.a(boot_loader.o)
 .debug_abbrev  0x000000000000559e      0x243 D:/rda5981/code/IoT-RDA5836_3.3/build/download_host_5856T_nolcd/platform/chip/5856/boot/lib/libboot_debug.a(boot_sector.o)
 .debug_abbrev  0x00000000000057e1       0x72 D:/rda5981/code/IoT-RDA5836_3.3/build/download_host_5856T_nolcd/platform/chip/5856/boot/lib/libboot_debug.a(boot_sector_chip.o)
 .debug_abbrev  0x0000000000005853       0x68 D:/rda5981/code/IoT-RDA5836_3.3/build/download_host_5856T_nolcd/platform/edrv/memd/lib/libmemd_debug.a(memd_switch_mode.o)
 .debug_abbrev  0x00000000000058bb       0x66 D:/rda5981/code/IoT-RDA5836_3.3/env/lib/gcc/mips-elf/4.4.2/libgcc.a(_fixunsdfsi.o)
 .debug_abbrev  0x0000000000005921      0x1db D:/rda5981/code/IoT-RDA5836_3.3/env/lib/gcc/mips-elf/4.4.2/libgcc.a(_addsub_sf.o)
 .debug_abbrev  0x0000000000005afc      0x148 D:/rda5981/code/IoT-RDA5836_3.3/env/lib/gcc/mips-elf/4.4.2/libgcc.a(_si_to_sf.o)
 .debug_abbrev  0x0000000000005c44      0x131 D:/rda5981/code/IoT-RDA5836_3.3/env/lib/gcc/mips-elf/4.4.2/libgcc.a(_sf_to_df.o)
 .debug_abbrev  0x0000000000005d75      0x157 D:/rda5981/code/IoT-RDA5836_3.3/env/lib/gcc/mips-elf/4.4.2/libgcc.a(_usi_to_sf.o)
 .debug_abbrev  0x0000000000005ecc      0x1ea D:/rda5981/code/IoT-RDA5836_3.3/env/lib/gcc/mips-elf/4.4.2/libgcc.a(_addsub_df.o)
 .debug_abbrev  0x00000000000060b6      0x15a D:/rda5981/code/IoT-RDA5836_3.3/env/lib/gcc/mips-elf/4.4.2/libgcc.a(_ge_df.o)
 .debug_abbrev  0x0000000000006210      0x17f D:/rda5981/code/IoT-RDA5836_3.3/env/lib/gcc/mips-elf/4.4.2/libgcc.a(_df_to_si.o)
 .debug_abbrev  0x000000000000638f      0x109 D:/rda5981/code/IoT-RDA5836_3.3/env/lib/gcc/mips-elf/4.4.2/libgcc.a(_make_df.o)
 .debug_abbrev  0x0000000000006498       0xc3 D:/rda5981/code/IoT-RDA5836_3.3/env/lib/gcc/mips-elf/4.4.2/libgcc.a(_thenan_df.o)
 .debug_abbrev  0x000000000000655b      0x104 D:/rda5981/code/IoT-RDA5836_3.3/env/lib/gcc/mips-elf/4.4.2/libgcc.a(_lshrdi3.o)
 .debug_abbrev  0x000000000000665f       0xf7 D:/rda5981/code/IoT-RDA5836_3.3/env/lib/gcc/mips-elf/4.4.2/libgcc.a(_ashldi3.o)
 .debug_abbrev  0x0000000000006756       0xd0 D:/rda5981/code/IoT-RDA5836_3.3/env/lib/gcc/mips-elf/4.4.2/libgcc.a(_ucmpdi2.o)
 .debug_abbrev  0x0000000000006826       0xc4 D:/rda5981/code/IoT-RDA5836_3.3/env/lib/gcc/mips-elf/4.4.2/libgcc.a(_clzsi2.o)
 .debug_abbrev  0x00000000000068ea      0x1c0 D:/rda5981/code/IoT-RDA5836_3.3/env/lib/gcc/mips-elf/4.4.2/libgcc.a(_pack_df.o)
 .debug_abbrev  0x0000000000006aaa      0x163 D:/rda5981/code/IoT-RDA5836_3.3/env/lib/gcc/mips-elf/4.4.2/libgcc.a(_unpack_df.o)
 .debug_abbrev  0x0000000000006c0d      0x14a D:/rda5981/code/IoT-RDA5836_3.3/env/lib/gcc/mips-elf/4.4.2/libgcc.a(_fpcmp_parts_df.o)
 .debug_abbrev  0x0000000000006d57       0x6a D:/rda5981/code/IoT-RDA5836_3.3/env/lib/gcc/mips-elf/4.4.2/libgcc.a(_clz.o)

.debug_line     0x0000000000000000     0xb7a4
 *(EXCLUDE_FILE(*.elf) .debug_line)
 .debug_line    0x0000000000000000        0x0 D:/rda5981/code/IoT-RDA5836_3.3/build/download_host_5856T_nolcd/platform/programmer/flash_prog/obj/debug/flash_mcuwifi.o
 .debug_line    0x0000000000000000      0x350 D:/rda5981/code/IoT-RDA5836_3.3/build/download_host_5856T_nolcd/platform/programmer/flash_prog/obj/debug/flash_programmer.o
 .debug_line    0x0000000000000350      0x967 D:/rda5981/code/IoT-RDA5836_3.3/build/download_host_5856T_nolcd/platform/programmer/flash_prog/obj/debug/stubbed_functions.o
 .debug_line    0x0000000000000cb7      0x8f2 D:/rda5981/code/IoT-RDA5836_3.3/build/download_host_5856T_nolcd/target/lib/libtarget_debug.a(target_config.o)
 .debug_line    0x00000000000015a9      0x7b6 D:/rda5981/code/IoT-RDA5836_3.3/build/download_host_5856T_nolcd/platform/edrv/memd/lib/libmemd_debug.a(drv_flsh.o)
 .debug_line    0x0000000000001d5f      0x113 D:/rda5981/code/IoT-RDA5836_3.3/build/download_host_5856T_nolcd/platform/edrv/memd/lib/libmemd_debug.a(drv_flsh_map.o)
 .debug_line    0x0000000000001e72      0x11b D:/rda5981/code/IoT-RDA5836_3.3/build/download_host_5856T_nolcd/platform/edrv/memd/lib/libmemd_debug.a(memd_map.o)
 .debug_line    0x0000000000001f8d       0xb2 D:/rda5981/code/IoT-RDA5836_3.3/build/download_host_5856T_nolcd/platform/rtos/std/lib/libstd_debug.a(memcmp.o)
 .debug_line    0x000000000000203f       0xd2 D:/rda5981/code/IoT-RDA5836_3.3/build/download_host_5856T_nolcd/platform/rtos/std/lib/libstd_debug.a(memset.o)
 .debug_line    0x0000000000002111      0xb17 D:/rda5981/code/IoT-RDA5836_3.3/build/download_host_5856T_nolcd/platform/edrv/pmd/lib/libpmd_debug.a(pmd.o)
 .debug_line    0x0000000000002c28      0x59a D:/rda5981/code/IoT-RDA5836_3.3/build/download_host_5856T_nolcd/platform/edrv/pmd/lib/libpmd_debug.a(pmd_charger.o)
 .debug_line    0x00000000000031c2      0x118 D:/rda5981/code/IoT-RDA5836_3.3/build/download_host_5856T_nolcd/platform/edrv/pmd/lib/libpmd_debug.a(pmd_map.o)
 .debug_line    0x00000000000032da      0x34d D:/rda5981/code/IoT-RDA5836_3.3/build/download_host_5856T_nolcd/platform/chip/5856/hal/lib/libhal_debug.a(hal_ana_gpadc.o)
 .debug_line    0x0000000000003627      0x362 D:/rda5981/code/IoT-RDA5836_3.3/build/download_host_5856T_nolcd/platform/chip/5856/hal/lib/libhal_debug.a(hal_config.o)
 .debug_line    0x0000000000003989      0x2df D:/rda5981/code/IoT-RDA5836_3.3/build/download_host_5856T_nolcd/platform/chip/5856/hal/lib/libhal_debug.a(hal_dma.o)
 .debug_line    0x0000000000003c68      0x3be D:/rda5981/code/IoT-RDA5836_3.3/build/download_host_5856T_nolcd/platform/chip/5856/hal/lib/libhal_debug.a(hal_ebc.o)
 .debug_line    0x0000000000004026      0x4e3 D:/rda5981/code/IoT-RDA5836_3.3/build/download_host_5856T_nolcd/platform/chip/5856/hal/lib/libhal_debug.a(hal_gpio.o)
 .debug_line    0x0000000000004509      0x186 D:/rda5981/code/IoT-RDA5836_3.3/build/download_host_5856T_nolcd/platform/chip/5856/hal/lib/libhal_debug.a(hal_host.o)
 .debug_line    0x000000000000468f      0x3ae D:/rda5981/code/IoT-RDA5836_3.3/build/download_host_5856T_nolcd/platform/chip/5856/hal/lib/libhal_debug.a(hal_ispi.o)
 .debug_line    0x0000000000004a3d      0x1c0 D:/rda5981/code/IoT-RDA5836_3.3/build/download_host_5856T_nolcd/platform/chip/5856/hal/lib/libhal_debug.a(hal_map.o)
 .debug_line    0x0000000000004bfd      0x1cd D:/rda5981/code/IoT-RDA5836_3.3/build/download_host_5856T_nolcd/platform/chip/5856/hal/lib/libhal_debug.a(hal_map_engine.o)
 .debug_line    0x0000000000004dca      0x320 D:/rda5981/code/IoT-RDA5836_3.3/build/download_host_5856T_nolcd/platform/chip/5856/hal/lib/libhal_debug.a(hal_rda_abb.o)
 .debug_line    0x00000000000050ea      0x57a D:/rda5981/code/IoT-RDA5836_3.3/build/download_host_5856T_nolcd/platform/chip/5856/hal/lib/libhal_debug.a(hal_rda_audio.o)
 .debug_line    0x0000000000005664      0x2d5 D:/rda5981/code/IoT-RDA5836_3.3/build/download_host_5856T_nolcd/platform/chip/5856/hal/lib/libhal_debug.a(hal_spi_flash.o)
 .debug_line    0x0000000000005939      0x903 D:/rda5981/code/IoT-RDA5836_3.3/build/download_host_5856T_nolcd/platform/chip/5856/hal/lib/libhal_debug.a(hal_sys.o)
 .debug_line    0x000000000000623c      0x397 D:/rda5981/code/IoT-RDA5836_3.3/build/download_host_5856T_nolcd/platform/chip/5856/hal/lib/libhal_debug.a(hal_tcu.o)
 .debug_line    0x00000000000065d3      0xd22 D:/rda5981/code/IoT-RDA5836_3.3/build/download_host_5856T_nolcd/platform/chip/5856/hal/lib/libhal_debug.a(hal_usb_mgc.o)
 .debug_line    0x00000000000072f5      0x85b D:/rda5981/code/IoT-RDA5836_3.3/build/download_host_5856T_nolcd/platform/chip/5856/hal/lib/libhal_debug.a(hal_usbhost_mgc.o)
 .debug_line    0x0000000000007b50      0x30a D:/rda5981/code/IoT-RDA5836_3.3/build/download_host_5856T_nolcd/platform/chip/5856/hal/lib/libhal_debug.a(hal_abb_config.o)
 .debug_line    0x0000000000007e5a      0x237 D:/rda5981/code/IoT-RDA5836_3.3/build/download_host_5856T_nolcd/platform/chip/5856/hal/lib/libhal_debug.a(hal_boot_sector_driver.o)
 .debug_line    0x0000000000008091      0x5cb D:/rda5981/code/IoT-RDA5836_3.3/build/download_host_5856T_nolcd/platform/chip/5856/hal/lib/libhal_debug.a(hal_gdb_stub.o)
 .debug_line    0x000000000000865c      0x241 D:/rda5981/code/IoT-RDA5836_3.3/build/download_host_5856T_nolcd/platform/chip/5856/hal/lib/libhal_debug.a(hal_host_ram.o)
 .debug_line    0x000000000000889d      0x548 D:/rda5981/code/IoT-RDA5836_3.3/build/download_host_5856T_nolcd/platform/chip/5856/hal/lib/libhal_debug.a(hal_lps.o)
 .debug_line    0x0000000000008de5      0x1ee D:/rda5981/code/IoT-RDA5836_3.3/build/download_host_5856T_nolcd/platform/chip/5856/hal/lib/libhal_debug.a(hal_musb_core.o)
 .debug_line    0x0000000000008fd3      0x20a D:/rda5981/code/IoT-RDA5836_3.3/build/download_host_5856T_nolcd/platform/chip/5856/hal/lib/libhal_debug.a(hal_musb_dma.o)
 .debug_line    0x00000000000091dd      0x1e2 D:/rda5981/code/IoT-RDA5836_3.3/build/download_host_5856T_nolcd/platform/chip/5856/hal/lib/libhal_debug.a(hal_page_spy.o)
 .debug_line    0x00000000000093bf      0x58d D:/rda5981/code/IoT-RDA5836_3.3/build/download_host_5856T_nolcd/platform/chip/5856/hal/lib/libhal_debug.a(hal_rfspi.o)
 .debug_line    0x000000000000994c      0x3d1 D:/rda5981/code/IoT-RDA5836_3.3/build/download_host_5856T_nolcd/platform/chip/5856/hal/lib/libhal_debug.a(hal_timer.o)
 .debug_line    0x0000000000009d1d      0x383 D:/rda5981/code/IoT-RDA5836_3.3/build/download_host_5856T_nolcd/platform/chip/5856/hal/lib/libhal_debug.a(hal_bt.o)
 .debug_line    0x000000000000a0a0      0x134 D:/rda5981/code/IoT-RDA5836_3.3/build/download_host_5856T_nolcd/platform/chip/5856/hal/lib/libhal_debug.a(hal_flash.o)
 .debug_line    0x000000000000a1d4      0x3c0 D:/rda5981/code/IoT-RDA5836_3.3/build/download_host_5856T_nolcd/platform/chip/5856/boot/lib/libboot_debug.a(boot_ispi.o)
 .debug_line    0x000000000000a594      0x333 D:/rda5981/code/IoT-RDA5836_3.3/build/download_host_5856T_nolcd/platform/chip/5856/boot/lib/libboot_debug.a(boot_loader.o)
 .debug_line    0x000000000000a8c7      0x287 D:/rda5981/code/IoT-RDA5836_3.3/build/download_host_5856T_nolcd/platform/chip/5856/boot/lib/libboot_debug.a(boot_sector.o)
 .debug_line    0x000000000000ab4e      0x11e D:/rda5981/code/IoT-RDA5836_3.3/build/download_host_5856T_nolcd/platform/chip/5856/boot/lib/libboot_debug.a(boot_sector_chip.o)
 .debug_line    0x000000000000ac6c       0xb9 D:/rda5981/code/IoT-RDA5836_3.3/build/download_host_5856T_nolcd/platform/edrv/memd/lib/libmemd_debug.a(memd_switch_mode.o)
 .debug_line    0x000000000000ad25       0x70 D:/rda5981/code/IoT-RDA5836_3.3/env/lib/gcc/mips-elf/4.4.2/libgcc.a(_fixunsdfsi.o)
 .debug_line    0x000000000000ad95      0x104 D:/rda5981/code/IoT-RDA5836_3.3/env/lib/gcc/mips-elf/4.4.2/libgcc.a(_addsub_sf.o)
 .debug_line    0x000000000000ae99       0x9f D:/rda5981/code/IoT-RDA5836_3.3/env/lib/gcc/mips-elf/4.4.2/libgcc.a(_si_to_sf.o)
 .debug_line    0x000000000000af38       0x80 D:/rda5981/code/IoT-RDA5836_3.3/env/lib/gcc/mips-elf/4.4.2/libgcc.a(_sf_to_df.o)
 .debug_line    0x000000000000afb8       0xa0 D:/rda5981/code/IoT-RDA5836_3.3/env/lib/gcc/mips-elf/4.4.2/libgcc.a(_usi_to_sf.o)
 .debug_line    0x000000000000b058      0x11b D:/rda5981/code/IoT-RDA5836_3.3/env/lib/gcc/mips-elf/4.4.2/libgcc.a(_addsub_df.o)
 .debug_line    0x000000000000b173       0x89 D:/rda5981/code/IoT-RDA5836_3.3/env/lib/gcc/mips-elf/4.4.2/libgcc.a(_ge_df.o)
 .debug_line    0x000000000000b1fc       0x8f D:/rda5981/code/IoT-RDA5836_3.3/env/lib/gcc/mips-elf/4.4.2/libgcc.a(_df_to_si.o)
 .debug_line    0x000000000000b28b       0x84 D:/rda5981/code/IoT-RDA5836_3.3/env/lib/gcc/mips-elf/4.4.2/libgcc.a(_make_df.o)
 .debug_line    0x000000000000b30f       0x69 D:/rda5981/code/IoT-RDA5836_3.3/env/lib/gcc/mips-elf/4.4.2/libgcc.a(_thenan_df.o)
 .debug_line    0x000000000000b378       0x77 D:/rda5981/code/IoT-RDA5836_3.3/env/lib/gcc/mips-elf/4.4.2/libgcc.a(_lshrdi3.o)
 .debug_line    0x000000000000b3ef       0x79 D:/rda5981/code/IoT-RDA5836_3.3/env/lib/gcc/mips-elf/4.4.2/libgcc.a(_ashldi3.o)
 .debug_line    0x000000000000b468       0x6f D:/rda5981/code/IoT-RDA5836_3.3/env/lib/gcc/mips-elf/4.4.2/libgcc.a(_ucmpdi2.o)
 .debug_line    0x000000000000b4d7       0x79 D:/rda5981/code/IoT-RDA5836_3.3/env/lib/gcc/mips-elf/4.4.2/libgcc.a(_clzsi2.o)
 .debug_line    0x000000000000b550       0xbf D:/rda5981/code/IoT-RDA5836_3.3/env/lib/gcc/mips-elf/4.4.2/libgcc.a(_pack_df.o)
 .debug_line    0x000000000000b60f       0xa3 D:/rda5981/code/IoT-RDA5836_3.3/env/lib/gcc/mips-elf/4.4.2/libgcc.a(_unpack_df.o)
 .debug_line    0x000000000000b6b2       0x9a D:/rda5981/code/IoT-RDA5836_3.3/env/lib/gcc/mips-elf/4.4.2/libgcc.a(_fpcmp_parts_df.o)
 .debug_line    0x000000000000b74c       0x58 D:/rda5981/code/IoT-RDA5836_3.3/env/lib/gcc/mips-elf/4.4.2/libgcc.a(_clz.o)

.debug_frame    0x0000000000000000     0x4568
 *(EXCLUDE_FILE(*.elf) .debug_frame)
 .debug_frame   0x0000000000000000       0x40 D:/rda5981/code/IoT-RDA5836_3.3/build/download_host_5856T_nolcd/platform/programmer/flash_prog/obj/debug/flash_programmer.o
 .debug_frame   0x0000000000000040      0x71c D:/rda5981/code/IoT-RDA5836_3.3/build/download_host_5856T_nolcd/platform/programmer/flash_prog/obj/debug/stubbed_functions.o
 .debug_frame   0x000000000000075c      0x260 D:/rda5981/code/IoT-RDA5836_3.3/build/download_host_5856T_nolcd/target/lib/libtarget_debug.a(target_config.o)
 .debug_frame   0x00000000000009bc      0x490 D:/rda5981/code/IoT-RDA5836_3.3/build/download_host_5856T_nolcd/platform/edrv/memd/lib/libmemd_debug.a(drv_flsh.o)
 .debug_frame   0x0000000000000e4c       0x20 D:/rda5981/code/IoT-RDA5836_3.3/build/download_host_5856T_nolcd/platform/edrv/memd/lib/libmemd_debug.a(drv_flsh_map.o)
 .debug_frame   0x0000000000000e6c       0x20 D:/rda5981/code/IoT-RDA5836_3.3/build/download_host_5856T_nolcd/platform/edrv/memd/lib/libmemd_debug.a(memd_map.o)
 .debug_frame   0x0000000000000e8c       0x20 D:/rda5981/code/IoT-RDA5836_3.3/build/download_host_5856T_nolcd/platform/rtos/std/lib/libstd_debug.a(memcmp.o)
 .debug_frame   0x0000000000000eac       0x2c D:/rda5981/code/IoT-RDA5836_3.3/build/download_host_5856T_nolcd/platform/rtos/std/lib/libstd_debug.a(memset.o)
 .debug_frame   0x0000000000000ed8      0x764 D:/rda5981/code/IoT-RDA5836_3.3/build/download_host_5856T_nolcd/platform/edrv/pmd/lib/libpmd_debug.a(pmd.o)
 .debug_frame   0x000000000000163c      0x2b8 D:/rda5981/code/IoT-RDA5836_3.3/build/download_host_5856T_nolcd/platform/edrv/pmd/lib/libpmd_debug.a(pmd_charger.o)
 .debug_frame   0x00000000000018f4       0x20 D:/rda5981/code/IoT-RDA5836_3.3/build/download_host_5856T_nolcd/platform/edrv/pmd/lib/libpmd_debug.a(pmd_map.o)
 .debug_frame   0x0000000000001914      0x128 D:/rda5981/code/IoT-RDA5836_3.3/build/download_host_5856T_nolcd/platform/chip/5856/hal/lib/libhal_debug.a(hal_ana_gpadc.o)
 .debug_frame   0x0000000000001a3c       0xb8 D:/rda5981/code/IoT-RDA5836_3.3/build/download_host_5856T_nolcd/platform/chip/5856/hal/lib/libhal_debug.a(hal_config.o)
 .debug_frame   0x0000000000001af4      0x110 D:/rda5981/code/IoT-RDA5836_3.3/build/download_host_5856T_nolcd/platform/chip/5856/hal/lib/libhal_debug.a(hal_dma.o)
 .debug_frame   0x0000000000001c04       0xcc D:/rda5981/code/IoT-RDA5836_3.3/build/download_host_5856T_nolcd/platform/chip/5856/hal/lib/libhal_debug.a(hal_ebc.o)
 .debug_frame   0x0000000000001cd0      0x250 D:/rda5981/code/IoT-RDA5836_3.3/build/download_host_5856T_nolcd/platform/chip/5856/hal/lib/libhal_debug.a(hal_gpio.o)
 .debug_frame   0x0000000000001f20       0x30 D:/rda5981/code/IoT-RDA5836_3.3/build/download_host_5856T_nolcd/platform/chip/5856/hal/lib/libhal_debug.a(hal_host.o)
 .debug_frame   0x0000000000001f50      0x1fc D:/rda5981/code/IoT-RDA5836_3.3/build/download_host_5856T_nolcd/platform/chip/5856/hal/lib/libhal_debug.a(hal_ispi.o)