Archive member included because of file (symbol)

C:/Users/John/Desktop/5856_1029/Unit_test/build/rom_5856_nolcd/platform/chip/btcpu/lib/libbtcpu_cool_profile.a(btcpu_ram.o)
                              (btcpu_error_code)
C:/Users/John/Desktop/5856_1029/Unit_test/build/rom_5856_nolcd/platform/chip/btcpu/lib/libbtcpu_cool_profile.a(btcpu_rom.o)
                              (__btcpu_start)
C:/Users/John/Desktop/5856_1029/Unit_test/platform/edrv/btd/rdaDriver/src//libmips_be_core.a(lmp_sec_engine.o)
                              (LM_SecEng_Generate_Number)
C:/Users/John/Desktop/5856_1029/Unit_test/platform/edrv/btd/rdaDriver/src//libmips_be_core.a(lslc_irq.o)
                              (LSLCirq_ARM_COMMOM_INT_Handler)
C:/Users/John/Desktop/5856_1029/Unit_test/platform/edrv/btd/rdaDriver/src//libmips_be_core.a(hw_delay.o)
                              C:/Users/John/Desktop/5856_1029/Unit_test/platform/edrv/btd/rdaDriver/src//libmips_be_core.a(lslc_irq.o) (HWdelay_Wait_For_us)
C:/Users/John/Desktop/5856_1029/Unit_test/platform/edrv/btd/rdaDriver/src//libmips_be_core.a(tra_queue.o)
                              (BTq_BB_Dequeue_Next_Synchronous)
C:/Users/John/Desktop/5856_1029/Unit_test/platform/edrv/btd/rdaDriver/src//libmips_be_core.a(hc_event_gen.o)
                              C:/Users/John/Desktop/5856_1029/Unit_test/platform/edrv/btd/rdaDriver/src//libmips_be_core.a(tra_queue.o) (HCeg_Hardware_Error_Event)
C:/Users/John/Desktop/5856_1029/Unit_test/platform/edrv/btd/rdaDriver/src//libmips_be_core.a(lmp_ch.o)
                              C:/Users/John/Desktop/5856_1029/Unit_test/platform/edrv/btd/rdaDriver/src//libmips_be_core.a(hc_event_gen.o) (LMch_CB_Enable_L2CAP_Traffic)
C:/Users/John/Desktop/5856_1029/Unit_test/platform/edrv/btd/rdaDriver/src//libmips_be_core.a(lmp_encode_pdu.o)
                              C:/Users/John/Desktop/5856_1029/Unit_test/platform/edrv/btd/rdaDriver/src//libmips_be_core.a(lmp_ch.o) (LM_Encode_Msg_Timeout)
C:/Users/John/Desktop/5856_1029/Unit_test/platform/edrv/btd/rdaDriver/src//libmips_be_core.a(lmp_link_control_protocol.o)
                              C:/Users/John/Desktop/5856_1029/Unit_test/platform/edrv/btd/rdaDriver/src//libmips_be_core.a(lmp_ch.o) (LMlc_LM_Timing_Accuracy_Req)
C:/Users/John/Desktop/5856_1029/Unit_test/platform/edrv/btd/rdaDriver/src//libmips_be_core.a(lmp_sec_core.o)
                              C:/Users/John/Desktop/5856_1029/Unit_test/platform/edrv/btd/rdaDriver/src//libmips_be_core.a(lmp_sec_engine.o) (LMsec_core_Simple_Pairing_Complete_2)
C:/Users/John/Desktop/5856_1029/Unit_test/platform/edrv/btd/rdaDriver/src//libmips_be_core.a(lmp_sec_peer.o)
                              C:/Users/John/Desktop/5856_1029/Unit_test/platform/edrv/btd/rdaDriver/src//libmips_be_core.a(lmp_ch.o) (LMsec_peer_Send_LMP_Message)
C:/Users/John/Desktop/5856_1029/Unit_test/platform/edrv/btd/rdaDriver/src//libmips_be_core.a(lmp_sec_upper.o)
                              C:/Users/John/Desktop/5856_1029/Unit_test/platform/edrv/btd/rdaDriver/src//libmips_be_core.a(lmp_sec_core.o) (LMsec_upper_Send_HCI_Event)
C:/Users/John/Desktop/5856_1029/Unit_test/platform/edrv/btd/rdaDriver/src//libmips_be_core.a(lmp_acl_container.o)
                              C:/Users/John/Desktop/5856_1029/Unit_test/platform/edrv/btd/rdaDriver/src//libmips_be_core.a(tra_queue.o) (LMaclctr_Init_buff)
C:/Users/John/Desktop/5856_1029/Unit_test/platform/edrv/btd/rdaDriver/src//libmips_be_core.a(lmp_link_policy.o)
                              C:/Users/John/Desktop/5856_1029/Unit_test/platform/edrv/btd/rdaDriver/src//libmips_be_core.a(lmp_ch.o) (LMpol_Adjust_ACL_Packet_Types_On_All_Links)
C:/Users/John/Desktop/5856_1029/Unit_test/platform/edrv/btd/rdaDriver/src//libmips_be_core.a(lmp_link_policy_protocol.o)
                              C:/Users/John/Desktop/5856_1029/Unit_test/platform/edrv/btd/rdaDriver/src//libmips_be_core.a(lmp_ch.o) (LMpolicy_LM_Get_Min_Sniff_Interval)
C:/Users/John/Desktop/5856_1029/Unit_test/platform/edrv/btd/rdaDriver/src//libmips_be_core.a(lmp_link_qos.o)
                              C:/Users/John/Desktop/5856_1029/Unit_test/platform/edrv/btd/rdaDriver/src//libmips_be_core.a(lmp_ch.o) (LMqos_Update_Allowed_Packets)
C:/Users/John/Desktop/5856_1029/Unit_test/platform/edrv/btd/rdaDriver/src//libmips_be_core.a(lmp_acl_connection.o)
                              C:/Users/John/Desktop/5856_1029/Unit_test/platform/edrv/btd/rdaDriver/src//libmips_be_core.a(lmp_sec_core.o) (LMacl_Set_Key_Persistance)
C:/Users/John/Desktop/5856_1029/Unit_test/platform/edrv/btd/rdaDriver/src//libmips_be_core.a(lmp_link_key_db.o)
                              C:/Users/John/Desktop/5856_1029/Unit_test/platform/edrv/btd/rdaDriver/src//libmips_be_core.a(lmp_sec_core.o) (LMkeydb_Read_Link_Key)
C:/Users/John/Desktop/5856_1029/Unit_test/platform/edrv/btd/rdaDriver/src//libmips_be_core.a(lmp_sco_container.o)
[...]
Memory Configuration

Name             Origin             Length             Attributes
*default*        0x0000000000000000 0xffffffffffffffff

Linker script and memory map

LOAD C:/Users/John/Desktop/5856_1029/Unit_test/build/rom_5856_nolcd/platform/rom_prog/obj/cool_profile/stub.o
                0xffffffffa1e80000                . = 0xffffffffa1e80000

.btcpu_rom      0xffffffffa1e80000     0xfe40
 *btcpu_rom.o(.text .text.* .rdata .rodata .rodata.str1.4 .rodata.*)
 .text          0xffffffffa1e80000      0x194 C:/Users/John/Desktop/5856_1029/Unit_test/build/rom_5856_nolcd/platform/chip/btcpu/lib/libbtcpu_cool_profile.a(btcpu_rom.o)
                0xffffffffa1e80000                __btcpu_start
                0xffffffffa1e80080                __btcpu_init
                0xffffffffa1e800bc                hal_SysGetSp
                0xffffffffa1e80180                __btcpu_int_handler
 *lslc_irq.o(.text .text.* .rdata .rodata .rodata.str1.4 .rodata.*)
 .text.LSLCirq_Disable_All_Intr_Except
                0xffffffffa1e80194       0x2c C:/Users/John/Desktop/5856_1029/Unit_test/platform/edrv/btd/rdaDriver/src//libmips_be_core.a(lslc_irq.o)
                0xffffffffa1e80195                LSLCirq_Disable_All_Intr_Except
 .text.LSLCirq_R2P_Turn_On_Intr
                0xffffffffa1e801c0       0x24 C:/Users/John/Desktop/5856_1029/Unit_test/platform/edrv/btd/rdaDriver/src//libmips_be_core.a(lslc_irq.o)
                0xffffffffa1e801c1                LSLCirq_R2P_Turn_On_Intr
 .text.LSLCirq_R2P_Clear_All_Intr
                0xffffffffa1e801e4       0x1c C:/Users/John/Desktop/5856_1029/Unit_test/platform/edrv/btd/rdaDriver/src//libmips_be_core.a(lslc_irq.o)
                0xffffffffa1e801e5                LSLCirq_R2P_Clear_All_Intr
 .text.LSLCirq_Disable_And_Clear_Tabasco_Intr
                0xffffffffa1e80200       0x10 C:/Users/John/Desktop/5856_1029/Unit_test/platform/edrv/btd/rdaDriver/src//libmips_be_core.a(lslc_irq.o)
                0xffffffffa1e80201                LSLCirq_Disable_And_Clear_Tabasco_Intr
 .text.LSLCirq_Enable_Aux_Tim_Intr
                0xffffffffa1e80210       0x1c C:/Users/John/Desktop/5856_1029/Unit_test/platform/edrv/btd/rdaDriver/src//libmips_be_core.a(lslc_irq.o)
                0xffffffffa1e80211                LSLCirq_Enable_Aux_Tim_Intr
 .text.LSLCirq_Disable_Aux_Tim_Intr
                0xffffffffa1e8022c       0x18 C:/Users/John/Desktop/5856_1029/Unit_test/platform/edrv/btd/rdaDriver/src//libmips_be_core.a(lslc_irq.o)
                0xffffffffa1e8022d                LSLCirq_Disable_Aux_Tim_Intr
 .text.LSLCirq_ARM_COMMOM_INT_Handler
                0xffffffffa1e80244       0x24 C:/Users/John/Desktop/5856_1029/Unit_test/platform/edrv/btd/rdaDriver/src//libmips_be_core.a(lslc_irq.o)
                0xffffffffa1e80245                LSLCirq_ARM_COMMOM_INT_Handler
 .text.LSLCirq_BT_TIM0_Handler
                0xffffffffa1e80268       0x54 C:/Users/John/Desktop/5856_1029/Unit_test/platform/edrv/btd/rdaDriver/src//libmips_be_core.a(lslc_irq.o)
                0xffffffffa1e80269                LSLCirq_BT_TIM0_Handler
 .text.LSLCirq_BT_TIM1_Handler
                0xffffffffa1e802bc       0x54 C:/Users/John/Desktop/5856_1029/Unit_test/platform/edrv/btd/rdaDriver/src//libmips_be_core.a(lslc_irq.o)
                0xffffffffa1e802bd                LSLCirq_BT_TIM1_Handler
 .text.LSLCirq_BT_TIM2_Handler
                0xffffffffa1e80310       0x5c C:/Users/John/Desktop/5856_1029/Unit_test/platform/edrv/btd/rdaDriver/src//libmips_be_core.a(lslc_irq.o)
                0xffffffffa1e80311                LSLCirq_BT_TIM2_Handler
 .text.LSLCirq_BT_TIM3_Handler
                0xffffffffa1e8036c       0x54 C:/Users/John/Desktop/5856_1029/Unit_test/platform/edrv/btd/rdaDriver/src//libmips_be_core.a(lslc_irq.o)
                0xffffffffa1e8036d                LSLCirq_BT_TIM3_Handler
 .text.LSLCirq_BT_AUX_TIM_Handler
                0xffffffffa1e803c0       0x50 C:/Users/John/Desktop/5856_1029/Unit_test/platform/edrv/btd/rdaDriver/src//libmips_be_core.a(lslc_irq.o)
                0xffffffffa1e803c1                LSLCirq_BT_AUX_TIM_Handler
 .text.LSLCirq_BT_PKA_Handler
                0xffffffffa1e80410       0x54 C:/Users/John/Desktop/5856_1029/Unit_test/platform/edrv/btd/rdaDriver/src//libmips_be_core.a(lslc_irq.o)
                0xffffffffa1e80411                LSLCirq_BT_PKA_Handler
 .text.LSLCirq_BT_NO_PKT_RCVD_Handler
                0xffffffffa1e80464       0x50 C:/Users/John/Desktop/5856_1029/Unit_test/platform/edrv/btd/rdaDriver/src//libmips_be_core.a(lslc_irq.o)
                0xffffffffa1e80465                LSLCirq_BT_NO_PKT_RCVD_Handler
 .text.LSLCirq_BT_PKD_Handler
                0xffffffffa1e804b4       0x58 C:/Users/John/Desktop/5856_1029/Unit_test/platform/edrv/btd/rdaDriver/src//libmips_be_core.a(lslc_irq.o)
                0xffffffffa1e804b5                LSLCirq_BT_PKD_Handler
 .text.LSLCirq_BT_PKD_RX_HDR_Handler
                0xffffffffa1e8050c       0x50 C:/Users/John/Desktop/5856_1029/Unit_test/platform/edrv/btd/rdaDriver/src//libmips_be_core.a(lslc_irq.o)
                0xffffffffa1e8050d                LSLCirq_BT_PKD_RX_HDR_Handler
 .text.LSLCirq_BT_SYNC_DET_Handler
                0xffffffffa1e8055c       0x50 C:/Users/John/Desktop/5856_1029/Unit_test/platform/edrv/btd/rdaDriver/src//libmips_be_core.a(lslc_irq.o)
                0xffffffffa1e8055d                LSLCirq_BT_SYNC_DET_Handler
 *lslc_pkt.o(.text .text.* .rdata .rodata .rodata.str1.4 .rodata.*)
 .text.LSLCpkt_Get_Active_Rx_Device_Link_Ref
                0xffffffffa1e805ac        0xc C:/Users/John/Desktop/5856_1029/Unit_test/platform/edrv/btd/rdaDriver/src//libmips_be_core.a(lslc_pkt.o)
                0xffffffffa1e805ad                LSLCpkt_Get_Active_Rx_Device_Link_Ref
 .text.LSLCpkt_Get_Active_Tx_Device_Link_Ref
                0xffffffffa1e805b8        0xc C:/Users/John/Desktop/5856_1029/Unit_test/platform/edrv/btd/rdaDriver/src//libmips_be_core.a(lslc_pkt.o)
                0xffffffffa1e805b9                LSLCpkt_Get_Active_Tx_Device_Link_Ref
 .text._LSLCpkt_Prepare_Piconet_Channel_Access
                0xffffffffa1e805c4      0x104 C:/Users/John/Desktop/5856_1029/Unit_test/platform/edrv/btd/rdaDriver/src//libmips_be_core.a(lslc_pkt.o)
                0xffffffffa1e805c5                _LSLCpkt_Prepare_Piconet_Channel_Access
 .text.LSLCpkt_Generate_POLL
                0xffffffffa1e806c8       0x2c C:/Users/John/Desktop/5856_1029/Unit_test/platform/edrv/btd/rdaDriver/src//libmips_be_core.a(lslc_pkt.o)
                0xffffffffa1e806c9                LSLCpkt_Generate_POLL
 .text.LSLCpkt_Generate_NULL
                0xffffffffa1e806f4       0x2c C:/Users/John/Desktop/5856_1029/Unit_test/platform/edrv/btd/rdaDriver/src//libmips_be_core.a(lslc_pkt.o)
                0xffffffffa1e806f5                LSLCpkt_Generate_NULL
 .text.LSLCpkt_Generate_DV
                0xffffffffa1e80720       0x3c C:/Users/John/Desktop/5856_1029/Unit_test/platform/edrv/btd/rdaDriver/src//libmips_be_core.a(lslc_pkt.o)
                0xffffffffa1e80721                LSLCpkt_Generate_DV
 .text.LSLCpkt_Generate_ACL
                0xffffffffa1e8075c       0x64 C:/Users/John/Desktop/5856_1029/Unit_test/platform/edrv/btd/rdaDriver/src//libmips_be_core.a(lslc_pkt.o)
                0xffffffffa1e8075d                LSLCpkt_Generate_ACL
 .text.LSLCpkt_Generate_SCO
                0xffffffffa1e807c0       0x98 C:/Users/John/Desktop/5856_1029/Unit_test/platform/edrv/btd/rdaDriver/src//libmips_be_core.a(lslc_pkt.o)
                0xffffffffa1e807c1                LSLCpkt_Generate_SCO
 .text.LSLCpkt_Generate_EIR
                0xffffffffa1e80858       0x90 C:/Users/John/Desktop/5856_1029/Unit_test/platform/edrv/btd/rdaDriver/src//libmips_be_core.a(lslc_pkt.o)
                0xffffffffa1e80859                LSLCpkt_Generate_EIR
 .text.LSLCpkt_Generate_FHS_Common_
                0xffffffffa1e808e8       0x80 C:/Users/John/Desktop/5856_1029/Unit_test/platform/edrv/btd/rdaDriver/src//libmips_be_core.a(lslc_pkt.o)
                0xffffffffa1e808e9                LSLCpkt_Generate_FHS_Common_
 .text.LSLCpkt_Generate_FHS_Ex
                0xffffffffa1e80968       0x34 C:/Users/John/Desktop/5856_1029/Unit_test/platform/edrv/btd/rdaDriver/src//libmips_be_core.a(lslc_pkt.o)
                0xffffffffa1e80969                LSLCpkt_Generate_FHS_Ex
 .text.LSLCpkt_Generate_FHS
                0xffffffffa1e8099c       0x2c C:/Users/John/Desktop/5856_1029/Unit_test/platform/edrv/btd/rdaDriver/src//libmips_be_core.a(lslc_pkt.o)
                0xffffffffa1e8099d                LSLCpkt_Generate_FHS
 .text.LSLCpkt_Generate_ID
                0xffffffffa1e809c8       0x54 C:/Users/John/Desktop/5856_1029/Unit_test/platform/edrv/btd/rdaDriver/src//libmips_be_core.a(lslc_pkt.o)
                0xffffffffa1e809c9                LSLCpkt_Generate_ID
 .text.LSLCpkt_Process_Rx_Packet
                0xffffffffa1e80a1c       0x60 C:/Users/John/Desktop/5856_1029/Unit_test/platform/edrv/btd/rdaDriver/src//libmips_be_core.a(lslc_pkt.o)
                0xffffffffa1e80a1d                LSLCpkt_Process_Rx_Packet
 .text.LSLCpkt_Process_No_Rx_Packet
                0xffffffffa1e80a7c       0x20 C:/Users/John/Desktop/5856_1029/Unit_test/platform/edrv/btd/rdaDriver/src//libmips_be_core.a(lslc_pkt.o)
                0xffffffffa1e80a7d                LSLCpkt_Process_No_Rx_Packet
 .text.LSLCpkt_Process_Rx_Packet_Header
                0xffffffffa1e80a9c       0x24 C:/Users/John/Desktop/5856_1029/Unit_test/platform/edrv/btd/rdaDriver/src//libmips_be_core.a(lslc_pkt.o)
                0xffffffffa1e80a9d                LSLCpkt_Process_Rx_Packet_Header
 .text.LSLCpkt_Prepare_Receiver_Return_To_Piconet
                0xffffffffa1e80ac0       0x78 C:/Users/John/Desktop/5856_1029/Unit_test/platform/edrv/btd/rdaDriver/src//libmips_be_core.a(lslc_pkt.o)
                0xffffffffa1e80ac1                LSLCpkt_Prepare_Receiver_Return_To_Piconet
 .text.LSLCpkt_Prepare_Receiver_Master_Slave_Switch
                0xffffffffa1e80b38       0x34 C:/Users/John/Desktop/5856_1029/Unit_test/platform/edrv/btd/rdaDriver/src//libmips_be_core.a(lslc_pkt.o)
                0xffffffffa1e80b39                LSLCpkt_Prepare_Receiver_Master_Slave_Switch
 .text.LSLCpkt_Prepare_Receiver_Connection
                0xffffffffa1e80b6c       0x38 C:/Users/John/Desktop/5856_1029/Unit_test/platform/edrv/btd/rdaDriver/src//libmips_be_core.a(lslc_pkt.o)
                0xffffffffa1e80b6d                LSLCpkt_Prepare_Receiver_Connection
 .text.LSLCpkt_Prepare_Receiver_EIR
                0xffffffffa1e80ba4       0x3c C:/Users/John/Desktop/5856_1029/Unit_test/platform/edrv/btd/rdaDriver/src//libmips_be_core.a(lslc_pkt.o)
                0xffffffffa1e80ba5                LSLCpkt_Prepare_Receiver_EIR
 .text.LSLCpkt_Prepare_Receiver_FHS
                0xffffffffa1e80be0       0x84 C:/Users/John/Desktop/5856_1029/Unit_test/platform/edrv/btd/rdaDriver/src//libmips_be_core.a(lslc_pkt.o)
                0xffffffffa1e80be1                LSLCpkt_Prepare_Receiver_FHS
 .text.LSLCpkt_Prepare_Receiver_ID
                0xffffffffa1e80c64       0x34 C:/Users/John/Desktop/5856_1029/Unit_test/platform/edrv/btd/rdaDriver/src//libmips_be_core.a(lslc_pkt.o)
                0xffffffffa1e80c65                LSLCpkt_Prepare_Receiver_ID
 .text.LSLCpkt_Disable_Receiver
                0xffffffffa1e80c98       0x18 C:/Users/John/Desktop/5856_1029/Unit_test/platform/edrv/btd/rdaDriver/src//libmips_be_core.a(lslc_pkt.o)
                0xffffffffa1e80c99                LSLCpkt_Disable_Receiver
 *lslc_slot.o(.text .text.* .rdata .rodata .rodata.str1.4 .rodata.*)
 .text._LSLCslot_Handle_Rx_Interrupt_Error
                0xffffffffa1e80cb0       0x24 C:/Users/John/Desktop/5856_1029/Unit_test/platform/edrv/btd/rdaDriver/src//libmips_be_core.a(lslc_slot.o)
                0xffffffffa1e80cb1                _LSLCslot_Handle_Rx_Interrupt_Error
 .text.LSLCslot_Switch_Slot
                0xffffffffa1e80cd4       0x1c C:/Users/John/Desktop/5856_1029/Unit_test/platform/edrv/btd/rdaDriver/src//libmips_be_core.a(lslc_slot.o)
                0xffffffffa1e80cd5                LSLCslot_Switch_Slot
 .text.LSLCslot_Write_BT_Clk_Avoid_Race
                0xffffffffa1e80cf0       0x54 C:/Users/John/Desktop/5856_1029/Unit_test/platform/edrv/btd/rdaDriver/src//libmips_be_core.a(lslc_slot.o)
                0xffffffffa1e80cf1                LSLCslot_Write_BT_Clk_Avoid_Race
 .text.LSLCslot_Handle_AUX_TIM
                0xffffffffa1e80d44       0x10 C:/Users/John/Desktop/5856_1029/Unit_test/platform/edrv/btd/rdaDriver/src//libmips_be_core.a(lslc_slot.o)
                0xffffffffa1e80d45                LSLCslot_Handle_AUX_TIM
 .text.LSLCslot_Handle_SYNC_DET
                0xffffffffa1e80d54       0x4c C:/Users/John/Desktop/5856_1029/Unit_test/platform/edrv/btd/rdaDriver/src//libmips_be_core.a(lslc_slot.o)
                0xffffffffa1e80d55                LSLCslot_Handle_SYNC_DET
 .text.LSLCslot_Handle_TIM2
                0xffffffffa1e80da0      0x298 C:/Users/John/Desktop/5856_1029/Unit_test/platform/edrv/btd/rdaDriver/src//libmips_be_core.a(lslc_slot.o)
                0xffffffffa1e80da1                LSLCslot_Handle_TIM2
 .text.LSLCslot_Handle_TIM3
                0xffffffffa1e81038       0xc0 C:/Users/John/Desktop/5856_1029/Unit_test/platform/edrv/btd/rdaDriver/src//libmips_be_core.a(lslc_slot.o)
                0xffffffffa1e81039                LSLCslot_Handle_TIM3
 .text.LSLCslot_Handle_TIM1
                0xffffffffa1e810f8       0x78 C:/Users/John/Desktop/5856_1029/Unit_test/platform/edrv/btd/rdaDriver/src//libmips_be_core.a(lslc_slot.o)
                0xffffffffa1e810f9                LSLCslot_Handle_TIM1
 .text.LSLCslot_Handle_TIM0
                0xffffffffa1e81170      0x250 C:/Users/John/Desktop/5856_1029/Unit_test/platform/edrv/btd/rdaDriver/src//libmips_be_core.a(lslc_slot.o)
                0xffffffffa1e81171                LSLCslot_Handle_TIM0
 .text.LSLCslot_Handle_PKD_RX_HDR
                0xffffffffa1e813c0      0x1c4 C:/Users/John/Desktop/5856_1029/Unit_test/platform/edrv/btd/rdaDriver/src//libmips_be_core.a(lslc_slot.o)
                0xffffffffa1e813c1                LSLCslot_Handle_PKD_RX_HDR
 .text.LSLCslot_Handle_NO_PKT_RCVD
                0xffffffffa1e81584       0xf8 C:/Users/John/Desktop/5856_1029/Unit_test/platform/edrv/btd/rdaDriver/src//libmips_be_core.a(lslc_slot.o)
                0xffffffffa1e81585                LSLCslot_Handle_NO_PKT_RCVD
 .text.LSLCslot_Handle_PKD
                0xffffffffa1e8167c      0x1a4 C:/Users/John/Desktop/5856_1029/Unit_test/platform/edrv/btd/rdaDriver/src//libmips_be_core.a(lslc_slot.o)
                0xffffffffa1e8167d                LSLCslot_Handle_PKD
 .text.LSLCslot_Handle_PKA
                0xffffffffa1e81820      0x160 C:/Users/John/Desktop/5856_1029/Unit_test/platform/edrv/btd/rdaDriver/src//libmips_be_core.a(lslc_slot.o)
                0xffffffffa1e81821                LSLCslot_Handle_PKA
 *(.text .text.* .rdata .rodata .rodata.str1.4 .rodata.*)
 .text._SHA_256_Chunk
                0xffffffffa1e81980      0x23c C:/Users/John/Desktop/5856_1029/Unit_test/platform/edrv/btd/rdaDriver/src//libmips_be_core.a(lmp_sec_engine.o)
                0xffffffffa1e81981                _SHA_256_Chunk
 .text._SHA_256_Finish
                0xffffffffa1e81bbc       0x38 C:/Users/John/Desktop/5856_1029/Unit_test/platform/edrv/btd/rdaDriver/src//libmips_be_core.a(lmp_sec_engine.o)
                0xffffffffa1e81bbd                _SHA_256_Finish
 .text._Mod2_Multiply_Kc
                0xffffffffa1e81bf4       0xbc C:/Users/John/Desktop/5856_1029/Unit_test/platform/edrv/btd/rdaDriver/src//libmips_be_core.a(lmp_sec_engine.o)
                0xffffffffa1e81bf5                _Mod2_Multiply_Kc
 .text._Mod2_Reduce_Kc
                0xffffffffa1e81cb0      0x13c C:/Users/John/Desktop/5856_1029/Unit_test/platform/edrv/btd/rdaDriver/src//libmips_be_core.a(lmp_sec_engine.o)
                0xffffffffa1e81cb1                _Mod2_Reduce_Kc
 .text._Byte_To_Reg_Array
                0xffffffffa1e81dec       0x54 C:/Users/John/Desktop/5856_1029/Unit_test/platform/edrv/btd/rdaDriver/src//libmips_be_core.a(lmp_sec_engine.o)
                0xffffffffa1e81ded                _Byte_To_Reg_Array
 .text._SHA_256_Step
                0xffffffffa1e81e40      0x110 C:/Users/John/Desktop/5856_1029/Unit_test/platform/edrv/btd/rdaDriver/src//libmips_be_core.a(lmp_sec_engine.o)
                0xffffffffa1e81e41                _SHA_256_Step
 .text.LM_SecEng_Generate_Number
                0xffffffffa1e81f50       0xb8 C:/Users/John/Desktop/5856_1029/Unit_test/platform/edrv/btd/rdaDriver/src//libmips_be_core.a(lmp_sec_engine.o)
                0xffffffffa1e81f51                LM_SecEng_Generate_Number
 .text._Byte_To_Reg_KC
                0xffffffffa1e82008       0x30 C:/Users/John/Desktop/5856_1029/Unit_test/platform/edrv/btd/rdaDriver/src//libmips_be_core.a(lmp_sec_engine.o)
                0xffffffffa1e82009                _Byte_To_Reg_KC
 .text._Reg_To_Byte_KC
                0xffffffffa1e82038       0x2c C:/Users/John/Desktop/5856_1029/Unit_test/platform/edrv/btd/rdaDriver/src//libmips_be_core.a(lmp_sec_engine.o)
                0xffffffffa1e82039                _Reg_To_Byte_KC
 .text.LM_SecEng_Generate_Kc_Prime
                0xffffffffa1e82064       0x78 C:/Users/John/Desktop/5856_1029/Unit_test/platform/edrv/btd/rdaDriver/src//libmips_be_core.a(lmp_sec_engine.o)
                0xffffffffa1e82065                LM_SecEng_Generate_Kc_Prime
 .rodata.SHA_256_k
                0xffffffffa1e820dc      0x100 C:/Users/John/Desktop/5856_1029/Unit_test/platform/edrv/btd/rdaDriver/src//libmips_be_core.a(lmp_sec_engine.o)
                0xffffffffa1e820dc                SHA_256_k
 .rodata.g2PolyByteOffset.9115
                0xffffffffa1e821dc       0x10 C:/Users/John/Desktop/5856_1029/Unit_test/platform/edrv/btd/rdaDriver/src//libmips_be_core.a(lmp_sec_engine.o)
 .rodata.g2PolyByteLen.9114
                0xffffffffa1e821ec       0x10 C:/Users/John/Desktop/5856_1029/Unit_test/platform/edrv/btd/rdaDriver/src//libmips_be_core.a(lmp_sec_engine.o)
 .rodata.arrayG2Poly.9113
                0xffffffffa1e821fc       0x94 C:/Users/John/Desktop/5856_1029/Unit_test/platform/edrv/btd/rdaDriver/src//libmips_be_core.a(lmp_sec_engine.o)
 .rodata.arrayG1Poly.9112
                0xffffffffa1e82290       0x3c C:/Users/John/Desktop/5856_1029/Unit_test/platform/edrv/btd/rdaDriver/src//libmips_be_core.a(lmp_sec_engine.o)
 .text.HWdelay_Wait_For_us
                0xffffffffa1e822cc       0x24 C:/Users/John/Desktop/5856_1029/Unit_test/platform/edrv/btd/rdaDriver/src//libmips_be_core.a(hw_delay.o)
                0xffffffffa1e822cd                HWdelay_Wait_For_us
 .text.HWdelay_Wait_For_Serial_Interface_Idle
                0xffffffffa1e822f0       0x10 C:/Users/John/Desktop/5856_1029/Unit_test/platform/edrv/btd/rdaDriver/src//libmips_be_core.a(hw_delay.o)
                0xffffffffa1e822f1                HWdelay_Wait_For_Serial_Interface_Idle
 .text.HWdelay_Wait_For_Serial_Interface_Busy_us
                0xffffffffa1e82300       0x28 C:/Users/John/Desktop/5856_1029/Unit_test/platform/edrv/btd/rdaDriver/src//libmips_be_core.a(hw_delay.o)
                0xffffffffa1e82301                HWdelay_Wait_For_Serial_Interface_Busy_us
 .text.BTq_Is_Queue_Not_Full
                0xffffffffa1e82328       0x60 C:/Users/John/Desktop/5856_1029/Unit_test/platform/edrv/btd/rdaDriver/src//libmips_be_core.a(tra_queue.o)
                0xffffffffa1e82329                BTq_Is_Queue_Not_Full
 .text.BTq_Is_Queue_Empty
                0xffffffffa1e82388       0x20 C:/Users/John/Desktop/5856_1029/Unit_test/platform/edrv/btd/rdaDriver/src//libmips_be_core.a(tra_queue.o)
                0xffffffffa1e82389                BTq_Is_Queue_Empty
 .text.BTq_Get_Last_Enqueue
                0xffffffffa1e823a8       0x24 C:/Users/John/Desktop/5856_1029/Unit_test/platform/edrv/btd/rdaDriver/src//libmips_be_core.a(tra_queue.o)
                0xffffffffa1e823a9                BTq_Get_Last_Enqueue
 .text.BTq_Dequeue_Next_Data_By_Length
                0xffffffffa1e823cc       0x40 C:/Users/John/Desktop/5856_1029/Unit_test/platform/edrv/btd/rdaDriver/src//libmips_be_core.a(tra_queue.o)
                0xffffffffa1e823cd                BTq_Dequeue_Next_Data_By_Length
 .text.BTq_Lelc_Get_Total_Num_Of_Queues
                0xffffffffa1e8240c       0x28 C:/Users/John/Desktop/5856_1029/Unit_test/platform/edrv/btd/rdaDriver/src//libmips_be_core.a(tra_queue.o)
                0xffffffffa1e8240d                BTq_Lelc_Get_Total_Num_Of_Queues
 .text.BTq_Ack_Last_Dequeued
                0xffffffffa1e82434      0x184 C:/Users/John/Desktop/5856_1029/Unit_test/platform/edrv/btd/rdaDriver/src//libmips_be_core.a(tra_queue.o)
                0xffffffffa1e82435                BTq_Ack_Last_Dequeued
 .text.BTq_BB_Dequeue_Next_Synchronous
                0xffffffffa1e825b8       0x9c C:/Users/John/Desktop/5856_1029/Unit_test/platform/edrv/btd/rdaDriver/src//libmips_be_core.a(tra_queue.o)
                0xffffffffa1e825b9                BTq_BB_Dequeue_Next_Synchronous
 .text.BTq_Commit
                0xffffffffa1e82654       0x84 C:/Users/John/Desktop/5856_1029/Unit_test/platform/edrv/btd/rdaDriver/src//libmips_be_core.a(tra_queue.o)
                0xffffffffa1e82655                BTq_Commit
 .text.BTq_Enqueue
                0xffffffffa1e826d8      0x1a8 C:/Users/John/Desktop/5856_1029/Unit_test/platform/edrv/btd/rdaDriver/src//libmips_be_core.a(tra_queue.o)
                0xffffffffa1e826d9                BTq_Enqueue
 .text.BTq_Reduce_Queue_Number_Of_Processed_Chunks
                0xffffffffa1e82880       0x80 C:/Users/John/Desktop/5856_1029/Unit_test/platform/edrv/btd/rdaDriver/src//libmips_be_core.a(tra_queue.o)
                0xffffffffa1e82881                BTq_Reduce_Queue_Number_Of_Processed_Chunks
 .text.BTq_LELC_BB_Dequeue_Next
                0xffffffffa1e82900       0x90 C:/Users/John/Desktop/5856_1029/Unit_test/platform/edrv/btd/rdaDriver/src//libmips_be_core.a(tra_queue.o)
                0xffffffffa1e82901                BTq_LELC_BB_Dequeue_Next
 .text.BTq_BB_Dequeue_Next
                0xffffffffa1e82990      0x158 C:/Users/John/Desktop/5856_1029/Unit_test/platform/edrv/btd/rdaDriver/src//libmips_be_core.a(tra_queue.o)
                0xffffffffa1e82991                BTq_BB_Dequeue_Next
 .rodata.C.66.9844
                0xffffffffa1e82ae8       0x2c C:/Users/John/Desktop/5856_1029/Unit_test/platform/edrv/btd/rdaDriver/src//libmips_be_core.a(tra_queue.o)
 .rodata.C.65.9843
                0xffffffffa1e82b14       0x24 C:/Users/John/Desktop/5856_1029/Unit_test/platform/edrv/btd/rdaDriver/src//libmips_be_core.a(tra_queue.o)
 .text._Insert_Uint16
                0xffffffffa1e82b38       0x10 C:/Users/John/Desktop/5856_1029/Unit_test/platform/edrv/btd/rdaDriver/src//libmips_be_core.a(hc_event_gen.o)
                0xffffffffa1e82b39                _Insert_Uint16
 .text._Insert_Uint32
                0xffffffffa1e82b48       0x14 C:/Users/John/Desktop/5856_1029/Unit_test/platform/edrv/btd/rdaDriver/src//libmips_be_core.a(hc_event_gen.o)
                0xffffffffa1e82b49                _Insert_Uint32
 .text._Insert_Bd_Addr_In_PDU
                0xffffffffa1e82b5c       0x1c C:/Users/John/Desktop/5856_1029/Unit_test/platform/edrv/btd/rdaDriver/src//libmips_be_core.a(hc_event_gen.o)
                0xffffffffa1e82b5d                _Insert_Bd_Addr_In_PDU
 .text.HCeg_Encode_Event
                0xffffffffa1e82b78       0x88 C:/Users/John/Desktop/5856_1029/Unit_test/platform/edrv/btd/rdaDriver/src//libmips_be_core.a(hc_event_gen.o)
                0xffffffffa1e82b79                HCeg_Encode_Event
 .text.HCeg_Inquiry_Result_Event
                0xffffffffa1e82c00       0x9c C:/Users/John/Desktop/5856_1029/Unit_test/platform/edrv/btd/rdaDriver/src//libmips_be_core.a(hc_event_gen.o)
                0xffffffffa1e82c01                HCeg_Inquiry_Result_Event
 .text.HCeg_Generate_Event
                0xffffffffa1e82c9c      0x398 C:/Users/John/Desktop/5856_1029/Unit_test/platform/edrv/btd/rdaDriver/src//libmips_be_core.a(hc_event_gen.o)
                0xffffffffa1e82c9d                HCeg_Generate_Event
 .text.HCeg_Hardware_Error_Event
                0xffffffffa1e83034       0x28 C:/Users/John/Desktop/5856_1029/Unit_test/platform/edrv/btd/rdaDriver/src//libmips_be_core.a(hc_event_gen.o)
                0xffffffffa1e83035                HCeg_Hardware_Error_Event
 .rodata.hc_event_param_len
                0xffffffffa1e8305c       0x40 C:/Users/John/Desktop/5856_1029/Unit_test/platform/edrv/btd/rdaDriver/src//libmips_be_core.a(hc_event_gen.o)
                0xffffffffa1e8305c                hc_event_param_len
 .rodata.hc_format_events
                0xffffffffa1e8309c       0x10 C:/Users/John/Desktop/5856_1029/Unit_test/platform/edrv/btd/rdaDriver/src//libmips_be_core.a(hc_event_gen.o)
                0xffffffffa1e8309c                hc_format_events
 .rodata.hc_event_format
                0xffffffffa1e830ac       0x40 C:/Users/John/Desktop/5856_1029/Unit_test/platform/edrv/btd/rdaDriver/src//libmips_be_core.a(hc_event_gen.o)
                0xffffffffa1e830ac                hc_event_format
 .rodata.C.62.10618
                0xffffffffa1e830ec        0x8 C:/Users/John/Desktop/5856_1029/Unit_test/platform/edrv/btd/rdaDriver/src//libmips_be_core.a(hc_event_gen.o)
 .text.LMch_CB_Enable_L2CAP_Traffic
                0xffffffffa1e830f4       0x3c C:/Users/John/Desktop/5856_1029/Unit_test/platform/edrv/btd/rdaDriver/src//libmips_be_core.a(lmp_ch.o)
                0xffffffffa1e830f5                LMch_CB_Enable_L2CAP_Traffic
 .text.LMaclctr_Find_Device_Index
                0xffffffffa1e83130       0x14 C:/Users/John/Desktop/5856_1029/Unit_test/platform/edrv/btd/rdaDriver/src//libmips_be_core.a(lmp_acl_container.o)
                0xffffffffa1e83131                LMaclctr_Find_Device_Index
 .text.LMaclctr_Find_Handle
                0xffffffffa1e83144       0x40 C:/Users/John/Desktop/5856_1029/Unit_test/platform/edrv/btd/rdaDriver/src//libmips_be_core.a(lmp_acl_container.o)
                0xffffffffa1e83145                LMaclctr_Find_Handle
 .text.LMpol_Update_Poll_interval
                0xffffffffa1e83184       0x44 C:/Users/John/Desktop/5856_1029/Unit_test/platform/edrv/btd/rdaDriver/src//libmips_be_core.a(lmp_link_policy.o)
                0xffffffffa1e83185                LMpol_Update_Poll_interval
 .text.LMpol_Get_Next_SCO_Link
                0xffffffffa1e831c8       0x54 C:/Users/John/Desktop/5856_1029/Unit_test/platform/edrv/btd/rdaDriver/src//libmips_be_core.a(lmp_link_policy.o)
                0xffffffffa1e831c9                LMpol_Get_Next_SCO_Link
 .text.LMpol_Get_Slots_To_Next_SCO_Frame
                0xffffffffa1e8321c       0x5c C:/Users/John/Desktop/5856_1029/Unit_test/platform/edrv/btd/rdaDriver/src//libmips_be_core.a(lmp_link_policy.o)
                0xffffffffa1e8321d                LMpol_Get_Slots_To_Next_SCO_Frame
 .text.LMpol_Get_device_Interval_To_Next_Wakeup
                0xffffffffa1e83278       0x40 C:/Users/John/Desktop/5856_1029/Unit_test/platform/edrv/btd/rdaDriver/src//libmips_be_core.a(lmp_link_policy.o)
                0xffffffffa1e83279                LMpol_Get_device_Interval_To_Next_Wakeup
 .text.LMpol_Get_Interval_To_Next_Wakeup
                0xffffffffa1e832b8       0x48 C:/Users/John/Desktop/5856_1029/Unit_test/platform/edrv/btd/rdaDriver/src//libmips_be_core.a(lmp_link_policy.o)
                0xffffffffa1e832b9                LMpol_Get_Interval_To_Next_Wakeup
 .text.LMpol_Adjust_Wakeup_Slot_Time
                0xffffffffa1e83300      0x1e0 C:/Users/John/Desktop/5856_1029/Unit_test/platform/edrv/btd/rdaDriver/src//libmips_be_core.a(lmp_link_policy.o)
                0xffffffffa1e83301                LMpol_Adjust_Wakeup_Slot_Time
 .text.LMpol_Service_Imminent_Wakeup_Control
                0xffffffffa1e834e0       0xb4 C:/Users/John/Desktop/5856_1029/Unit_test/platform/edrv/btd/rdaDriver/src//libmips_be_core.a(lmp_link_policy.o)
                0xffffffffa1e834e1                LMpol_Service_Imminent_Wakeup_Control
 .text.LMscoctr_Get_Number_SYN_Connections
                0xffffffffa1e83594       0x18 C:/Users/John/Desktop/5856_1029/Unit_test/platform/edrv/btd/rdaDriver/src//libmips_be_core.a(lmp_sco_container.o)
                0xffffffffa1e83595                LMscoctr_Get_Number_SYN_Connections
 .text.LMscoctr_Find_SCO_By_SCO_Index
                0xffffffffa1e835ac       0x18 C:/Users/John/Desktop/5856_1029/Unit_test/platform/edrv/btd/rdaDriver/src//libmips_be_core.a(lmp_sco_container.o)
                0xffffffffa1e835ad                LMscoctr_Find_SCO_By_SCO_Index
 .text.LMconfig_LM_Set_Device_State
                0xffffffffa1e835c4       0x4c C:/Users/John/Desktop/5856_1029/Unit_test/platform/edrv/btd/rdaDriver/src//libmips_be_core.a(lmp_config.o)
                0xffffffffa1e835c5                LMconfig_LM_Set_Device_State
 .text.LMscan_Read_Scan_Enable
                0xffffffffa1e83610        0xc C:/Users/John/Desktop/5856_1029/Unit_test/platform/edrv/btd/rdaDriver/src//libmips_be_core.a(lmp_scan.o)
                0xffffffffa1e83611                LMscan_Read_Scan_Enable
 .text.LMinq_Get_Inquiry_Result_Mode
                0xffffffffa1e8361c        0xc C:/Users/John/Desktop/5856_1029/Unit_test/platform/edrv/btd/rdaDriver/src//libmips_be_core.a(lmp_inquiry.o)
                0xffffffffa1e8361d                LMinq_Get_Inquiry_Result_Mode
 .text.LMtmr_Delist_Timer
                0xffffffffa1e83628       0x68 C:/Users/John/Desktop/5856_1029/Unit_test/platform/edrv/btd/rdaDriver/src//libmips_be_core.a(lmp_timer.o)
                0xffffffffa1e83629                LMtmr_Delist_Timer
 .text.SYStmr_Clear_Timer
                0xffffffffa1e83690       0x48 C:/Users/John/Desktop/5856_1029/Unit_test/platform/edrv/btd/rdaDriver/src//libmips_be_core.a(lmp_timer.o)
                0xffffffffa1e83691                SYStmr_Clear_Timer
 .text.LLtmr_Clear_Timer
                0xffffffffa1e836d8       0x14 C:/Users/John/Desktop/5856_1029/Unit_test/platform/edrv/btd/rdaDriver/src//libmips_be_core.a(lmp_timer.o)
                0xffffffffa1e836d9                LLtmr_Clear_Timer
 .text.LMtmr_Clear_Timer
                0xffffffffa1e836ec       0x14 C:/Users/John/Desktop/5856_1029/Unit_test/platform/edrv/btd/rdaDriver/src//libmips_be_core.a(lmp_timer.o)
                0xffffffffa1e836ed                LMtmr_Clear_Timer
 .text.LMtmr_Enlist_Timer
                0xffffffffa1e83700       0x88 C:/Users/John/Desktop/5856_1029/Unit_test/platform/edrv/btd/rdaDriver/src//libmips_be_core.a(lmp_timer.o)
                0xffffffffa1e83701                LMtmr_Enlist_Timer
 .text.SYStmr_Reset_Timer
                0xffffffffa1e83788       0x90 C:/Users/John/Desktop/5856_1029/Unit_test/platform/edrv/btd/rdaDriver/src//libmips_be_core.a(lmp_timer.o)
                0xffffffffa1e83789                SYStmr_Reset_Timer
 .text.LLtmr_Reset_Timer
                0xffffffffa1e83818       0x14 C:/Users/John/Desktop/5856_1029/Unit_test/platform/edrv/btd/rdaDriver/src//libmips_be_core.a(lmp_timer.o)
                0xffffffffa1e83819                LLtmr_Reset_Timer
 .text.SYStmr_Set_Timer
                0xffffffffa1e8382c       0xd0 C:/Users/John/Desktop/5856_1029/Unit_test/platform/edrv/btd/rdaDriver/src//libmips_be_core.a(lmp_timer.o)
                0xffffffffa1e8382d                SYStmr_Set_Timer
 .text.LLtmr_Set_Timer
                0xffffffffa1e838fc       0x18 C:/Users/John/Desktop/5856_1029/Unit_test/platform/edrv/btd/rdaDriver/src//libmips_be_core.a(lmp_timer.o)
                0xffffffffa1e838fd                LLtmr_Set_Timer
 .text.LMutils_Set_Uint32
                0xffffffffa1e83914       0x14 C:/Users/John/Desktop/5856_1029/Unit_test/platform/edrv/btd/rdaDriver/src//libmips_be_core.a(lmp_utils.o)
                0xffffffffa1e83915                LMutils_Set_Uint32
 .text.LMafh_LM_Read_AFH_Channel_Assessment_Mode
                0xffffffffa1e83928       0x24 C:/Users/John/Desktop/5856_1029/Unit_test/platform/edrv/btd/rdaDriver/src//libmips_be_core.a(lmp_afh.o)
                0xffffffffa1e83929                LMafh_LM_Read_AFH_Channel_Assessment_Mode
 .text.LMafh_Is_Classification_Reporting
                0xffffffffa1e8394c       0x28 C:/Users/John/Desktop/5856_1029/Unit_test/platform/edrv/btd/rdaDriver/src//libmips_be_core.a(lmp_afh.o)
                0xffffffffa1e8394d                LMafh_Is_Classification_Reporting
 .text.LLutils_Set_Bd_Addr
                0xffffffffa1e83974       0x10 C:/Users/John/Desktop/5856_1029/Unit_test/platform/edrv/btd/rdaDriver/src//libmips_be_core.a(ll_utils.o)
                0xffffffffa1e83975                LLutils_Set_Bd_Addr
 .text.LLutils_Bd_Addr_Match1
                0xffffffffa1e83984       0x50 C:/Users/John/Desktop/5856_1029/Unit_test/platform/edrv/btd/rdaDriver/src//libmips_be_core.a(ll_utils.o)
                0xffffffffa1e83985                LLutils_Bd_Addr_Match1
 .text.LLutils_Get_Bd_Addr
                0xffffffffa1e839d4       0x1c C:/Users/John/Desktop/5856_1029/Unit_test/platform/edrv/btd/rdaDriver/src//libmips_be_core.a(ll_utils.o)
                0xffffffffa1e839d5                LLutils_Get_Bd_Addr
 .text.LLutils_Bd_Addr_Match
                0xffffffffa1e839f0       0x24 C:/Users/John/Desktop/5856_1029/Unit_test/platform/edrv/btd/rdaDriver/src//libmips_be_core.a(ll_utils.o)
                0xffffffffa1e839f1                LLutils_Bd_Addr_Match
 .text.LLutils_Array_Copy
                0xffffffffa1e83a14       0x18 C:/Users/John/Desktop/5856_1029/Unit_test/platform/edrv/btd/rdaDriver/src//libmips_be_core.a(ll_utils.o)
                0xffffffffa1e83a15                LLutils_Array_Copy
 .text.LLutils_Get_Uint16
                0xffffffffa1e83a2c       0x10 C:/Users/John/Desktop/5856_1029/Unit_test/platform/edrv/btd/rdaDriver/src//libmips_be_core.a(ll_utils.o)
                0xffffffffa1e83a2d                LLutils_Get_Uint16
 .text.LLutils_Get_Uint24
                0xffffffffa1e83a3c       0x14 C:/Users/John/Desktop/5856_1029/Unit_test/platform/edrv/btd/rdaDriver/src//libmips_be_core.a(ll_utils.o)
                0xffffffffa1e83a3d                LLutils_Get_Uint24
 .text.LLutils_Get_Uint32
                0xffffffffa1e83a50       0x1c C:/Users/John/Desktop/5856_1029/Unit_test/platform/edrv/btd/rdaDriver/src//libmips_be_core.a(ll_utils.o)
                0xffffffffa1e83a51                LLutils_Get_Uint32
 .text.LLutils_Set_Uint16
                0xffffffffa1e83a6c       0x10 C:/Users/John/Desktop/5856_1029/Unit_test/platform/edrv/btd/rdaDriver/src//libmips_be_core.a(ll_utils.o)
                0xffffffffa1e83a6d                LLutils_Set_Uint16
 .text.LC_Get_Device_FHS_Ref
                0xffffffffa1e83a7c        0xc C:/Users/John/Desktop/5856_1029/Unit_test/platform/edrv/btd/rdaDriver/src//libmips_be_core.a(lc_interface.o)
                0xffffffffa1e83a7d                LC_Get_Device_FHS_Ref
 .text.LC_Report_Device_Activity
                0xffffffffa1e83a88       0x20 C:/Users/John/Desktop/5856_1029/Unit_test/platform/edrv/btd/rdaDriver/src//libmips_be_core.a(lc_interface.o)
                0xffffffffa1e83a89                LC_Report_Device_Activity
 .text.LC_Get_Piconet_Clock_Ex
                0xffffffffa1e83aa8       0x64 C:/Users/John/Desktop/5856_1029/Unit_test/platform/edrv/btd/rdaDriver/src//libmips_be_core.a(lc_interface.o)
                0xffffffffa1e83aa9                LC_Get_Piconet_Clock_Ex
 .text.LC_Wakeup
                0xffffffffa1e83b0c       0x48 C:/Users/John/Desktop/5856_1029/Unit_test/platform/edrv/btd/rdaDriver/src//libmips_be_core.a(lc_interface.o)
                0xffffffffa1e83b0d                LC_Wakeup
 .text.LSLCass_Is_Assessment_State
                0xffffffffa1e83b54       0x38 C:/Users/John/Desktop/5856_1029/Unit_test/platform/edrv/btd/rdaDriver/src//libmips_be_core.a(lslc_assmnt.o)
                0xffffffffa1e83b55                LSLCass_Is_Assessment_State
 .text.LSLCass_Record_Rx_RSSI_Channel
                0xffffffffa1e83b8c       0x5c C:/Users/John/Desktop/5856_1029/Unit_test/platform/edrv/btd/rdaDriver/src//libmips_be_core.a(lslc_assmnt.o)
                0xffffffffa1e83b8d                LSLCass_Record_Rx_RSSI_Channel
 .text.LSLCass_Record_No_Rx_Packet
                0xffffffffa1e83be8       0x6c C:/Users/John/Desktop/5856_1029/Unit_test/platform/edrv/btd/rdaDriver/src//libmips_be_core.a(lslc_assmnt.o)
                0xffffffffa1e83be9                LSLCass_Record_No_Rx_Packet
 .text.LSLCass_Record_Rx_HEC_Event_Channel
                0xffffffffa1e83c54       0x60 C:/Users/John/Desktop/5856_1029/Unit_test/platform/edrv/btd/rdaDriver/src//libmips_be_core.a(lslc_assmnt.o)
                0xffffffffa1e83c55                LSLCass_Record_Rx_HEC_Event_Channel
 .text.LSLCass_Record_Rx_CRC_Event_Channel
                0xffffffffa1e83cb4       0x60 C:/Users/John/Desktop/5856_1029/Unit_test/platform/edrv/btd/rdaDriver/src//libmips_be_core.a(lslc_assmnt.o)
                0xffffffffa1e83cb5                LSLCass_Record_Rx_CRC_Event_Channel
 .text.LSLCclk_Is_Safe_To_Read_Native_Clk
                0xffffffffa1e83d14       0x2c C:/Users/John/Desktop/5856_1029/Unit_test/platform/edrv/btd/rdaDriver/src//libmips_be_core.a(lslc_clk.o)
                0xffffffffa1e83d15                LSLCclk_Is_Safe_To_Read_Native_Clk
 .text.LSLCclk_Wait_For
                0xffffffffa1e83d40       0x44 C:/Users/John/Desktop/5856_1029/Unit_test/platform/edrv/btd/rdaDriver/src//libmips_be_core.a(lslc_clk.o)
                0xffffffffa1e83d41                LSLCclk_Wait_For
 .text.LSLCfreq_Get_Frequency
                0xffffffffa1e83d84        0xc C:/Users/John/Desktop/5856_1029/Unit_test/platform/edrv/btd/rdaDriver/src//libmips_be_core.a(lslc_freq.o)
                0xffffffffa1e83d85                LSLCfreq_Get_Frequency
 .text.LSLCfreq_Get_Last_Frequency_Clock
                0xffffffffa1e83d90        0xc C:/Users/John/Desktop/5856_1029/Unit_test/platform/edrv/btd/rdaDriver/src//libmips_be_core.a(lslc_freq.o)
                0xffffffffa1e83d91                LSLCfreq_Get_Last_Frequency_Clock
 .text.LSLCfreq_Assign_Frequency_Kernel
                0xffffffffa1e83d9c       0x38 C:/Users/John/Desktop/5856_1029/Unit_test/platform/edrv/btd/rdaDriver/src//libmips_be_core.a(lslc_freq.o)
                0xffffffffa1e83d9d                LSLCfreq_Assign_Frequency_Kernel
 .text.LSLCfreq_Prepare_Frequency_Connection
                0xffffffffa1e83dd4      0x138 C:/Users/John/Desktop/5856_1029/Unit_test/platform/edrv/btd/rdaDriver/src//libmips_be_core.a(lslc_freq.o)
                0xffffffffa1e83dd5                LSLCfreq_Prepare_Frequency_Connection
 .text.LSLCfreq_Prepare_Rx_Frequency_R2P
                0xffffffffa1e83f0c       0x74 C:/Users/John/Desktop/5856_1029/Unit_test/platform/edrv/btd/rdaDriver/src//libmips_be_core.a(lslc_freq.o)
                0xffffffffa1e83f0d                LSLCfreq_Prepare_Rx_Frequency_R2P
 .text.LSLCfreq_Early_Prepare_TxRxFreqs_SlavePageResponse
                0xffffffffa1e83f80       0x2c C:/Users/John/Desktop/5856_1029/Unit_test/platform/edrv/btd/rdaDriver/src//libmips_be_core.a(lslc_freq.o)
                0xffffffffa1e83f81                LSLCfreq_Early_Prepare_TxRxFreqs_SlavePageResponse
 .text.LSLCfreq_Prepare_Frequency_EIR
                0xffffffffa1e83fac       0x48 C:/Users/John/Desktop/5856_1029/Unit_test/platform/edrv/btd/rdaDriver/src//libmips_be_core.a(lslc_freq.o)
                0xffffffffa1e83fad                LSLCfreq_Prepare_Frequency_EIR
 .text.LSLCfreq_Prepare_Frequency_Context
                0xffffffffa1e83ff4      0x234 C:/Users/John/Desktop/5856_1029/Unit_test/platform/edrv/btd/rdaDriver/src//libmips_be_core.a(lslc_freq.o)
                0xffffffffa1e83ff5                LSLCfreq_Prepare_Frequency_Context
 .text.LSLCfreq_Early_Prepare_Frequency_FHS_Response_ID
                0xffffffffa1e84228       0x54 C:/Users/John/Desktop/5856_1029/Unit_test/platform/edrv/btd/rdaDriver/src//libmips_be_core.a(lslc_freq.o)
                0xffffffffa1e84229                LSLCfreq_Early_Prepare_Frequency_FHS_Response_ID
 .text.LSLChop_Get_Frequency_Channel_Connection
                0xffffffffa1e8427c       0x18 C:/Users/John/Desktop/5856_1029/Unit_test/platform/edrv/btd/rdaDriver/src//libmips_be_core.a(lslc_hop.o)
                0xffffffffa1e8427d                LSLChop_Get_Frequency_Channel_Connection
 .text.LSLChop_Build_Hop_Kernel
                0xffffffffa1e84294       0x98 C:/Users/John/Desktop/5856_1029/Unit_test/platform/edrv/btd/rdaDriver/src//libmips_be_core.a(lslc_hop.o)
                0xffffffffa1e84295                LSLChop_Build_Hop_Kernel
 .text._LSLChop_Get_X_Page_Inquiry
                0xffffffffa1e8432c       0x44 C:/Users/John/Desktop/5856_1029/Unit_test/platform/edrv/btd/rdaDriver/src//libmips_be_core.a(lslc_hop.o)
 .text.LSLChop_Get_Next_Frequency
                0xffffffffa1e84370      0x1b0 C:/Users/John/Desktop/5856_1029/Unit_test/platform/edrv/btd/rdaDriver/src//libmips_be_core.a(lslc_hop.o)
                0xffffffffa1e84371                LSLChop_Get_Next_Frequency
 .text.LSLChop_Get_Table_Frequency_Page_FHS_Response_ID
                0xffffffffa1e84520       0x20 C:/Users/John/Desktop/5856_1029/Unit_test/platform/edrv/btd/rdaDriver/src//libmips_be_core.a(lslc_hop.o)
                0xffffffffa1e84521                LSLChop_Get_Table_Frequency_Page_FHS_Response_ID
 .text.LSLChop_Get_TxRxFreqs_SlavePageResponse
                0xffffffffa1e84540       0x3c C:/Users/John/Desktop/5856_1029/Unit_test/platform/edrv/btd/rdaDriver/src//libmips_be_core.a(lslc_hop.o)
                0xffffffffa1e84541                LSLChop_Get_TxRxFreqs_SlavePageResponse
 .text.LSLChop_Set_Train
                0xffffffffa1e8457c        0xc C:/Users/John/Desktop/5856_1029/Unit_test/platform/edrv/btd/rdaDriver/src//libmips_be_core.a(lslc_hop.o)
                0xffffffffa1e8457d                LSLChop_Set_Train
 .text.LSLChop_Toggle_Train
                0xffffffffa1e84588       0x14 C:/Users/John/Desktop/5856_1029/Unit_test/platform/edrv/btd/rdaDriver/src//libmips_be_core.a(lslc_hop.o)
                0xffffffffa1e84589                LSLChop_Toggle_Train
 .text.LSLChop_Get_X
                0xffffffffa1e8459c       0x14 C:/Users/John/Desktop/5856_1029/Unit_test/platform/edrv/btd/rdaDriver/src//libmips_be_core.a(lslc_hop.o)
                0xffffffffa1e8459d                LSLChop_Get_X
 .text.LSLChop_Freeze_X_for_Page
                0xffffffffa1e845b0       0x1c C:/Users/John/Desktop/5856_1029/Unit_test/platform/edrv/btd/rdaDriver/src//libmips_be_core.a(lslc_hop.o)
                0xffffffffa1e845b1                LSLChop_Freeze_X_for_Page
 .text.LSLChop_Set_X_for_Inquiry
                0xffffffffa1e845cc       0x1c C:/Users/John/Desktop/5856_1029/Unit_test/platform/edrv/btd/rdaDriver/src//libmips_be_core.a(lslc_hop.o)
                0xffffffffa1e845cd                LSLChop_Set_X_for_Inquiry
 .text.LSLChop_Increment_X_Page_Scan
                0xffffffffa1e845e8       0x10 C:/Users/John/Desktop/5856_1029/Unit_test/platform/edrv/btd/rdaDriver/src//libmips_be_core.a(lslc_hop.o)
                0xffffffffa1e845e9                LSLChop_Increment_X_Page_Scan
 .text.LSLChop_Increment_N_Inquiry_Scan
                0xffffffffa1e845f8       0x10 C:/Users/John/Desktop/5856_1029/Unit_test/platform/edrv/btd/rdaDriver/src//libmips_be_core.a(lslc_hop.o)
                0xffffffffa1e845f9                LSLChop_Increment_N_Inquiry_Scan
 .text.LSLChop_Get_HSE_Engine
                0xffffffffa1e84608        0xc C:/Users/John/Desktop/5856_1029/Unit_test/platform/edrv/btd/rdaDriver/src//libmips_be_core.a(lslc_hop.o)
                0xffffffffa1e84609                LSLChop_Get_HSE_Engine
 .rodata._LSLChop_Inquiry_Frequency_Table_79hop
                0xffffffffa1e84614       0x40 C:/Users/John/Desktop/5856_1029/Unit_test/platform/edrv/btd/rdaDriver/src//libmips_be_core.a(lslc_hop.o)
                0xffffffffa1e84614                _LSLChop_Inquiry_Frequency_Table_79hop
 .text.bt_rx_test_calc_bit_error
                0xffffffffa1e84654       0xc0 C:/Users/John/Desktop/5856_1029/Unit_test/platform/edrv/btd/rdaDriver/src//libmips_be_core.a(lslc_access.o)
                0xffffffffa1e84655                bt_rx_test_calc_bit_error
 .text.LSLCacc_Set_Am_Addr
                0xffffffffa1e84714       0x18 C:/Users/John/Desktop/5856_1029/Unit_test/platform/edrv/btd/rdaDriver/src//libmips_be_core.a(lslc_access.o)
                0xffffffffa1e84715                LSLCacc_Set_Am_Addr
 .text.LSLCacc_Prepare_Tx_ID
                0xffffffffa1e8472c       0x80 C:/Users/John/Desktop/5856_1029/Unit_test/platform/edrv/btd/rdaDriver/src//libmips_be_core.a(lslc_access.o)
                0xffffffffa1e8472d                LSLCacc_Prepare_Tx_ID
 .text.LSLCacc_Prepare_Tx_Rx_Encryption
                0xffffffffa1e847ac       0x10 C:/Users/John/Desktop/5856_1029/Unit_test/platform/edrv/btd/rdaDriver/src//libmips_be_core.a(lslc_access.o)
                0xffffffffa1e847ad                LSLCacc_Prepare_Tx_Rx_Encryption
 .text.LSLCacc_Sync_Setup_SCO_CFG_Ex
                0xffffffffa1e847bc       0x68 C:/Users/John/Desktop/5856_1029/Unit_test/platform/edrv/btd/rdaDriver/src//libmips_be_core.a(lslc_access.o)
                0xffffffffa1e847bd                LSLCacc_Sync_Setup_SCO_CFG_Ex
 .text.LSLCacc_Prepare_Rx_ID
                0xffffffffa1e84824       0x80 C:/Users/John/Desktop/5856_1029/Unit_test/platform/edrv/btd/rdaDriver/src//libmips_be_core.a(lslc_access.o)
                0xffffffffa1e84825                LSLCacc_Prepare_Rx_ID
 .text.LSLCacc_Prepare_Tx_Rx_EIR
                0xffffffffa1e848a4       0x90 C:/Users/John/Desktop/5856_1029/Unit_test/platform/edrv/btd/rdaDriver/src//libmips_be_core.a(lslc_access.o)
                0xffffffffa1e848a5                LSLCacc_Prepare_Tx_Rx_EIR
 .text.LSLCacc_Prepare_Rx_Return_To_Piconet
                0xffffffffa1e84934       0x18 C:/Users/John/Desktop/5856_1029/Unit_test/platform/edrv/btd/rdaDriver/src//libmips_be_core.a(lslc_access.o)
                0xffffffffa1e84935                LSLCacc_Prepare_Rx_Return_To_Piconet
 .text.LSLCacc_Prepare_Rx_Connection
                0xffffffffa1e8494c       0x10 C:/Users/John/Desktop/5856_1029/Unit_test/platform/edrv/btd/rdaDriver/src//libmips_be_core.a(lslc_access.o)
                0xffffffffa1e8494d                LSLCacc_Prepare_Rx_Connection
 .text.LSLCacc_Build_AccessCode
                0xffffffffa1e8495c       0x10 C:/Users/John/Desktop/5856_1029/Unit_test/platform/edrv/btd/rdaDriver/src//libmips_be_core.a(lslc_access.o)
                0xffffffffa1e8495d                LSLCacc_Build_AccessCode
 .text.LSLCacc_Build_EIR_Header
                0xffffffffa1e8496c       0x40 C:/Users/John/Desktop/5856_1029/Unit_test/platform/edrv/btd/rdaDriver/src//libmips_be_core.a(lslc_access.o)
                0xffffffffa1e8496d                LSLCacc_Build_EIR_Header
 .text.LSLCacc_Build_EIR_Payload
                0xffffffffa1e849ac       0x34 C:/Users/John/Desktop/5856_1029/Unit_test/platform/edrv/btd/rdaDriver/src//libmips_be_core.a(lslc_access.o)
                0xffffffffa1e849ad                LSLCacc_Build_EIR_Payload
 .text.LSLCacc_Build_ACL_Payload
                0xffffffffa1e849e0       0xa0 C:/Users/John/Desktop/5856_1029/Unit_test/platform/edrv/btd/rdaDriver/src//libmips_be_core.a(lslc_access.o)
                0xffffffffa1e849e1                LSLCacc_Build_ACL_Payload
 .text._LSLCacc_Move_CC_Shadow_to_Hardware
                0xffffffffa1e84a80       0xb4 C:/Users/John/Desktop/5856_1029/Unit_test/platform/edrv/btd/rdaDriver/src//libmips_be_core.a(lslc_access.o)
                0xffffffffa1e84a81                _LSLCacc_Move_CC_Shadow_to_Hardware
 .text.LSLCacc_Discard_SCO_Payload
                0xffffffffa1e84b34        0xc C:/Users/John/Desktop/5856_1029/Unit_test/platform/edrv/btd/rdaDriver/src//libmips_be_core.a(lslc_access.o)
                0xffffffffa1e84b35                LSLCacc_Discard_SCO_Payload
 .text.LSLCacc_Disable_Receiver
                0xffffffffa1e84b40       0x28 C:/Users/John/Desktop/5856_1029/Unit_test/platform/edrv/btd/rdaDriver/src//libmips_be_core.a(lslc_access.o)
                0xffffffffa1e84b41                LSLCacc_Disable_Receiver
 .text.LSLCacc_Extract_FHS_Payload
                0xffffffffa1e84b68       0x1c C:/Users/John/Desktop/5856_1029/Unit_test/platform/edrv/btd/rdaDriver/src//libmips_be_core.a(lslc_access.o)
                0xffffffffa1e84b69                LSLCacc_Extract_FHS_Payload
 .text.LSLCacc_Extract_EIR_Payload
                0xffffffffa1e84b84       0x40 C:/Users/John/Desktop/5856_1029/Unit_test/platform/edrv/btd/rdaDriver/src//libmips_be_core.a(lslc_access.o)
                0xffffffffa1e84b85                LSLCacc_Extract_EIR_Payload
 .text.LSLCacc_Enable_Low_Power_Mode
                0xffffffffa1e84bc4       0x10 C:/Users/John/Desktop/5856_1029/Unit_test/platform/edrv/btd/rdaDriver/src//libmips_be_core.a(lslc_access.o)
                0xffffffffa1e84bc5                LSLCacc_Enable_Low_Power_Mode
 .text.LSLCacc_Disable_Low_Power_Mode
                0xffffffffa1e84bd4       0x14 C:/Users/John/Desktop/5856_1029/Unit_test/platform/edrv/btd/rdaDriver/src//libmips_be_core.a(lslc_access.o)
                0xffffffffa1e84bd5                LSLCacc_Disable_Low_Power_Mode
 .text.LSLCacc_Process_RSSI
                0xffffffffa1e84be8       0x78 C:/Users/John/Desktop/5856_1029/Unit_test/platform/edrv/btd/rdaDriver/src//libmips_be_core.a(lslc_access.o)
                0xffffffffa1e84be9                LSLCacc_Process_RSSI
 .text.LSLCacc_Attempt_RSSI_Read
                0xffffffffa1e84c60       0x1c C:/Users/John/Desktop/5856_1029/Unit_test/platform/edrv/btd/rdaDriver/src//libmips_be_core.a(lslc_access.o)
                0xffffffffa1e84c61                LSLCacc_Attempt_RSSI_Read
 .text.LSLCacc_Process_Rx_Header
                0xffffffffa1e84c7c      0x248 C:/Users/John/Desktop/5856_1029/Unit_test/platform/edrv/btd/rdaDriver/src//libmips_be_core.a(lslc_access.o)
                0xffffffffa1e84c7d                LSLCacc_Process_Rx_Header
 .text._LSLCacc_Process_Rx_CRC
                0xffffffffa1e84ec4      0x22c C:/Users/John/Desktop/5856_1029/Unit_test/platform/edrv/btd/rdaDriver/src//libmips_be_core.a(lslc_access.o)
                0xffffffffa1e84ec5                _LSLCacc_Process_Rx_CRC
 .text.LSLCacc_Enable_Receiver
                0xffffffffa1e850f0       0xa4 C:/Users/John/Desktop/5856_1029/Unit_test/platform/edrv/btd/rdaDriver/src//libmips_be_core.a(lslc_access.o)
                0xffffffffa1e850f1                LSLCacc_Enable_Receiver
 .text.LSLCacc_Disable_Transmitter
                0xffffffffa1e85194       0x58 C:/Users/John/Desktop/5856_1029/Unit_test/platform/edrv/btd/rdaDriver/src//libmips_be_core.a(lslc_access.o)
                0xffffffffa1e85195                LSLCacc_Disable_Transmitter
 .text.LSLCacc_Enable_Transmitter
                0xffffffffa1e851ec       0xcc C:/Users/John/Desktop/5856_1029/Unit_test/platform/edrv/btd/rdaDriver/src//libmips_be_core.a(lslc_access.o)
                0xffffffffa1e851ed                LSLCacc_Enable_Transmitter
 .text._LSLCacc_Loopback_Testmode_Payload
                0xffffffffa1e852b8      0x1e4 C:/Users/John/Desktop/5856_1029/Unit_test/platform/edrv/btd/rdaDriver/src//libmips_be_core.a(lslc_access.o)
                0xffffffffa1e852b9                _LSLCacc_Loopback_Testmode_Payload
 .text.LSLCacc_Build_SCO_Payload
                0xffffffffa1e8549c      0x214 C:/Users/John/Desktop/5856_1029/Unit_test/platform/edrv/btd/rdaDriver/src//libmips_be_core.a(lslc_access.o)
                0xffffffffa1e8549d                LSLCacc_Build_SCO_Payload
 .text.LSLCacc_Build_FHS_Payload_Ex
                0xffffffffa1e856b0       0x70 C:/Users/John/Desktop/5856_1029/Unit_test/platform/edrv/btd/rdaDriver/src//libmips_be_core.a(lslc_access.o)
                0xffffffffa1e856b1                LSLCacc_Build_FHS_Payload_Ex
 .text.LSLCacc_Build_FHS_Payload
                0xffffffffa1e85720       0x18 C:/Users/John/Desktop/5856_1029/Unit_test/platform/edrv/btd/rdaDriver/src//libmips_be_core.a(lslc_access.o)
                0xffffffffa1e85721                LSLCacc_Build_FHS_Payload
 .text._LSLCacc_Prepare_Tx_Complete_If_Same_Device
                0xffffffffa1e85738       0xf4 C:/Users/John/Desktop/5856_1029/Unit_test/platform/edrv/btd/rdaDriver/src//libmips_be_core.a(lslc_access.o)
                0xffffffffa1e85739                _LSLCacc_Prepare_Tx_Complete_If_Same_Device
 .text._LSLCacc_Extract_Payload
                0xffffffffa1e8582c      0x424 C:/Users/John/Desktop/5856_1029/Unit_test/platform/edrv/btd/rdaDriver/src//libmips_be_core.a(lslc_access.o)
                0xffffffffa1e8582d                _LSLCacc_Extract_Payload
 .text.LSLCacc_Process_No_Rx_Packet
                0xffffffffa1e85c50       0x38 C:/Users/John/Desktop/5856_1029/Unit_test/platform/edrv/btd/rdaDriver/src//libmips_be_core.a(lslc_access.o)
                0xffffffffa1e85c51                LSLCacc_Process_No_Rx_Packet
 .text.LSLCacc_Extract_Packet
                0xffffffffa1e85c88      0x16c C:/Users/John/Desktop/5856_1029/Unit_test/platform/edrv/btd/rdaDriver/src//libmips_be_core.a(lslc_access.o)
                0xffffffffa1e85c89                LSLCacc_Extract_Packet
 .text.LSLCacc_Build_PacketHeader
                0xffffffffa1e85df4       0xe8 C:/Users/John/Desktop/5856_1029/Unit_test/platform/edrv/btd/rdaDriver/src//libmips_be_core.a(lslc_access.o)
                0xffffffffa1e85df5                LSLCacc_Build_PacketHeader
 .text.LSLCacc_Prepare_Tx_Rx_Connection
                0xffffffffa1e85edc      0x298 C:/Users/John/Desktop/5856_1029/Unit_test/platform/edrv/btd/rdaDriver/src//libmips_be_core.a(lslc_access.o)
                0xffffffffa1e85edd                LSLCacc_Prepare_Tx_Rx_Connection
 .text.LSLCacc_Prepare_Tx_Rx_FHS
                0xffffffffa1e86174      0x100 C:/Users/John/Desktop/5856_1029/Unit_test/platform/edrv/btd/rdaDriver/src//libmips_be_core.a(lslc_access.o)
                0xffffffffa1e86175                LSLCacc_Prepare_Tx_Rx_FHS
 .text.LSLCacc_Prepare_Rx_FHS
                0xffffffffa1e86274       0x28 C:/Users/John/Desktop/5856_1029/Unit_test/platform/edrv/btd/rdaDriver/src//libmips_be_core.a(lslc_access.o)
                0xffffffffa1e86275                LSLCacc_Prepare_Rx_FHS
 .text.lslc_acc_bbtest_Tim2
                0xffffffffa1e8629c       0x9c C:/Users/John/Desktop/5856_1029/Unit_test/platform/edrv/btd/rdaDriver/src//libmips_be_core.a(lslc_access.o)
                0xffffffffa1e8629d                lslc_acc_bbtest_Tim2
 .text.lslc_acc_bbtest_pka
                0xffffffffa1e86338       0x78 C:/Users/John/Desktop/5856_1029/Unit_test/platform/edrv/btd/rdaDriver/src//libmips_be_core.a(lslc_access.o)
                0xffffffffa1e86339                lslc_acc_bbtest_pka
 .text.BT_start_rx_test_end
                0xffffffffa1e863b0       0xd8 C:/Users/John/Desktop/5856_1029/Unit_test/platform/edrv/btd/rdaDriver/src//libmips_be_core.a(lslc_access.o)
                0xffffffffa1e863b1                BT_start_rx_test_end
 .text.bt_rx_Test_process_packet
                0xffffffffa1e86488      0x148 C:/Users/John/Desktop/5856_1029/Unit_test/platform/edrv/btd/rdaDriver/src//libmips_be_core.a(lslc_access.o)
                0xffffffffa1e86489                bt_rx_Test_process_packet
 .text.bt_rx_Test_receive_hdr
                0xffffffffa1e865d0      0x104 C:/Users/John/Desktop/5856_1029/Unit_test/platform/edrv/btd/rdaDriver/src//libmips_be_core.a(lslc_access.o)
                0xffffffffa1e865d1                bt_rx_Test_receive_hdr
 .rodata.CSWTCH.154
                0xffffffffa1e866d4        0xc C:/Users/John/Desktop/5856_1029/Unit_test/platform/edrv/btd/rdaDriver/src//libmips_be_core.a(lslc_access.o)
 .text.LSLCafh_Backup_AFH_Link_State
                0xffffffffa1e866e0       0x18 C:/Users/John/Desktop/5856_1029/Unit_test/platform/edrv/btd/rdaDriver/src//libmips_be_core.a(lslc_afh.o)
                0xffffffffa1e866e1                LSLCafh_Backup_AFH_Link_State
 .text.LSLCafh_Restore_AFH_Link_State
                0xffffffffa1e866f8       0x18 C:/Users/John/Desktop/5856_1029/Unit_test/platform/edrv/btd/rdaDriver/src//libmips_be_core.a(lslc_afh.o)
                0xffffffffa1e866f9                LSLCafh_Restore_AFH_Link_State
 .text.LSLCafh_Get_Frequency_Channel
                0xffffffffa1e86710       0xf0 C:/Users/John/Desktop/5856_1029/Unit_test/platform/edrv/btd/rdaDriver/src//libmips_be_core.a(lslc_afh.o)
                0xffffffffa1e86711                LSLCafh_Get_Frequency_Channel
 .text.LSLCafh_Assign_AFH_Kernel
                0xffffffffa1e86800       0x50 C:/Users/John/Desktop/5856_1029/Unit_test/platform/edrv/btd/rdaDriver/src//libmips_be_core.a(lslc_afh.o)
                0xffffffffa1e86801                LSLCafh_Assign_AFH_Kernel
 .text.USLCchac_Is_Inquiry_Scan_Rand_Wait
                0xffffffffa1e86850       0x10 C:/Users/John/Desktop/5856_1029/Unit_test/platform/edrv/btd/rdaDriver/src//libmips_be_core.a(uslc_chan_ctrl.o)
                0xffffffffa1e86851                USLCchac_Is_Inquiry_Scan_Rand_Wait
 .text.USLCchac_Set_Device_State
                0xffffffffa1e86860        0xc C:/Users/John/Desktop/5856_1029/Unit_test/platform/edrv/btd/rdaDriver/src//libmips_be_core.a(uslc_chan_ctrl.o)
                0xffffffffa1e86861                USLCchac_Set_Device_State
 .text.USLCchac_Get_Chan_Devicelink
                0xffffffffa1e8686c       0x18 C:/Users/John/Desktop/5856_1029/Unit_test/platform/edrv/btd/rdaDriver/src//libmips_be_core.a(uslc_chan_ctrl.o)
                0xffffffffa1e8686d                USLCchac_Get_Chan_Devicelink
 .text.USLCchac_Procedure_Start
                0xffffffffa1e86884       0xac C:/Users/John/Desktop/5856_1029/Unit_test/platform/edrv/btd/rdaDriver/src//libmips_be_core.a(uslc_chan_ctrl.o)
                0xffffffffa1e86885                USLCchac_Procedure_Start
 .text.USLCchac_Set_Active_Procedure
                0xffffffffa1e86930        0xc C:/Users/John/Desktop/5856_1029/Unit_test/platform/edrv/btd/rdaDriver/src//libmips_be_core.a(uslc_chan_ctrl.o)
                0xffffffffa1e86931                USLCchac_Set_Active_Procedure
 .text.USLCchac_Get_Active_Procedure
                0xffffffffa1e8693c        0xc C:/Users/John/Desktop/5856_1029/Unit_test/platform/edrv/btd/rdaDriver/src//libmips_be_core.a(uslc_chan_ctrl.o)
                0xffffffffa1e8693d                USLCchac_Get_Active_Procedure
 .text.USLCchac_Wakeup
                0xffffffffa1e86948       0x10 C:/Users/John/Desktop/5856_1029/Unit_test/platform/edrv/btd/rdaDriver/src//libmips_be_core.a(uslc_chan_ctrl.o)
                0xffffffffa1e86949                USLCchac_Wakeup
 .text.USLCchac_Procedure_Finish
                0xffffffffa1e86958       0x74 C:/Users/John/Desktop/5856_1029/Unit_test/platform/edrv/btd/rdaDriver/src//libmips_be_core.a(uslc_chan_ctrl.o)
                0xffffffffa1e86959                USLCchac_Procedure_Finish
 .text.USLCchac_Procedure_Request
                0xffffffffa1e869cc       0xfc C:/Users/John/Desktop/5856_1029/Unit_test/platform/edrv/btd/rdaDriver/src//libmips_be_core.a(uslc_chan_ctrl.o)
                0xffffffffa1e869cd                USLCchac_Procedure_Request
 .text.USLCchac_get_device_state
                0xffffffffa1e86ac8       0x34 C:/Users/John/Desktop/5856_1029/Unit_test/platform/edrv/btd/rdaDriver/src//libmips_be_core.a(uslc_chan_ctrl.o)
                0xffffffffa1e86ac9                USLCchac_get_device_state
 .text.USLCchac_prepare_next_master_frame_activity
                0xffffffffa1e86afc       0x78 C:/Users/John/Desktop/5856_1029/Unit_test/platform/edrv/btd/rdaDriver/src//libmips_be_core.a(uslc_chan_ctrl.o)
                0xffffffffa1e86afd                USLCchac_prepare_next_master_frame_activity
 .text.USLCchac_prepare_next_slave_frame_activity
                0xffffffffa1e86b74       0x64 C:/Users/John/Desktop/5856_1029/Unit_test/platform/edrv/btd/rdaDriver/src//libmips_be_core.a(uslc_chan_ctrl.o)
                0xffffffffa1e86b75                USLCchac_prepare_next_slave_frame_activity
 .text.USLCchac_Process_Rx
                0xffffffffa1e86bd8       0xc4 C:/Users/John/Desktop/5856_1029/Unit_test/platform/edrv/btd/rdaDriver/src//libmips_be_core.a(uslc_chan_ctrl.o)
                0xffffffffa1e86bd9                USLCchac_Process_Rx
 .text.USLCchac_Is_Procedure_Separable
                0xffffffffa1e86c9c       0x48 C:/Users/John/Desktop/5856_1029/Unit_test/platform/edrv/btd/rdaDriver/src//libmips_be_core.a(uslc_chan_ctrl.o)
                0xffffffffa1e86c9d                USLCchac_Is_Procedure_Separable
 .text.USLCchac_prepareRx
                0xffffffffa1e86ce4       0xec C:/Users/John/Desktop/5856_1029/Unit_test/platform/edrv/btd/rdaDriver/src//libmips_be_core.a(uslc_chan_ctrl.o)
                0xffffffffa1e86ce5                USLCchac_prepareRx
 .text.USLCchac_get_next_frame_activity
                0xffffffffa1e86dd0      0x134 C:/Users/John/Desktop/5856_1029/Unit_test/platform/edrv/btd/rdaDriver/src//libmips_be_core.a(uslc_chan_ctrl.o)
                0xffffffffa1e86dd1                USLCchac_get_next_frame_activity
 .text.USLCsched_Set_Software_Test_Values
                0xffffffffa1e86f04       0x78 C:/Users/John/Desktop/5856_1029/Unit_test/platform/edrv/btd/rdaDriver/src//libmips_be_core.a(uslc_scheduler.o)
                0xffffffffa1e86f05                USLCsched_Set_Software_Test_Values
 .text.USLCsched_Get_Next_Frame_Activity
                0xffffffffa1e86f7c        0xc C:/Users/John/Desktop/5856_1029/Unit_test/platform/edrv/btd/rdaDriver/src//libmips_be_core.a(uslc_scheduler.o)
                0xffffffffa1e86f7d                USLCsched_Get_Next_Frame_Activity
 .text.USLCsched_Set_Next_Frame_Activity
                0xffffffffa1e86f88        0xc C:/Users/John/Desktop/5856_1029/Unit_test/platform/edrv/btd/rdaDriver/src//libmips_be_core.a(uslc_scheduler.o)
                0xffffffffa1e86f89                USLCsched_Set_Next_Frame_Activity
 .text.USLCsched_Get_Current_Frame_Activity
                0xffffffffa1e86f94        0xc C:/Users/John/Desktop/5856_1029/Unit_test/platform/edrv/btd/rdaDriver/src//libmips_be_core.a(uslc_scheduler.o)
                0xffffffffa1e86f95                USLCsched_Get_Current_Frame_Activity
 .text.USLCsched_Get_Next_Device_Link
                0xffffffffa1e86fa0        0xc C:/Users/John/Desktop/5856_1029/Unit_test/platform/edrv/btd/rdaDriver/src//libmips_be_core.a(uslc_scheduler.o)
                0xffffffffa1e86fa1                USLCsched_Get_Next_Device_Link
 .text._USLCsched_Find_Next_ACL_Link
                0xffffffffa1e86fac       0xa4 C:/Users/John/Desktop/5856_1029/Unit_test/platform/edrv/btd/rdaDriver/src//libmips_be_core.a(uslc_scheduler.o)
                0xffffffffa1e86fad                _USLCsched_Find_Next_ACL_Link
 .text._USLCsched_Get_Next_Segment_Activity
                0xffffffffa1e87050       0x8c C:/Users/John/Desktop/5856_1029/Unit_test/platform/edrv/btd/rdaDriver/src//libmips_be_core.a(uslc_scheduler.o)
                0xffffffffa1e87051                _USLCsched_Get_Next_Segment_Activity
 .text.USLCsched_Set_Next_Device_Link
                0xffffffffa1e870dc       0x6c C:/Users/John/Desktop/5856_1029/Unit_test/platform/edrv/btd/rdaDriver/src//libmips_be_core.a(uslc_scheduler.o)
                0xffffffffa1e870dd                USLCsched_Set_Next_Device_Link
 .text._USLCsched_Prepare_Next_Frame_Activity
                0xffffffffa1e87148      0x1c4 C:/Users/John/Desktop/5856_1029/Unit_test/platform/edrv/btd/rdaDriver/src//libmips_be_core.a(uslc_scheduler.o)
                0xffffffffa1e87149                _USLCsched_Prepare_Next_Frame_Activity
 .text.USLCsched_Prepare_Rx
                0xffffffffa1e8730c       0xc4 C:/Users/John/Desktop/5856_1029/Unit_test/platform/edrv/btd/rdaDriver/src//libmips_be_core.a(uslc_scheduler.o)
                0xffffffffa1e8730d                USLCsched_Prepare_Rx
 .text._USLCsched_Switch_Link
                0xffffffffa1e873d0      0x268 C:/Users/John/Desktop/5856_1029/Unit_test/platform/edrv/btd/rdaDriver/src//libmips_be_core.a(uslc_scheduler.o)
                0xffffffffa1e873d1                _USLCsched_Switch_Link
 .text._USLCsched_Get_Next_Frame_Activity
                0xffffffffa1e87638      0x30c C:/Users/John/Desktop/5856_1029/Unit_test/platform/edrv/btd/rdaDriver/src//libmips_be_core.a(uslc_scheduler.o)
                0xffffffffa1e87639                _USLCsched_Get_Next_Frame_Activity
 .text.USLCsched_Process_Rx
                0xffffffffa1e87944      0x174 C:/Users/John/Desktop/5856_1029/Unit_test/platform/edrv/btd/rdaDriver/src//libmips_be_core.a(uslc_scheduler.o)
                0xffffffffa1e87945                USLCsched_Process_Rx
 .text.USLCsched_Rx_Start
                0xffffffffa1e87ab8       0xbc C:/Users/John/Desktop/5856_1029/Unit_test/platform/edrv/btd/rdaDriver/src//libmips_be_core.a(uslc_scheduler.o)
                0xffffffffa1e87ab9                USLCsched_Rx_Start
 .text.USLCsched_Tx_Complete
                0xffffffffa1e87b74       0x68 C:/Users/John/Desktop/5856_1029/Unit_test/platform/edrv/btd/rdaDriver/src//libmips_be_core.a(uslc_scheduler.o)
                0xffffffffa1e87b75                USLCsched_Tx_Complete
 .text.USLCsched_Prepare_Tx
                0xffffffffa1e87bdc      0x1e4 C:/Users/John/Desktop/5856_1029/Unit_test/platform/edrv/btd/rdaDriver/src//libmips_be_core.a(uslc_scheduler.o)
                0xffffffffa1e87bdd                USLCsched_Prepare_Tx
 .text.USLCsched_Tx_Start
                0xffffffffa1e87dc0      0x13c C:/Users/John/Desktop/5856_1029/Unit_test/platform/edrv/btd/rdaDriver/src//libmips_be_core.a(uslc_scheduler.o)
                0xffffffffa1e87dc1                USLCsched_Tx_Start
 .text.USLCtm_Get_Packet_Type
                0xffffffffa1e87efc        0xc C:/Users/John/Desktop/5856_1029/Unit_test/platform/edrv/btd/rdaDriver/src//libmips_be_core.a(uslc_testmode.o)
                0xffffffffa1e87efd                USLCtm_Get_Packet_Type
 .text.USLCtm_Test_Transmitter
                0xffffffffa1e87f08       0xe0 C:/Users/John/Desktop/5856_1029/Unit_test/platform/edrv/btd/rdaDriver/src//libmips_be_core.a(uslc_testmode.o)
                0xffffffffa1e87f09                USLCtm_Test_Transmitter
 .text.USLCtm_prepareTx
                0xffffffffa1e87fe8       0x2c C:/Users/John/Desktop/5856_1029/Unit_test/platform/edrv/btd/rdaDriver/src//libmips_be_core.a(uslc_testmode.o)
                0xffffffffa1e87fe9                USLCtm_prepareTx
 .text.USLCinq_Is_Extended_State
                0xffffffffa1e88014       0x14 C:/Users/John/Desktop/5856_1029/Unit_test/platform/edrv/btd/rdaDriver/src//libmips_be_core.a(uslc_inquiry.o)
                0xffffffffa1e88015                USLCinq_Is_Extended_State
 .text._USLCinq_Extract_EIR
                0xffffffffa1e88028       0x60 C:/Users/John/Desktop/5856_1029/Unit_test/platform/edrv/btd/rdaDriver/src//libmips_be_core.a(uslc_inquiry.o)
                0xffffffffa1e88029                _USLCinq_Extract_EIR
 .text._USLCinq_Extract_FHS
                0xffffffffa1e88088      0x140 C:/Users/John/Desktop/5856_1029/Unit_test/platform/edrv/btd/rdaDriver/src//libmips_be_core.a(uslc_inquiry.o)
                0xffffffffa1e88089                _USLCinq_Extract_FHS
 .text._USLCinq_Generate_ID
                0xffffffffa1e881c8       0x34 C:/Users/John/Desktop/5856_1029/Unit_test/platform/edrv/btd/rdaDriver/src//libmips_be_core.a(uslc_inquiry.o)
                0xffffffffa1e881c9                _USLCinq_Generate_ID
 .text.USLCinq_Inquiry
                0xffffffffa1e881fc      0x120 C:/Users/John/Desktop/5856_1029/Unit_test/platform/edrv/btd/rdaDriver/src//libmips_be_core.a(uslc_inquiry.o)
                0xffffffffa1e881fd                USLCinq_Inquiry
 .text._USLCinqScan_Generate_EIR
                0xffffffffa1e8831c       0x38 C:/Users/John/Desktop/5856_1029/Unit_test/platform/edrv/btd/rdaDriver/src//libmips_be_core.a(uslc_inquiryscan.o)
                0xffffffffa1e8831d                _USLCinqScan_Generate_EIR
 .text._USLCinqScan_Generate_FHS
                0xffffffffa1e88354       0x5c C:/Users/John/Desktop/5856_1029/Unit_test/platform/edrv/btd/rdaDriver/src//libmips_be_core.a(uslc_inquiryscan.o)
                0xffffffffa1e88355                _USLCinqScan_Generate_FHS
 .text._USLCinqScan_OS_START
                0xffffffffa1e883b0       0x80 C:/Users/John/Desktop/5856_1029/Unit_test/platform/edrv/btd/rdaDriver/src//libmips_be_core.a(uslc_inquiryscan.o)
                0xffffffffa1e883b1                _USLCinqScan_OS_START
 .text.USLCinqScan_Cancel
                0xffffffffa1e88430       0xb0 C:/Users/John/Desktop/5856_1029/Unit_test/platform/edrv/btd/rdaDriver/src//libmips_be_core.a(uslc_inquiryscan.o)
                0xffffffffa1e88431                USLCinqScan_Cancel
 .text.USLCinqScan_Inquiry_Scan
                0xffffffffa1e884e0      0x1d0 C:/Users/John/Desktop/5856_1029/Unit_test/platform/edrv/btd/rdaDriver/src//libmips_be_core.a(uslc_inquiryscan.o)
                0xffffffffa1e884e1                USLCinqScan_Inquiry_Scan
 .text._USLCpage_Setup_DL_to_CAC
                0xffffffffa1e886b0       0x34 C:/Users/John/Desktop/5856_1029/Unit_test/platform/edrv/btd/rdaDriver/src//libmips_be_core.a(uslc_page.o)
                0xffffffffa1e886b1                _USLCpage_Setup_DL_to_CAC
 .text._USLCpage_Resume_Paging
                0xffffffffa1e886e4       0x34 C:/Users/John/Desktop/5856_1029/Unit_test/platform/edrv/btd/rdaDriver/src//libmips_be_core.a(uslc_page.o)
                0xffffffffa1e886e5                _USLCpage_Resume_Paging
 .text._USLCpage_Generate_ID
                0xffffffffa1e88718       0x34 C:/Users/John/Desktop/5856_1029/Unit_test/platform/edrv/btd/rdaDriver/src//libmips_be_core.a(uslc_page.o)
                0xffffffffa1e88719                _USLCpage_Generate_ID
 .text.USLCpage_Page
                0xffffffffa1e8874c      0x2b4 C:/Users/John/Desktop/5856_1029/Unit_test/platform/edrv/btd/rdaDriver/src//libmips_be_core.a(uslc_page.o)
                0xffffffffa1e8874d                USLCpage_Page
 .text.USLCpageScan_Cancel
                0xffffffffa1e88a00       0x18 C:/Users/John/Desktop/5856_1029/Unit_test/platform/edrv/btd/rdaDriver/src//libmips_be_core.a(uslc_pagescan.o)
                0xffffffffa1e88a01                USLCpageScan_Cancel
 .text._USLCpageScan_Process_ID_Pkt_During_Scanning
                0xffffffffa1e88a18       0x38 C:/Users/John/Desktop/5856_1029/Unit_test/platform/edrv/btd/rdaDriver/src//libmips_be_core.a(uslc_pagescan.o)
                0xffffffffa1e88a19                _USLCpageScan_Process_ID_Pkt_During_Scanning
 .text._USLCpageScan_OS_START
                0xffffffffa1e88a50       0x98 C:/Users/John/Desktop/5856_1029/Unit_test/platform/edrv/btd/rdaDriver/src//libmips_be_core.a(uslc_pagescan.o)
                0xffffffffa1e88a51                _USLCpageScan_OS_START
 .text.USLCpageScan_Page_Scan
                0xffffffffa1e88ae8      0x444 C:/Users/John/Desktop/5856_1029/Unit_test/platform/edrv/btd/rdaDriver/src//libmips_be_core.a(uslc_pagescan.o)
                0xffffffffa1e88ae9                USLCpageScan_Page_Scan
 .text.USLCmss_Slave_A_Perform_TDD_Switch_
                0xffffffffa1e88f2c       0x78 C:/Users/John/Desktop/5856_1029/Unit_test/platform/edrv/btd/rdaDriver/src//libmips_be_core.a(uslc_master_slave_switch.o)
                0xffffffffa1e88f2d                USLCmss_Slave_A_Perform_TDD_Switch_
 .text.USLCmss_Cancel
                0xffffffffa1e88fa4       0x30 C:/Users/John/Desktop/5856_1029/Unit_test/platform/edrv/btd/rdaDriver/src//libmips_be_core.a(uslc_master_slave_switch.o)
                0xffffffffa1e88fa5                USLCmss_Cancel
 .text.USLCmss_State_Dispatcher
                0xffffffffa1e88fd4      0x7e4 C:/Users/John/Desktop/5856_1029/Unit_test/platform/edrv/btd/rdaDriver/src//libmips_be_core.a(uslc_master_slave_switch.o)
                0xffffffffa1e88fd5                USLCmss_State_Dispatcher
 .text.USLCsleep_Restore_BT_Clock
                0xffffffffa1e897b8       0x78 C:/Users/John/Desktop/5856_1029/Unit_test/platform/edrv/btd/rdaDriver/src//libmips_be_core.a(uslc_sleep.o)
                0xffffffffa1e897b9                USLCsleep_Restore_BT_Clock
 .text.USLCsleep_State_Dispatcher
                0xffffffffa1e89830      0x214 C:/Users/John/Desktop/5856_1029/Unit_test/platform/edrv/btd/rdaDriver/src//libmips_be_core.a(uslc_sleep.o)
                0xffffffffa1e89831                USLCsleep_State_Dispatcher
 .text.USLCsleep_Wakeup
                0xffffffffa1e89a44       0x1c C:/Users/John/Desktop/5856_1029/Unit_test/platform/edrv/btd/rdaDriver/src//libmips_be_core.a(uslc_sleep.o)
                0xffffffffa1e89a45                USLCsleep_Wakeup
 .text.USLCr2p_Read_R2P_Search_Window_num
                0xffffffffa1e89a60        0xc C:/Users/John/Desktop/5856_1029/Unit_test/platform/edrv/btd/rdaDriver/src//libmips_be_core.a(uslc_return_to_piconet.o)
                0xffffffffa1e89a61                USLCr2p_Read_R2P_Search_Window_num
 .text.USLCr2p_Get_Search_Window_Frames
                0xffffffffa1e89a6c       0xd4 C:/Users/John/Desktop/5856_1029/Unit_test/platform/edrv/btd/rdaDriver/src//libmips_be_core.a(uslc_return_to_piconet.o)
                0xffffffffa1e89a6d                USLCr2p_Get_Search_Window_Frames
 .text.USLCr2p_State_OS_RECONNECTING_
                0xffffffffa1e89b40      0x154 C:/Users/John/Desktop/5856_1029/Unit_test/platform/edrv/btd/rdaDriver/src//libmips_be_core.a(uslc_return_to_piconet.o)
                0xffffffffa1e89b41                USLCr2p_State_OS_RECONNECTING_
 .text.USLCr2p_State_OS_START_
                0xffffffffa1e89c94       0xe0 C:/Users/John/Desktop/5856_1029/Unit_test/platform/edrv/btd/rdaDriver/src//libmips_be_core.a(uslc_return_to_piconet.o)
                0xffffffffa1e89c95                USLCr2p_State_OS_START_
 .text.USLCr2p_Cancel
                0xffffffffa1e89d74       0x24 C:/Users/John/Desktop/5856_1029/Unit_test/platform/edrv/btd/rdaDriver/src//libmips_be_core.a(uslc_return_to_piconet.o)
                0xffffffffa1e89d75                USLCr2p_Cancel
 .text.USLCr2p_State_Dispatcher
                0xffffffffa1e89d98       0x60 C:/Users/John/Desktop/5856_1029/Unit_test/platform/edrv/btd/rdaDriver/src//libmips_be_core.a(uslc_return_to_piconet.o)
                0xffffffffa1e89d99                USLCr2p_State_Dispatcher
 .text.USLCr2p_Request
                0xffffffffa1e89df8       0x84 C:/Users/John/Desktop/5856_1029/Unit_test/platform/edrv/btd/rdaDriver/src//libmips_be_core.a(uslc_return_to_piconet.o)
                0xffffffffa1e89df9                USLCr2p_Request
 .rodata.uslc_r2p_state_jump_table_
                0xffffffffa1e89e7c       0x10 C:/Users/John/Desktop/5856_1029/Unit_test/platform/edrv/btd/rdaDriver/src//libmips_be_core.a(uslc_return_to_piconet.o)
                0xffffffffa1e89e7c                uslc_r2p_state_jump_table_
 .text.USLCsp_Get_Activated_Device_Index
                0xffffffffa1e89e8c        0xc C:/Users/John/Desktop/5856_1029/Unit_test/platform/edrv/btd/rdaDriver/src//libmips_be_core.a(uslc_switch_piconet.o)
                0xffffffffa1e89e8d                USLCsp_Get_Activated_Device_Index
 .text.USLCsp_Get_Activated_Piconet_Index
                0xffffffffa1e89e98        0xc C:/Users/John/Desktop/5856_1029/Unit_test/platform/edrv/btd/rdaDriver/src//libmips_be_core.a(uslc_switch_piconet.o)
                0xffffffffa1e89e99                USLCsp_Get_Activated_Piconet_Index
 .text._USLCsp_Switch_Piconet_Clock
                0xffffffffa1e89ea4       0x38 C:/Users/John/Desktop/5856_1029/Unit_test/platform/edrv/btd/rdaDriver/src//libmips_be_core.a(uslc_switch_piconet.o)
                0xffffffffa1e89ea5                _USLCsp_Switch_Piconet_Clock
 .text.USLCsp_Set_Activated_Device_Index
                0xffffffffa1e89edc       0x1c C:/Users/John/Desktop/5856_1029/Unit_test/platform/edrv/btd/rdaDriver/src//libmips_be_core.a(uslc_switch_piconet.o)
                0xffffffffa1e89edd                USLCsp_Set_Activated_Device_Index
 .text.USLCsp_Switch_Link
                0xffffffffa1e89ef8      0x170 C:/Users/John/Desktop/5856_1029/Unit_test/platform/edrv/btd/rdaDriver/src//libmips_be_core.a(uslc_switch_piconet.o)
                0xffffffffa1e89ef9                USLCsp_Switch_Link
 .text.DL_Alloc_Am_Addr
                0xffffffffa1e8a068       0x38 C:/Users/John/Desktop/5856_1029/Unit_test/platform/edrv/btd/rdaDriver/src//libmips_be_core.a(dl_dev_impl.o)
                0xffffffffa1e8a069                DL_Alloc_Am_Addr
 .text.DL_Free_Am_Addr
                0xffffffffa1e8a0a0       0x14 C:/Users/John/Desktop/5856_1029/Unit_test/platform/edrv/btd/rdaDriver/src//libmips_be_core.a(dl_dev_impl.o)
                0xffffffffa1e8a0a1                DL_Free_Am_Addr
 .text.DL_Get_Device_Ref
                0xffffffffa1e8a0b4       0x1c C:/Users/John/Desktop/5856_1029/Unit_test/platform/edrv/btd/rdaDriver/src//libmips_be_core.a(dl_dev_impl.o)
                0xffffffffa1e8a0b5                DL_Get_Device_Ref
 .text.DL_Free_Piconet_Index
                0xffffffffa1e8a0d0       0x1c C:/Users/John/Desktop/5856_1029/Unit_test/platform/edrv/btd/rdaDriver/src//libmips_be_core.a(dl_dev_impl.o)
                0xffffffffa1e8a0d1                DL_Free_Piconet_Index
 .text.DL_Use_Local_Tx_Descriptor
                0xffffffffa1e8a0ec        0xc C:/Users/John/Desktop/5856_1029/Unit_test/platform/edrv/btd/rdaDriver/src//libmips_be_core.a(dl_dev_impl.o)
                0xffffffffa1e8a0ed                DL_Use_Local_Tx_Descriptor
 .text.DL_Assign_Piconet_Index
                0xffffffffa1e8a0f8       0x58 C:/Users/John/Desktop/5856_1029/Unit_test/platform/edrv/btd/rdaDriver/src//libmips_be_core.a(dl_dev_impl.o)
                0xffffffffa1e8a0f9                DL_Assign_Piconet_Index
 .text.DL_Reset_New_Connection
                0xffffffffa1e8a150       0x9c C:/Users/John/Desktop/5856_1029/Unit_test/platform/edrv/btd/rdaDriver/src//libmips_be_core.a(dl_dev_impl.o)
                0xffffffffa1e8a151                DL_Reset_New_Connection
 .text.Lelcacc_Set_Lectrlreg
                0xffffffffa1e8a1ec       0x70 C:/Users/John/Desktop/5856_1029/Unit_test/platform/edrv/btd/rdaDriver/src//libmips_be_core.a(lelc_access.o)
                0xffffffffa1e8a1ed                Lelcacc_Set_Lectrlreg
 .text.Lelcacc_Set_Lectrlexreg
                0xffffffffa1e8a25c       0xa0 C:/Users/John/Desktop/5856_1029/Unit_test/platform/edrv/btd/rdaDriver/src//libmips_be_core.a(lelc_access.o)
                0xffffffffa1e8a25d                Lelcacc_Set_Lectrlexreg
 .text.Lelcacc_set_txon_standby
                0xffffffffa1e8a2fc       0x24 C:/Users/John/Desktop/5856_1029/Unit_test/platform/edrv/btd/rdaDriver/src//libmips_be_core.a(lelc_access.o)
                0xffffffffa1e8a2fd                Lelcacc_set_txon_standby
 .text.Lelcacc_set_rxon_standby
                0xffffffffa1e8a320       0x24 C:/Users/John/Desktop/5856_1029/Unit_test/platform/edrv/btd/rdaDriver/src//libmips_be_core.a(lelc_access.o)
                0xffffffffa1e8a321                Lelcacc_set_rxon_standby
 .text.Lelcacc_set_txrxon_standby
                0xffffffffa1e8a344       0x58 C:/Users/John/Desktop/5856_1029/Unit_test/platform/edrv/btd/rdaDriver/src//libmips_be_core.a(lelc_access.o)
                0xffffffffa1e8a345                Lelcacc_set_txrxon_standby
 .text.Lelcacc_Process_Pkd_Header
                0xffffffffa1e8a39c       0xf8 C:/Users/John/Desktop/5856_1029/Unit_test/platform/edrv/btd/rdaDriver/src//libmips_be_core.a(lelc_access.o)
                0xffffffffa1e8a39d                Lelcacc_Process_Pkd_Header
 .text.Lelcacc_Process_Rx_Advert_Packet
                0xffffffffa1e8a494       0x48 C:/Users/John/Desktop/5856_1029/Unit_test/platform/edrv/btd/rdaDriver/src//libmips_be_core.a(lelc_access.o)
                0xffffffffa1e8a495                Lelcacc_Process_Rx_Advert_Packet
 .text.Lelcacc_Copy_Tx_Data_Advert
                0xffffffffa1e8a4dc       0x30 C:/Users/John/Desktop/5856_1029/Unit_test/platform/edrv/btd/rdaDriver/src//libmips_be_core.a(lelc_access.o)
                0xffffffffa1e8a4dd                Lelcacc_Copy_Tx_Data_Advert
 .text.Lelcacc_Generate_Packet_Connreq
                0xffffffffa1e8a50c       0x64 C:/Users/John/Desktop/5856_1029/Unit_test/platform/edrv/btd/rdaDriver/src//libmips_be_core.a(lelc_access.o)
                0xffffffffa1e8a50d                Lelcacc_Generate_Packet_Connreq
 .text.Lelcacc_Set_Cipher_Input_Data
                0xffffffffa1e8a570       0x20 C:/Users/John/Desktop/5856_1029/Unit_test/platform/edrv/btd/rdaDriver/src//libmips_be_core.a(lelc_access.o)
                0xffffffffa1e8a571                Lelcacc_Set_Cipher_Input_Data
 .text.Lelcacc_Set_Cipher_Packet_Cnt_Low
                0xffffffffa1e8a590        0xc C:/Users/John/Desktop/5856_1029/Unit_test/platform/edrv/btd/rdaDriver/src//libmips_be_core.a(lelc_access.o)
                0xffffffffa1e8a591                Lelcacc_Set_Cipher_Packet_Cnt_Low
 .text.Lelcacc_Start_Cipher_Ctrl_Reg
                0xffffffffa1e8a59c       0x78 C:/Users/John/Desktop/5856_1029/Unit_test/platform/edrv/btd/rdaDriver/src//libmips_be_core.a(lelc_access.o)
                0xffffffffa1e8a59d                Lelcacc_Start_Cipher_Ctrl_Reg
 .text.Lelcacc_Stop_Cipher_Ctrl_Reg
                0xffffffffa1e8a614       0x14 C:/Users/John/Desktop/5856_1029/Unit_test/platform/edrv/btd/rdaDriver/src//libmips_be_core.a(lelc_access.o)
                0xffffffffa1e8a615                Lelcacc_Stop_Cipher_Ctrl_Reg
 .text.Lelcacc_Check_Data_Valid
                0xffffffffa1e8a628       0x18 C:/Users/John/Desktop/5856_1029/Unit_test/platform/edrv/btd/rdaDriver/src//libmips_be_core.a(lelc_access.o)
                0xffffffffa1e8a629                Lelcacc_Check_Data_Valid
 .text.Lelcacc_test_tx_packet_pka
                0xffffffffa1e8a640       0x2c C:/Users/John/Desktop/5856_1029/Unit_test/platform/edrv/btd/rdaDriver/src//libmips_be_core.a(lelc_access.o)
                0xffffffffa1e8a641                Lelcacc_test_tx_packet_pka
 .text.Lelcacc_Wait_Cipher_Done
                0xffffffffa1e8a66c       0x24 C:/Users/John/Desktop/5856_1029/Unit_test/platform/edrv/btd/rdaDriver/src//libmips_be_core.a(lelc_access.o)
                0xffffffffa1e8a66d                Lelcacc_Wait_Cipher_Done
 .text.Lelcacc_test_Set_Advert_Lecrcreg
                0xffffffffa1e8a690       0x70 C:/Users/John/Desktop/5856_1029/Unit_test/platform/edrv/btd/rdaDriver/src//libmips_be_core.a(lelc_access.o)
                0xffffffffa1e8a691                Lelcacc_test_Set_Advert_Lecrcreg
 .text.Lelc_prepare_receive_test_packet
                0xffffffffa1e8a700       0xc4 C:/Users/John/Desktop/5856_1029/Unit_test/platform/edrv/btd/rdaDriver/src//libmips_be_core.a(lelc_access.o)
                0xffffffffa1e8a701                Lelc_prepare_receive_test_packet
 .text.Lelcacc_test_rx_packet_pkd
                0xffffffffa1e8a7c4       0x34 C:/Users/John/Desktop/5856_1029/Unit_test/platform/edrv/btd/rdaDriver/src//libmips_be_core.a(lelc_access.o)
                0xffffffffa1e8a7c5                Lelcacc_test_rx_packet_pkd
 .text.Lelcacc_Get_Cipher_Output_Data
                0xffffffffa1e8a7f8       0x1c C:/Users/John/Desktop/5856_1029/Unit_test/platform/edrv/btd/rdaDriver/src//libmips_be_core.a(lelc_access.o)
                0xffffffffa1e8a7f9                Lelcacc_Get_Cipher_Output_Data
 .text.Lelcacc_Copy_Tx_Data
                0xffffffffa1e8a814       0x88 C:/Users/John/Desktop/5856_1029/Unit_test/platform/edrv/btd/rdaDriver/src//libmips_be_core.a(lelc_access.o)
                0xffffffffa1e8a815                Lelcacc_Copy_Tx_Data
 .text.Lelcacc_Extract_Packet
                0xffffffffa1e8a89c       0x7c C:/Users/John/Desktop/5856_1029/Unit_test/platform/edrv/btd/rdaDriver/src//libmips_be_core.a(lelc_access.o)
                0xffffffffa1e8a89d                Lelcacc_Extract_Packet
 .text.Lelcacc_Classify_Packet
                0xffffffffa1e8a918       0xb0 C:/Users/John/Desktop/5856_1029/Unit_test/platform/edrv/btd/rdaDriver/src//libmips_be_core.a(lelc_access.o)
                0xffffffffa1e8a919                Lelcacc_Classify_Packet
 .text.Lelcacc_Process_Rx_Data_Packet
                0xffffffffa1e8a9c8       0xd4 C:/Users/John/Desktop/5856_1029/Unit_test/platform/edrv/btd/rdaDriver/src//libmips_be_core.a(lelc_access.o)
                0xffffffffa1e8a9c9                Lelcacc_Process_Rx_Data_Packet
 .text.Lelcacc_Process_Rx_Packet
                0xffffffffa1e8aa9c       0x44 C:/Users/John/Desktop/5856_1029/Unit_test/platform/edrv/btd/rdaDriver/src//libmips_be_core.a(lelc_access.o)
                0xffffffffa1e8aa9d                Lelcacc_Process_Rx_Packet
 .text.Lelcacc_Set_Lecrcreg
                0xffffffffa1e8aae0       0x58 C:/Users/John/Desktop/5856_1029/Unit_test/platform/edrv/btd/rdaDriver/src//libmips_be_core.a(lelc_access.o)
                0xffffffffa1e8aae1                Lelcacc_Set_Lecrcreg
 .text.Lelcacc_Prepare_Packet
                0xffffffffa1e8ab38       0xe4 C:/Users/John/Desktop/5856_1029/Unit_test/platform/edrv/btd/rdaDriver/src//libmips_be_core.a(lelc_access.o)
                0xffffffffa1e8ab39                Lelcacc_Prepare_Packet
 .text.Lelcacc_Generate_Packet_Data
                0xffffffffa1e8ac1c       0x24 C:/Users/John/Desktop/5856_1029/Unit_test/platform/edrv/btd/rdaDriver/src//libmips_be_core.a(lelc_access.o)
                0xffffffffa1e8ac1d                Lelcacc_Generate_Packet_Data
 .text.Lelcacc_Generate_Packet_Null
                0xffffffffa1e8ac40       0x30 C:/Users/John/Desktop/5856_1029/Unit_test/platform/edrv/btd/rdaDriver/src//libmips_be_core.a(lelc_access.o)
                0xffffffffa1e8ac41                Lelcacc_Generate_Packet_Null
 .text.Lelcacc_Prepare_Receive_Advert_Rsp
                0xffffffffa1e8ac70       0xb0 C:/Users/John/Desktop/5856_1029/Unit_test/platform/edrv/btd/rdaDriver/src//libmips_be_core.a(lelc_access.o)
                0xffffffffa1e8ac71                Lelcacc_Prepare_Receive_Advert_Rsp
 .text.Lelcacc_Prepare_Receive_Data_Packet
                0xffffffffa1e8ad20      0x15c C:/Users/John/Desktop/5856_1029/Unit_test/platform/edrv/btd/rdaDriver/src//libmips_be_core.a(lelc_access.o)
                0xffffffffa1e8ad21                Lelcacc_Prepare_Receive_Data_Packet
 .text.Lelcacc_Prepare_Receive_Advert
                0xffffffffa1e8ae7c       0x78 C:/Users/John/Desktop/5856_1029/Unit_test/platform/edrv/btd/rdaDriver/src//libmips_be_core.a(lelc_access.o)
                0xffffffffa1e8ae7d                Lelcacc_Prepare_Receive_Advert
 .text.Lelcacc_Generate_Packet_Scanrsp
                0xffffffffa1e8aef4       0x74 C:/Users/John/Desktop/5856_1029/Unit_test/platform/edrv/btd/rdaDriver/src//libmips_be_core.a(lelc_access.o)
                0xffffffffa1e8aef5                Lelcacc_Generate_Packet_Scanrsp
 .text.Lelcacc_Generate_Packet_Scanreq
                0xffffffffa1e8af68       0x84 C:/Users/John/Desktop/5856_1029/Unit_test/platform/edrv/btd/rdaDriver/src//libmips_be_core.a(lelc_access.o)
                0xffffffffa1e8af69                Lelcacc_Generate_Packet_Scanreq
 .text.Lelcacc_Generate_Packet_Advert
                0xffffffffa1e8afec       0x90 C:/Users/John/Desktop/5856_1029/Unit_test/platform/edrv/btd/rdaDriver/src//libmips_be_core.a(lelc_access.o)
                0xffffffffa1e8afed                Lelcacc_Generate_Packet_Advert
 .text.Lelcfreq_Init_DL_Channel_Para
                0xffffffffa1e8b07c       0x70 C:/Users/John/Desktop/5856_1029/Unit_test/platform/edrv/btd/rdaDriver/src//libmips_be_core.a(lelc_freq.o)
                0xffffffffa1e8b07d                Lelcfreq_Init_DL_Channel_Para
 .text.Lelcfreq_Get_Connect_Event_Channel_Index
                0xffffffffa1e8b0ec       0x3c C:/Users/John/Desktop/5856_1029/Unit_test/platform/edrv/btd/rdaDriver/src//libmips_be_core.a(lelc_freq.o)
                0xffffffffa1e8b0ed                Lelcfreq_Get_Connect_Event_Channel_Index
 .text.Lelcfreq_Prepare_Next_Unmap_Channel
                0xffffffffa1e8b128       0x20 C:/Users/John/Desktop/5856_1029/Unit_test/platform/edrv/btd/rdaDriver/src//libmips_be_core.a(lelc_freq.o)
                0xffffffffa1e8b129                Lelcfreq_Prepare_Next_Unmap_Channel
 .text.Lelcfreq_Get_Freq_From_Index
                0xffffffffa1e8b148       0x38 C:/Users/John/Desktop/5856_1029/Unit_test/platform/edrv/btd/rdaDriver/src//libmips_be_core.a(lelc_freq.o)
                0xffffffffa1e8b149                Lelcfreq_Get_Freq_From_Index
 .text.Lelc_Set_Chan_state
                0xffffffffa1e8b180       0x58 C:/Users/John/Desktop/5856_1029/Unit_test/platform/edrv/btd/rdaDriver/src//libmips_be_core.a(lelc_chan.o)
                0xffffffffa1e8b181                Lelc_Set_Chan_state
 .text.Lelcchan_Set_Advert_idle
                0xffffffffa1e8b1d8       0x14 C:/Users/John/Desktop/5856_1029/Unit_test/platform/edrv/btd/rdaDriver/src//libmips_be_core.a(lelc_chan.o)
                0xffffffffa1e8b1d9                Lelcchan_Set_Advert_idle
 .text.Lelcchan_Set_Init_idle
                0xffffffffa1e8b1ec       0x14 C:/Users/John/Desktop/5856_1029/Unit_test/platform/edrv/btd/rdaDriver/src//libmips_be_core.a(lelc_chan.o)
                0xffffffffa1e8b1ed                Lelcchan_Set_Init_idle
 .text.Lelc_Get_Chan_State
                0xffffffffa1e8b200        0xc C:/Users/John/Desktop/5856_1029/Unit_test/platform/edrv/btd/rdaDriver/src//libmips_be_core.a(lelc_chan.o)
                0xffffffffa1e8b201                Lelc_Get_Chan_State
 .text.Lelc_Set_Init_Req
                0xffffffffa1e8b20c        0xc C:/Users/John/Desktop/5856_1029/Unit_test/platform/edrv/btd/rdaDriver/src//libmips_be_core.a(lelc_chan.o)
                0xffffffffa1e8b20d                Lelc_Set_Init_Req
 .text.Lelcchan_get_next_frame_chan_activity
                0xffffffffa1e8b218       0x54 C:/Users/John/Desktop/5856_1029/Unit_test/platform/edrv/btd/rdaDriver/src//libmips_be_core.a(lelc_chan.o)
                0xffffffffa1e8b219                Lelcchan_get_next_frame_chan_activity
 .text.Lelcchan_Is_Chan_Uninterruptable
                0xffffffffa1e8b26c       0x1c C:/Users/John/Desktop/5856_1029/Unit_test/platform/edrv/btd/rdaDriver/src//libmips_be_core.a(lelc_chan.o)
                0xffffffffa1e8b26d                Lelcchan_Is_Chan_Uninterruptable
 .text.Lelcchan_Quit_Adv_Scan_For_Conn
                0xffffffffa1e8b288       0x78 C:/Users/John/Desktop/5856_1029/Unit_test/platform/edrv/btd/rdaDriver/src//libmips_be_core.a(lelc_chan.o)
                0xffffffffa1e8b289                Lelcchan_Quit_Adv_Scan_For_Conn
 .text.Lelcchan_process_advert_tim2
                0xffffffffa1e8b300       0x94 C:/Users/John/Desktop/5856_1029/Unit_test/platform/edrv/btd/rdaDriver/src//libmips_be_core.a(lelc_chan.o)
                0xffffffffa1e8b301                Lelcchan_process_advert_tim2
 .text.Lelcchan_process_advert_pkd_nopkd
                0xffffffffa1e8b394       0x48 C:/Users/John/Desktop/5856_1029/Unit_test/platform/edrv/btd/rdaDriver/src//libmips_be_core.a(lelc_chan.o)
                0xffffffffa1e8b395                Lelcchan_process_advert_pkd_nopkd
 .text.Lelcchan_process_advert_pka
                0xffffffffa1e8b3dc       0x44 C:/Users/John/Desktop/5856_1029/Unit_test/platform/edrv/btd/rdaDriver/src//libmips_be_core.a(lelc_chan.o)
                0xffffffffa1e8b3dd                Lelcchan_process_advert_pka
 .text.Lelcinit_Check_State_Idle
                0xffffffffa1e8b420       0x10 C:/Users/John/Desktop/5856_1029/Unit_test/platform/edrv/btd/rdaDriver/src//libmips_be_core.a(lelc_initiating.o)
                0xffffffffa1e8b421                Lelcinit_Check_State_Idle
 .text.Lelcinit_Optimize_Conn_Win_Offset
                0xffffffffa1e8b430       0x6c C:/Users/John/Desktop/5856_1029/Unit_test/platform/edrv/btd/rdaDriver/src//libmips_be_core.a(lelc_initiating.o)
                0xffffffffa1e8b431                Lelcinit_Optimize_Conn_Win_Offset
 .text.Lelcinit_receive_pkt_check
                0xffffffffa1e8b49c       0x6c C:/Users/John/Desktop/5856_1029/Unit_test/platform/edrv/btd/rdaDriver/src//libmips_be_core.a(lelc_initiating.o)
                0xffffffffa1e8b49d                Lelcinit_receive_pkt_check
 .text.Lelcinit_Prepare_Scan
                0xffffffffa1e8b508       0x48 C:/Users/John/Desktop/5856_1029/Unit_test/platform/edrv/btd/rdaDriver/src//libmips_be_core.a(lelc_initiating.o)
                0xffffffffa1e8b509                Lelcinit_Prepare_Scan
 .text.Lelcinit_wait_for_next_scan
                0xffffffffa1e8b550       0x34 C:/Users/John/Desktop/5856_1029/Unit_test/platform/edrv/btd/rdaDriver/src//libmips_be_core.a(lelc_initiating.o)
                0xffffffffa1e8b551                Lelcinit_wait_for_next_scan
 .text.Lelcinit_Init
                0xffffffffa1e8b584       0x20 C:/Users/John/Desktop/5856_1029/Unit_test/platform/edrv/btd/rdaDriver/src//libmips_be_core.a(lelc_initiating.o)
                0xffffffffa1e8b585                Lelcinit_Init
 .text.Lelcinit_Stop
                0xffffffffa1e8b5a4       0x1c C:/Users/John/Desktop/5856_1029/Unit_test/platform/edrv/btd/rdaDriver/src//libmips_be_core.a(lelc_initiating.o)
                0xffffffffa1e8b5a5                Lelcinit_Stop
 .text.Lelcinit_init_scan
                0xffffffffa1e8b5c0      0x234 C:/Users/John/Desktop/5856_1029/Unit_test/platform/edrv/btd/rdaDriver/src//libmips_be_core.a(lelc_initiating.o)
                0xffffffffa1e8b5c1                Lelcinit_init_scan
 .text.LelcConn_Set_Current_Active_Link
                0xffffffffa1e8b7f4        0xc C:/Users/John/Desktop/5856_1029/Unit_test/platform/edrv/btd/rdaDriver/src//libmips_be_core.a(lelc_conn.o)
                0xffffffffa1e8b7f5                LelcConn_Set_Current_Active_Link
 .text.LelcConn_Get_Current_Active_Link
                0xffffffffa1e8b800        0xc C:/Users/John/Desktop/5856_1029/Unit_test/platform/edrv/btd/rdaDriver/src//libmips_be_core.a(lelc_conn.o)
                0xffffffffa1e8b801                LelcConn_Get_Current_Active_Link
 .text.LelcConn_Check_Last_Window_Windening
                0xffffffffa1e8b80c       0x50 C:/Users/John/Desktop/5856_1029/Unit_test/platform/edrv/btd/rdaDriver/src//libmips_be_core.a(lelc_conn.o)
                0xffffffffa1e8b80d                LelcConn_Check_Last_Window_Windening
 .text.LelcConn_Adjust_Slave_Anchorpoint_Clock