Archive member included because of file (symbol)

D:/D_back/IOT/RDA5856_bak/build/rom_5856_nolcd/platform/base/std/lib/libstd_cool_profile.a(vsprintf.o)
                              (sprintf)
D:/D_back/IOT/RDA5856_bak/build/rom_5856_nolcd/platform/base/sx/lib/libsx_cool_profile.a(sxr_sbx.o)
                              (sxr_Wait)
D:/D_back/IOT/RDA5856_bak/build/rom_5856_nolcd/platform/base/sx/lib/libsx_cool_profile.a(sxr_tls.o)
                              (sxr_Sleep)
D:/D_back/IOT/RDA5856_bak/build/rom_5856_nolcd/platform/base/sx/lib/libsx_cool_profile.a(sxs_sbx.o)
                              D:/D_back/IOT/RDA5856_bak/build/rom_5856_nolcd/platform/base/sx/lib/libsx_cool_profile.a(sxr_sbx.o) (sxr_Sbx)
D:/D_back/IOT/RDA5856_bak/build/rom_5856_nolcd/platform/base/sx/lib/libsx_cool_profile.a(sxr_tksd.o)
                              (sxr_RunNextTask)
D:/D_back/IOT/RDA5856_bak/build/rom_5856_nolcd/platform/base/sx/lib/libsx_cool_profile.a(sxs_tksd.o)
                              D:/D_back/IOT/RDA5856_bak/build/rom_5856_nolcd/platform/base/sx/lib/libsx_cool_profile.a(sxr_sbx.o) (sxr_Task)
D:/D_back/IOT/RDA5856_bak/build/rom_5856_nolcd/platform/base/sx/lib/libsx_cool_profile.a(sxr_tim.o)
                              (sxr_Tampax)
D:/D_back/IOT/RDA5856_bak/build/rom_5856_nolcd/platform/base/sx/lib/libsx_cool_profile.a(sxs_tim.o)
                              D:/D_back/IOT/RDA5856_bak/build/rom_5856_nolcd/platform/base/sx/lib/libsx_cool_profile.a(sxr_tim.o) (sxr_TCtx)
D:/D_back/IOT/RDA5856_bak/build/rom_5856_nolcd/platform/base/sx/lib/libsx_cool_profile.a(sxs_io.o)
                              D:/D_back/IOT/RDA5856_bak/build/rom_5856_nolcd/platform/base/sx/lib/libsx_cool_profile.a(sxr_tls.o) (sxs_Raise)
D:/D_back/IOT/RDA5856_bak/build/rom_5856_nolcd/platform/edrv/memd/lib/libmemd_cool_profile.a(drv_flsh.o)
                              (memd_FlashWrite)
D:/D_back/IOT/RDA5856_bak/build/rom_5856_nolcd/platform/edrv/memd/lib/libmemd_cool_profile.a(drv_flsh_map.o)
                              D:/D_back/IOT/RDA5856_bak/build/rom_5856_nolcd/platform/edrv/memd/lib/libmemd_cool_profile.a(drv_flsh.o) (memd_FlashSetLayout)
D:/D_back/IOT/RDA5856_bak/build/rom_5856_nolcd/platform/chip/hal/lib/libhal_cool_profile.a(hal_ebc.o)
                              D:/D_back/IOT/RDA5856_bak/build/rom_5856_nolcd/platform/edrv/memd/lib/libmemd_cool_profile.a(drv_flsh.o) (hal_EbcConfigRemap)
D:/D_back/IOT/RDA5856_bak/build/rom_5856_nolcd/platform/chip/hal/lib/libhal_cool_profile.a(hal_host.o)
                              D:/D_back/IOT/RDA5856_bak/build/rom_5856_nolcd/platform/base/sx/lib/libsx_cool_profile.a(sxs_io.o) (hal_HstSendEvent)
D:/D_back/IOT/RDA5856_bak/build/rom_5856_nolcd/platform/chip/hal/lib/libhal_cool_profile.a(hal_spi_flash.o)
                              (hal_FlashCacheOn)
D:/D_back/IOT/RDA5856_bak/build/rom_5856_nolcd/platform/chip/hal/lib/libhal_cool_profile.a(hal_sxr_mips.o)
                              (sxr_TaskSwap)
D:/D_back/IOT/RDA5856_bak/build/rom_5856_nolcd/platform/chip/hal/lib/libhal_cool_profile.a(hal_sys.o)
                              D:/D_back/IOT/RDA5856_bak/build/rom_5856_nolcd/platform/base/sx/lib/libsx_cool_profile.a(sxr_sbx.o) (g_halSysCsAddress)
D:/D_back/IOT/RDA5856_bak/build/rom_5856_nolcd/platform/chip/hal/lib/libhal_cool_profile.a(hal_timer.o)
                              (hal_TimDelay)
D:/D_back/IOT/RDA5856_bak/build/rom_5856_nolcd/platform/chip/hal/lib/libhal_cool_profile.a(hal_usb_mgc.o)
                              D:/D_back/IOT/RDA5856_bak/build/rom_5856_nolcd/platform/chip/hal/lib/libhal_cool_profile.a(hal_sys.o) (hal_UsbReset)
D:/D_back/IOT/RDA5856_bak/build/rom_5856_nolcd/platform/chip/hal/lib/libhal_cool_profile.a(hal_usbhost_mgc.o)
                              D:/D_back/IOT/RDA5856_bak/build/rom_5856_nolcd/platform/chip/hal/lib/libhal_cool_profile.a(hal_usb_mgc.o) (hal_musb_host_disconnect)
D:/D_back/IOT/RDA5856_bak/build/rom_5856_nolcd/platform/chip/hal/lib/libhal_cool_profile.a(hal_utils_mips.o)
                              D:/D_back/IOT/RDA5856_bak/build/rom_5856_nolcd/platform/base/sx/lib/libsx_cool_profile.a(sxs_io.o) (hal_SysGetSp)
D:/D_back/IOT/RDA5856_bak/build/rom_5856_nolcd/platform/chip/hal/lib/libhal_cool_profile.a(hal_assert.o)
                              D:/D_back/IOT/RDA5856_bak/build/rom_5856_nolcd/platform/chip/hal/lib/libhal_cool_profile.a(hal_sys.o) (hal_DbgAssert)
D:/D_back/IOT/RDA5856_bak/build/rom_5856_nolcd/platform/chip/hal/lib/libhal_cool_profile.a(hal_boot_sector_driver.o)
                              D:/D_back/IOT/RDA5856_bak/build/rom_5856_nolcd/platform/chip/hal/lib/libhal_cool_profile.a(hal_ebc.o) (hal_BootSectorSetEbcConfig)
D:/D_back/IOT/RDA5856_bak/build/rom_5856_nolcd/platform/chip/hal/lib/libhal_cool_profile.a(hal_config.o)
                              D:/D_back/IOT/RDA5856_bak/build/rom_5856_nolcd/platform/chip/hal/lib/libhal_cool_profile.a(hal_sys.o) (g_halCfg)
[...]
Memory Configuration

Name             Origin             Length             Attributes
*default*        0x0000000000000000 0xffffffffffffffff

Linker script and memory map

LOAD D:/D_back/IOT/RDA5856_bak/build/rom_5856_nolcd/platform/rom_prog/obj/cool_profile/stub.o
                0xffffffffa1e00000                . = 0xffffffffa1e00000
                0xffffffffa1e00000                __int_rom_main = .
                0xffffffffa1e00000                _int_rom_start = .

.internal_rom   0xffffffffa1e00000     0x3780
 *boot_rom.o(.text .text.* .rdata .rodata .rodata.str1.4 .rodata.*)
 .text          0xffffffffa1e00000      0x500 D:/D_back/IOT/RDA5856_bak/build/rom_5856_nolcd/platform/chip/boot/lib/libboot_cool_profile.a(boot_rom.o)
                0xffffffffa1e00000                __xcpu_start
                0xffffffffa1e00180                _boot_IrqHandler
                0xffffffffa1e002c0                boot_HstMonitorX
                0xffffffffa1e00320                boot_DbgExlTrigFunction0
                0xffffffffa1e004c0                monitor_entry
                0xffffffffa1e004c4                initial_stack_top_var
                0xffffffffa1e004c8                boot_FlushCache
                0xffffffffa1e004e8                boot_DisableInterrupt
 *boot*(.text .text.* .rdata .rodata .rodata.str1.4 .rodata.*)
 .text.mon_Event
                0xffffffffa1e00500       0x38 D:/D_back/IOT/RDA5856_bak/build/rom_5856_nolcd/platform/chip/boot/lib/libboot_cool_profile.a(boot_host.o)
                0xffffffffa1e00501                mon_Event
 .text.boot_HstCmdBasicHandler
                0xffffffffa1e00538       0x60 D:/D_back/IOT/RDA5856_bak/build/rom_5856_nolcd/platform/chip/boot/lib/libboot_cool_profile.a(boot_host.o)
                0xffffffffa1e00539                boot_HstCmdBasicHandler
 .text.boot_HstMonitor
                0xffffffffa1e00598       0x6c D:/D_back/IOT/RDA5856_bak/build/rom_5856_nolcd/platform/chip/boot/lib/libboot_cool_profile.a(boot_host.o)
                0xffffffffa1e00599                boot_HstMonitor
 .text.boot_IspiOpen
                0xffffffffa1e00604       0xe0 D:/D_back/IOT/RDA5856_bak/build/rom_5856_nolcd/platform/chip/boot/lib/libboot_cool_profile.a(boot_ispi.o)
                0xffffffffa1e00605                boot_IspiOpen
 .text.boot_IspiSendData
                0xffffffffa1e006e4       0x5c D:/D_back/IOT/RDA5856_bak/build/rom_5856_nolcd/platform/chip/boot/lib/libboot_cool_profile.a(boot_ispi.o)
                0xffffffffa1e006e5                boot_IspiSendData
 .text.boot_IspiTxFifoAvail
                0xffffffffa1e00740       0x1c D:/D_back/IOT/RDA5856_bak/build/rom_5856_nolcd/platform/chip/boot/lib/libboot_cool_profile.a(boot_ispi.o)
                0xffffffffa1e00741                boot_IspiTxFifoAvail
 .text.boot_IspiTxFinished
                0xffffffffa1e0075c       0x2c D:/D_back/IOT/RDA5856_bak/build/rom_5856_nolcd/platform/chip/boot/lib/libboot_cool_profile.a(boot_ispi.o)
                0xffffffffa1e0075d                boot_IspiTxFinished
 .text.boot_UsbIspiWrite
                0xffffffffa1e00788       0x3c D:/D_back/IOT/RDA5856_bak/build/rom_5856_nolcd/platform/chip/boot/lib/libboot_cool_profile.a(boot_ispi.o)
                0xffffffffa1e00789                boot_UsbIspiWrite
 .text.boot_UsbPHYEnable
                0xffffffffa1e007c4       0x28 D:/D_back/IOT/RDA5856_bak/build/rom_5856_nolcd/platform/chip/boot/lib/libboot_cool_profile.a(boot_ispi.o)
                0xffffffffa1e007c5                boot_UsbPHYEnable
 .rodata.g_bootIspiRomedCfg
                0xffffffffa1e007ec       0x24 D:/D_back/IOT/RDA5856_bak/build/rom_5856_nolcd/platform/chip/boot/lib/libboot_cool_profile.a(boot_ispi.o)
                0xffffffffa1e007ec                g_bootIspiRomedCfg
 .text.boot_MonitorDoMonitoring
                0xffffffffa1e00810      0x134 D:/D_back/IOT/RDA5856_bak/build/rom_5856_nolcd/platform/chip/boot/lib/libboot_cool_profile.a(boot_monitor.o)
                0xffffffffa1e00811                boot_MonitorDoMonitoring
 .text.boot_Monitor
                0xffffffffa1e00944       0xc0 D:/D_back/IOT/RDA5856_bak/build/rom_5856_nolcd/platform/chip/boot/lib/libboot_cool_profile.a(boot_monitor.o)
                0xffffffffa1e00945                boot_Monitor
 .text.hal_GetK1
                0xffffffffa1e00a04        0x8 D:/D_back/IOT/RDA5856_bak/build/rom_5856_nolcd/platform/chip/boot/lib/libboot_cool_profile.a(boot_rom_if.o)
                0xffffffffa1e00a05                hal_GetK1
 .rodata.boot_romCsString
                0xffffffffa1e00a0c       0x30 D:/D_back/IOT/RDA5856_bak/build/rom_5856_nolcd/platform/chip/boot/lib/libboot_cool_profile.a(boot_romstring.o)
                0xffffffffa1e00a0c                boot_romCsString
 .text.musb_select_ep_rom
                0xffffffffa1e00a3c       0x14 D:/D_back/IOT/RDA5856_bak/build/rom_5856_nolcd/platform/chip/boot/lib/libboot_cool_profile.a(boot_usb.o)
                0xffffffffa1e00a3d                musb_select_ep_rom
 .text.musb_write_fifo_rom
                0xffffffffa1e00a50       0x7c D:/D_back/IOT/RDA5856_bak/build/rom_5856_nolcd/platform/chip/boot/lib/libboot_cool_profile.a(boot_usb.o)
                0xffffffffa1e00a51                musb_write_fifo_rom
 .text.musb_read_fifo_rom
                0xffffffffa1e00acc       0x7c D:/D_back/IOT/RDA5856_bak/build/rom_5856_nolcd/platform/chip/boot/lib/libboot_cool_profile.a(boot_usb.o)
                0xffffffffa1e00acd                musb_read_fifo_rom
 .text.boot_mgc_usb_highSpeed
                0xffffffffa1e00b48       0x18 D:/D_back/IOT/RDA5856_bak/build/rom_5856_nolcd/platform/chip/boot/lib/libboot_cool_profile.a(boot_usb.o)
                0xffffffffa1e00b49                boot_mgc_usb_highSpeed
 .text.boot_UsbFlushRxFifo
                0xffffffffa1e00b60       0x40 D:/D_back/IOT/RDA5856_bak/build/rom_5856_nolcd/platform/chip/boot/lib/libboot_cool_profile.a(boot_usb.o)
 .text.boot_UsbFlushTxFifo
                0xffffffffa1e00ba0       0x34 D:/D_back/IOT/RDA5856_bak/build/rom_5856_nolcd/platform/chip/boot/lib/libboot_cool_profile.a(boot_usb.o)
 .text.boot_UsbFlushAllTxFifos
                0xffffffffa1e00bd4       0x1c D:/D_back/IOT/RDA5856_bak/build/rom_5856_nolcd/platform/chip/boot/lib/libboot_cool_profile.a(boot_usb.o)
 .text.boot_UsbResetTransfert
                0xffffffffa1e00bf0       0x28 D:/D_back/IOT/RDA5856_bak/build/rom_5856_nolcd/platform/chip/boot/lib/libboot_cool_profile.a(boot_usb.o)
                0xffffffffa1e00bf1                boot_UsbResetTransfert
 .text.boot_UsbCancelTransfert
                0xffffffffa1e00c18       0x2c D:/D_back/IOT/RDA5856_bak/build/rom_5856_nolcd/platform/chip/boot/lib/libboot_cool_profile.a(boot_usb.o)
                0xffffffffa1e00c19                boot_UsbCancelTransfert
 .text.boot_UsbConfig
                0xffffffffa1e00c44       0x98 D:/D_back/IOT/RDA5856_bak/build/rom_5856_nolcd/platform/chip/boot/lib/libboot_cool_profile.a(boot_usb.o)
 .text.boot_UsbDisableEp
                0xffffffffa1e00cdc       0x3c D:/D_back/IOT/RDA5856_bak/build/rom_5856_nolcd/platform/chip/boot/lib/libboot_cool_profile.a(boot_usb.o)
 .text.boot_UsbEnableEp
                0xffffffffa1e00d18       0xcc D:/D_back/IOT/RDA5856_bak/build/rom_5856_nolcd/platform/chip/boot/lib/libboot_cool_profile.a(boot_usb.o)
 .text.boot_UsbClrConfig
                0xffffffffa1e00de4       0xa4 D:/D_back/IOT/RDA5856_bak/build/rom_5856_nolcd/platform/chip/boot/lib/libboot_cool_profile.a(boot_usb.o)
 .text.boot_UsbInit
                0xffffffffa1e00e88       0x40 D:/D_back/IOT/RDA5856_bak/build/rom_5856_nolcd/platform/chip/boot/lib/libboot_cool_profile.a(boot_usb.o)
 .text.boot_UsbCallbackEp
                0xffffffffa1e00ec8       0x44 D:/D_back/IOT/RDA5856_bak/build/rom_5856_nolcd/platform/chip/boot/lib/libboot_cool_profile.a(boot_usb.o)
 .text.boot_SetIOMux
                0xffffffffa1e00f0c       0x3c D:/D_back/IOT/RDA5856_bak/build/rom_5856_nolcd/platform/chip/boot/lib/libboot_cool_profile.a(boot_usb.o)
                0xffffffffa1e00f0d                boot_SetIOMux
 .text.boot_usbinitclockenable
                0xffffffffa1e00f48       0xb8 D:/D_back/IOT/RDA5856_bak/build/rom_5856_nolcd/platform/chip/boot/lib/libboot_cool_profile.a(boot_usb.o)
                0xffffffffa1e00f49                boot_usbinitclockenable
 .text.boot_UsbInitVar
                0xffffffffa1e01000       0x28 D:/D_back/IOT/RDA5856_bak/build/rom_5856_nolcd/platform/chip/boot/lib/libboot_cool_profile.a(boot_usb.o)
                0xffffffffa1e01001                boot_UsbInitVar
 .text.boot_musb_g_rx
                0xffffffffa1e01028       0xc4 D:/D_back/IOT/RDA5856_bak/build/rom_5856_nolcd/platform/chip/boot/lib/libboot_cool_profile.a(boot_usb.o)
                0xffffffffa1e01029                boot_musb_g_rx
 .text.boot_musb_g_tx
                0xffffffffa1e010ec       0xbc D:/D_back/IOT/RDA5856_bak/build/rom_5856_nolcd/platform/chip/boot/lib/libboot_cool_profile.a(boot_usb.o)
                0xffffffffa1e010ed                boot_musb_g_tx
 .text.boot_musb_start
                0xffffffffa1e011a8       0x44 D:/D_back/IOT/RDA5856_bak/build/rom_5856_nolcd/platform/chip/boot/lib/libboot_cool_profile.a(boot_usb.o)
                0xffffffffa1e011a9                boot_musb_start
 .text.boot_UsbOpen
                0xffffffffa1e011ec       0x28 D:/D_back/IOT/RDA5856_bak/build/rom_5856_nolcd/platform/chip/boot/lib/libboot_cool_profile.a(boot_usb.o)
                0xffffffffa1e011ed                boot_UsbOpen
 .text.boot_UsbEpStall
                0xffffffffa1e01214        0x4 D:/D_back/IOT/RDA5856_bak/build/rom_5856_nolcd/platform/chip/boot/lib/libboot_cool_profile.a(boot_usb.o)
                0xffffffffa1e01215                boot_UsbEpStall
 .text.boot_UsbRecv
                0xffffffffa1e01218       0x48 D:/D_back/IOT/RDA5856_bak/build/rom_5856_nolcd/platform/chip/boot/lib/libboot_cool_profile.a(boot_usb.o)
                0xffffffffa1e01219                boot_UsbRecv
 .text.boot_UsbSend
                0xffffffffa1e01260       0xb0 D:/D_back/IOT/RDA5856_bak/build/rom_5856_nolcd/platform/chip/boot/lib/libboot_cool_profile.a(boot_usb.o)
                0xffffffffa1e01261                boot_UsbSend
 .text.boot_UsbCompletedCommand
                0xffffffffa1e01310       0x28 D:/D_back/IOT/RDA5856_bak/build/rom_5856_nolcd/platform/chip/boot/lib/libboot_cool_profile.a(boot_usb.o)
                0xffffffffa1e01311                boot_UsbCompletedCommand
 .text.boot_UsbEpEnableInterrupt
                0xffffffffa1e01338       0x50 D:/D_back/IOT/RDA5856_bak/build/rom_5856_nolcd/platform/chip/boot/lib/libboot_cool_profile.a(boot_usb.o)
                0xffffffffa1e01339                boot_UsbEpEnableInterrupt
 .text.boot_UsbEpRxTransferedSize
                0xffffffffa1e01388       0x14 D:/D_back/IOT/RDA5856_bak/build/rom_5856_nolcd/platform/chip/boot/lib/libboot_cool_profile.a(boot_usb.o)
                0xffffffffa1e01389                boot_UsbEpRxTransferedSize
 .text.boot_UsbEpTransfertDone
                0xffffffffa1e0139c       0x1c D:/D_back/IOT/RDA5856_bak/build/rom_5856_nolcd/platform/chip/boot/lib/libboot_cool_profile.a(boot_usb.o)
                0xffffffffa1e0139d                boot_UsbEpTransfertDone
 .text.boot_UsbClose
                0xffffffffa1e013b8       0x34 D:/D_back/IOT/RDA5856_bak/build/rom_5856_nolcd/platform/chip/boot/lib/libboot_cool_profile.a(boot_usb.o)
                0xffffffffa1e013b9                boot_UsbClose
 .text.boot_UsbReset
                0xffffffffa1e013ec       0x18 D:/D_back/IOT/RDA5856_bak/build/rom_5856_nolcd/platform/chip/boot/lib/libboot_cool_profile.a(boot_usb.o)
                0xffffffffa1e013ed                boot_UsbReset
 .rodata.str1.4
                0xffffffffa1e01404        0xe D:/D_back/IOT/RDA5856_bak/build/rom_5856_nolcd/platform/chip/boot/lib/libboot_cool_profile.a(boot_usb.o)
                                         0x10 (size before relaxing)
 *fill*         0xffffffffa1e01412        0x2 00
 .text.boot_UsbIrqHandler
                0xffffffffa1e01414      0x808 D:/D_back/IOT/RDA5856_bak/build/rom_5856_nolcd/platform/chip/boot/lib/libboot_cool_profile.a(boot_usb.o)
                0xffffffffa1e01415                boot_UsbIrqHandler
 .rodata.CSWTCH.62
                0xffffffffa1e01c1c        0x4 D:/D_back/IOT/RDA5856_bak/build/rom_5856_nolcd/platform/chip/boot/lib/libboot_cool_profile.a(boot_usb.o)
 .rodata.CSWTCH.65
                0xffffffffa1e01c20        0x4 D:/D_back/IOT/RDA5856_bak/build/rom_5856_nolcd/platform/chip/boot/lib/libboot_cool_profile.a(boot_usb.o)
 .text.boot_HostUsbDeviceCallback
                0xffffffffa1e01c24        0xc D:/D_back/IOT/RDA5856_bak/build/rom_5856_nolcd/platform/chip/boot/lib/libboot_cool_profile.a(boot_usb_monitor.o)
                0xffffffffa1e01c25                boot_HostUsbDeviceCallback
 .text.boot_HostUsbClockEnable
                0xffffffffa1e01c30       0x38 D:/D_back/IOT/RDA5856_bak/build/rom_5856_nolcd/platform/chip/boot/lib/libboot_cool_profile.a(boot_usb_monitor.o)
                0xffffffffa1e01c31                boot_HostUsbClockEnable
 .text.boot_HostUsbClose
                0xffffffffa1e01c68       0x10 D:/D_back/IOT/RDA5856_bak/build/rom_5856_nolcd/platform/chip/boot/lib/libboot_cool_profile.a(boot_usb_monitor.o)
                0xffffffffa1e01c69                boot_HostUsbClose
 .text.boot_HostUsbInit
                0xffffffffa1e01c78       0x48 D:/D_back/IOT/RDA5856_bak/build/rom_5856_nolcd/platform/chip/boot/lib/libboot_cool_profile.a(boot_usb_monitor.o)
                0xffffffffa1e01c79                boot_HostUsbInit
 .text.boot_HostUsbCallback
                0xffffffffa1e01cc0       0x1c D:/D_back/IOT/RDA5856_bak/build/rom_5856_nolcd/platform/chip/boot/lib/libboot_cool_profile.a(boot_usb_monitor.o)
 .text.boot_HostUsbOpen
                0xffffffffa1e01cdc       0x34 D:/D_back/IOT/RDA5856_bak/build/rom_5856_nolcd/platform/chip/boot/lib/libboot_cool_profile.a(boot_usb_monitor.o)
                0xffffffffa1e01cdd                boot_HostUsbOpen
 .text.boot_HostUsbSend
                0xffffffffa1e01d10      0x15c D:/D_back/IOT/RDA5856_bak/build/rom_5856_nolcd/platform/chip/boot/lib/libboot_cool_profile.a(boot_usb_monitor.o)
                0xffffffffa1e01d11                boot_HostUsbSend
 .text.boot_HostUsbEvent
                0xffffffffa1e01e6c       0xa4 D:/D_back/IOT/RDA5856_bak/build/rom_5856_nolcd/platform/chip/boot/lib/libboot_cool_profile.a(boot_usb_monitor.o)
                0xffffffffa1e01e6d                boot_HostUsbEvent
 .text.boot_HostUsbDecode
                0xffffffffa1e01f10      0x3fc D:/D_back/IOT/RDA5856_bak/build/rom_5856_nolcd/platform/chip/boot/lib/libboot_cool_profile.a(boot_usb_monitor.o)
 .text.boot_HostUsbRecv
                0xffffffffa1e0230c       0x98 D:/D_back/IOT/RDA5856_bak/build/rom_5856_nolcd/platform/chip/boot/lib/libboot_cool_profile.a(boot_usb_monitor.o)
                0xffffffffa1e0230d                boot_HostUsbRecv
 .rodata.str1.4
                0xffffffffa1e023a4       0x2c D:/D_back/IOT/RDA5856_bak/build/rom_5856_nolcd/platform/chip/boot/lib/libboot_cool_profile.a(boot_usb_monitor.o)
 .rodata.boot_HostUsbInterface
                0xffffffffa1e023d0       0x14 D:/D_back/IOT/RDA5856_bak/build/rom_5856_nolcd/platform/chip/boot/lib/libboot_cool_profile.a(boot_usb_monitor.o)
                0xffffffffa1e023d0                boot_HostUsbInterface
 .rodata.boot_HostUsbDesc
                0xffffffffa1e023e4       0x1c D:/D_back/IOT/RDA5856_bak/build/rom_5856_nolcd/platform/chip/boot/lib/libboot_cool_profile.a(boot_usb_monitor.o)
 .rodata.boot_HostUsbEpList
                0xffffffffa1e02400        0xc D:/D_back/IOT/RDA5856_bak/build/rom_5856_nolcd/platform/chip/boot/lib/libboot_cool_profile.a(boot_usb_monitor.o)
 .rodata.boot_HostUsbConfigList
                0xffffffffa1e0240c        0x8 D:/D_back/IOT/RDA5856_bak/build/rom_5856_nolcd/platform/chip/boot/lib/libboot_cool_profile.a(boot_usb_monitor.o)
 .rodata.boot_HostUsbEp1In
                0xffffffffa1e02414       0x10 D:/D_back/IOT/RDA5856_bak/build/rom_5856_nolcd/platform/chip/boot/lib/libboot_cool_profile.a(boot_usb_monitor.o)
 .rodata.boot_HostUsbEp1Out
                0xffffffffa1e02424       0x10 D:/D_back/IOT/RDA5856_bak/build/rom_5856_nolcd/platform/chip/boot/lib/libboot_cool_profile.a(boot_usb_monitor.o)
 .rodata.boot_HostUsbConfig
                0xffffffffa1e02434       0x14 D:/D_back/IOT/RDA5856_bak/build/rom_5856_nolcd/platform/chip/boot/lib/libboot_cool_profile.a(boot_usb_monitor.o)
 .rodata.boot_HostUsbInterfaceList
                0xffffffffa1e02448        0x8 D:/D_back/IOT/RDA5856_bak/build/rom_5856_nolcd/platform/chip/boot/lib/libboot_cool_profile.a(boot_usb_monitor.o)
 .text.boot_IrqDispatch
                0xffffffffa1e02450       0x30 D:/D_back/IOT/RDA5856_bak/build/rom_5856_nolcd/platform/chip/boot/lib/libboot_cool_profile.a(boot_irq_dispatch.o)
                0xffffffffa1e02451                boot_IrqDispatch
                0xffffffffa1e02480                . = ALIGN (0x10)
 *(.boottext)
 .boottext      0xffffffffa1e02480       0x18 D:/D_back/IOT/RDA5856_bak/build/rom_5856_nolcd/platform/chip/hal/lib/libhal_cool_profile.a(hal_timer.o)
                0xffffffffa1e02481                hal_TimDelay
 *(.sramtext)
 *fill*         0xffffffffa1e02498        0x8 00
 .sramtext      0xffffffffa1e024a0       0xd0 D:/D_back/IOT/RDA5856_bak/build/rom_5856_nolcd/platform/chip/hal/lib/libhal_cool_profile.a(hal_sxr_mips.o)
                0xffffffffa1e024a0                sxr_TaskSwap
 *sxr_tls.o(.text .text.* .rdata .rodata .rodata.str1.4 .rodata.*)
 .text.sxr_Sleep
                0xffffffffa1e02570       0x54 D:/D_back/IOT/RDA5856_bak/build/rom_5856_nolcd/platform/base/sx/lib/libsx_cool_profile.a(sxr_tls.o)
                0xffffffffa1e02571                sxr_Sleep
 *sxr_sbx.o(.text .text.* .rdata .rodata .rodata.str1.4 .rodata.*)
 .text.sxr_Wait
                0xffffffffa1e025c4      0x12c D:/D_back/IOT/RDA5856_bak/build/rom_5856_nolcd/platform/base/sx/lib/libsx_cool_profile.a(sxr_sbx.o)
                0xffffffffa1e025c5                sxr_Wait
 .text.sxr_Send
                0xffffffffa1e026f0      0x144 D:/D_back/IOT/RDA5856_bak/build/rom_5856_nolcd/platform/base/sx/lib/libsx_cool_profile.a(sxr_sbx.o)
                0xffffffffa1e026f1                sxr_Send
 *sxr_tim.o(.text .text.* .rdata .rodata .rodata.str1.4 .rodata.*)
 .text.sxr_Tampax
                0xffffffffa1e02834      0x158 D:/D_back/IOT/RDA5856_bak/build/rom_5856_nolcd/platform/base/sx/lib/libsx_cool_profile.a(sxr_tim.o)
                0xffffffffa1e02835                sxr_Tampax
 .text.sxr_SetTimer
                0xffffffffa1e0298c      0x1e8 D:/D_back/IOT/RDA5856_bak/build/rom_5856_nolcd/platform/base/sx/lib/libsx_cool_profile.a(sxr_tim.o)
                0xffffffffa1e0298d                sxr_SetTimer
 .text._sxr_StartFunctionTimer
                0xffffffffa1e02b74       0x30 D:/D_back/IOT/RDA5856_bak/build/rom_5856_nolcd/platform/base/sx/lib/libsx_cool_profile.a(sxr_tim.o)
                0xffffffffa1e02b75                _sxr_StartFunctionTimer
 *sxr_tksd.o(.text .text.* .rdata .rodata .rodata.str1.4 .rodata.*)
 .text.sxr_RmvFromSuspendedQueue
                0xffffffffa1e02ba4       0x64 D:/D_back/IOT/RDA5856_bak/build/rom_5856_nolcd/platform/base/sx/lib/libsx_cool_profile.a(sxr_tksd.o)
                0xffffffffa1e02ba5                sxr_RmvFromSuspendedQueue
 .text.sxr_RunNextTask
                0xffffffffa1e02c08       0xcc D:/D_back/IOT/RDA5856_bak/build/rom_5856_nolcd/platform/base/sx/lib/libsx_cool_profile.a(sxr_tksd.o)
                0xffffffffa1e02c09                sxr_RunNextTask
 .text.sxr_SuspendTask
                0xffffffffa1e02cd4       0x98 D:/D_back/IOT/RDA5856_bak/build/rom_5856_nolcd/platform/base/sx/lib/libsx_cool_profile.a(sxr_tksd.o)
                0xffffffffa1e02cd5                sxr_SuspendTask
 .text.sxr_WakeUpTask
                0xffffffffa1e02d6c      0x138 D:/D_back/IOT/RDA5856_bak/build/rom_5856_nolcd/platform/base/sx/lib/libsx_cool_profile.a(sxr_tksd.o)
                0xffffffffa1e02d6d                sxr_WakeUpTask
 .text.sxr_ResumeTask
                0xffffffffa1e02ea4       0x54 D:/D_back/IOT/RDA5856_bak/build/rom_5856_nolcd/platform/base/sx/lib/libsx_cool_profile.a(sxr_tksd.o)
                0xffffffffa1e02ea5                sxr_ResumeTask
 *sxr*(.text .text.* .rdata .rodata .rodata.str1.4 .rodata.*)
 *sxs*(.text .text.* .rdata .rodata .rodata.str1.4 .rodata.*)
 .text.sxr_ChkSbx
                0xffffffffa1e02ef8       0x30 D:/D_back/IOT/RDA5856_bak/build/rom_5856_nolcd/platform/base/sx/lib/libsx_cool_profile.a(sxs_sbx.o)
                0xffffffffa1e02ef9                sxr_ChkSbx
 .text.sxr_CheckSbx
                0xffffffffa1e02f28       0x3c D:/D_back/IOT/RDA5856_bak/build/rom_5856_nolcd/platform/base/sx/lib/libsx_cool_profile.a(sxs_sbx.o)
                0xffffffffa1e02f29                sxr_CheckSbx
 *drv_flsh.o(.text .text.* .rdata .rodata .rodata.str1.4 .rodata.*)
 .text.memd_FlashGetSectorLimits
                0xffffffffa1e02f64       0xd0 D:/D_back/IOT/RDA5856_bak/build/rom_5856_nolcd/platform/edrv/memd/lib/libmemd_cool_profile.a(drv_flsh.o)
 .text.memd_FlashWriteInProgress
                0xffffffffa1e03034       0x48 D:/D_back/IOT/RDA5856_bak/build/rom_5856_nolcd/platform/edrv/memd/lib/libmemd_cool_profile.a(drv_flsh.o)
                0xffffffffa1e03035                memd_FlashWriteInProgress
 .text.spi_flash_write
                0xffffffffa1e0307c       0xc8 D:/D_back/IOT/RDA5856_bak/build/rom_5856_nolcd/platform/edrv/memd/lib/libmemd_cool_profile.a(drv_flsh.o)
                0xffffffffa1e0307d                spi_flash_write
 .text.memd_FlashWrite
                0xffffffffa1e03144      0x134 D:/D_back/IOT/RDA5856_bak/build/rom_5856_nolcd/platform/edrv/memd/lib/libmemd_cool_profile.a(drv_flsh.o)
                0xffffffffa1e03145                memd_FlashWrite
 .text.spi_flash_sector_erase_nosuspend
                0xffffffffa1e03278       0x68 D:/D_back/IOT/RDA5856_bak/build/rom_5856_nolcd/platform/edrv/memd/lib/libmemd_cool_profile.a(drv_flsh.o)
                0xffffffffa1e03279                spi_flash_sector_erase_nosuspend
 .text.spi_flash_sector_erase
                0xffffffffa1e032e0       0x14 D:/D_back/IOT/RDA5856_bak/build/rom_5856_nolcd/platform/edrv/memd/lib/libmemd_cool_profile.a(drv_flsh.o)
                0xffffffffa1e032e1                spi_flash_sector_erase
 .text.spi_flash_block_erase
                0xffffffffa1e032f4       0x7c D:/D_back/IOT/RDA5856_bak/build/rom_5856_nolcd/platform/edrv/memd/lib/libmemd_cool_profile.a(drv_flsh.o)
                0xffffffffa1e032f5                spi_flash_block_erase
 .text.memd_FlashErase
                0xffffffffa1e03370       0xd0 D:/D_back/IOT/RDA5856_bak/build/rom_5856_nolcd/platform/edrv/memd/lib/libmemd_cool_profile.a(drv_flsh.o)
                0xffffffffa1e03371                memd_FlashErase
 *hal_spi_flash.o(.text .text.* .rdata .rodata .rodata.str1.4 .rodata.*)
 .text.hal_FlashCacheOn
                0xffffffffa1e03440       0x34 D:/D_back/IOT/RDA5856_bak/build/rom_5856_nolcd/platform/chip/hal/lib/libhal_cool_profile.a(hal_spi_flash.o)
                0xffffffffa1e03441                hal_FlashCacheOn
 .text.hal_FlashCacheOff
                0xffffffffa1e03474       0x1c D:/D_back/IOT/RDA5856_bak/build/rom_5856_nolcd/platform/chip/hal/lib/libhal_cool_profile.a(hal_spi_flash.o)
                0xffffffffa1e03475                hal_FlashCacheOff
 .text.hal_SpiFlashDisableRead
                0xffffffffa1e03490       0x20 D:/D_back/IOT/RDA5856_bak/build/rom_5856_nolcd/platform/chip/hal/lib/libhal_cool_profile.a(hal_spi_flash.o)
                0xffffffffa1e03491                hal_SpiFlashDisableRead
 .text.hal_SpiFlashEnableRead
                0xffffffffa1e034b0       0x1c D:/D_back/IOT/RDA5856_bak/build/rom_5856_nolcd/platform/chip/hal/lib/libhal_cool_profile.a(hal_spi_flash.o)
                0xffffffffa1e034b1                hal_SpiFlashEnableRead
 .text.hal_SpiFlashPushTxFifoData
                0xffffffffa1e034cc       0x48 D:/D_back/IOT/RDA5856_bak/build/rom_5856_nolcd/platform/chip/hal/lib/libhal_cool_profile.a(hal_spi_flash.o)
                0xffffffffa1e034cd                hal_SpiFlashPushTxFifoData
 .text.hal_SpiFlashGetRxData
                0xffffffffa1e03514       0x30 D:/D_back/IOT/RDA5856_bak/build/rom_5856_nolcd/platform/chip/hal/lib/libhal_cool_profile.a(hal_spi_flash.o)
                0xffffffffa1e03515                hal_SpiFlashGetRxData
 .text.hal_SpiFlashClearFifoData
                0xffffffffa1e03544       0x28 D:/D_back/IOT/RDA5856_bak/build/rom_5856_nolcd/platform/chip/hal/lib/libhal_cool_profile.a(hal_spi_flash.o)
                0xffffffffa1e03545                hal_SpiFlashClearFifoData
 .text.hal_SpiFlashSendCmd
                0xffffffffa1e0356c       0x6c D:/D_back/IOT/RDA5856_bak/build/rom_5856_nolcd/platform/chip/hal/lib/libhal_cool_profile.a(hal_spi_flash.o)
                0xffffffffa1e0356d                hal_SpiFlashSendCmd
 *hal_timer.o(.text .text.* .rdata .rodata .rodata.str1.4 .rodata.*)
 .text.hal_TimGetUpTime
                0xffffffffa1e035d8        0xc D:/D_back/IOT/RDA5856_bak/build/rom_5856_nolcd/platform/chip/hal/lib/libhal_cool_profile.a(hal_timer.o)
                0xffffffffa1e035d9                hal_TimGetUpTime
 *hal_utils_mips.o(.text .text.* .rdata .rodata .rodata.str1.4 .rodata.*)
 *hal_timer.o(.text .text.* .rdata .rodata .rodata.str1.4 .rodata.*)
 *hal_sxr_mips.o(.text .text.* .rdata .rodata .rodata.str1.4 .rodata.*)
 *hal_host.o(.text .text.* .rdata .rodata .rodata.str1.4 .rodata.*)
 *memcpy.o(.text .text.* .rdata .rodata .rodata.str1.4 .rodata.*)
 .text.memcpy   0xffffffffa1e035e4      0x180 D:/D_back/IOT/RDA5856_bak/build/rom_5856_nolcd/platform/base/std/lib/libstd_cool_profile.a(memcpy.o)
                0xffffffffa1e035e5                memcpy
 *memset.o(.text .text.* .rdata .rodata .rodata.str1.4 .rodata.*)
 *memcmp.o(.text .text.* .rdata .rodata .rodata.str1.4 .rodata.*)
 *strlen.o(.text .text.* .rdata .rodata .rodata.str1.4 .rodata.*)
 .text.strlen   0xffffffffa1e03764       0x10 D:/D_back/IOT/RDA5856_bak/build/rom_5856_nolcd/platform/base/std/lib/libstd_cool_profile.a(strlen.o)
                0xffffffffa1e03765                strlen
                0xffffffffa1e03780                . = ALIGN (0x10)
 *fill*         0xffffffffa1e03774        0xc 00

.sys_rom        0xffffffffa1e03780      0x850
 *(.text .text.* .rdata .rodata .rodata.str1.4 .rodata.*)
 .text.__put    0xffffffffa1e03780       0x1c D:/D_back/IOT/RDA5856_bak/build/rom_5856_nolcd/platform/base/std/lib/libstd_cool_profile.a(vsprintf.o)
 .rodata.str1.4
                0xffffffffa1e0379c       0x28 D:/D_back/IOT/RDA5856_bak/build/rom_5856_nolcd/platform/base/std/lib/libstd_cool_profile.a(vsprintf.o)
 .text._printn  0xffffffffa1e037c4      0x140 D:/D_back/IOT/RDA5856_bak/build/rom_5856_nolcd/platform/base/std/lib/libstd_cool_profile.a(vsprintf.o)
 .text.vsnprintf
                0xffffffffa1e03904      0x398 D:/D_back/IOT/RDA5856_bak/build/rom_5856_nolcd/platform/base/std/lib/libstd_cool_profile.a(vsprintf.o)
                0xffffffffa1e03905                vsnprintf
 .text.sprintf  0xffffffffa1e03c9c       0x1c D:/D_back/IOT/RDA5856_bak/build/rom_5856_nolcd/platform/base/std/lib/libstd_cool_profile.a(vsprintf.o)
                0xffffffffa1e03c9d                sprintf
 .text.tgt_GetSxNbConfig
                0xffffffffa1e03cb8        0xc D:/D_back/IOT/RDA5856_bak/build/rom_5856_nolcd/target/lib/libtarget_cool_profile.a(target_config.o)
                0xffffffffa1e03cb9                tgt_GetSxNbConfig
 .text.memmove  0xffffffffa1e03cc4       0xf8 D:/D_back/IOT/RDA5856_bak/build/rom_5856_nolcd/platform/base/std/lib/libstd_cool_profile.a(memmove.o)
                0xffffffffa1e03cc5                memmove
 .text          0xffffffffa1e03dbc       0xc4 D:/D_back/IOT/RDA5856_bak/env/lib/gcc/mips-elf/4.4.2/libgcc.a(_div_sf.o)
                0xffffffffa1e03dbd                __divsf3
 .rodata        0xffffffffa1e03e80       0x10 D:/D_back/IOT/RDA5856_bak/env/lib/gcc/mips-elf/4.4.2/libgcc.a(_thenan_sf.o)
                0xffffffffa1e03e80                __thenan_sf
 .text          0xffffffffa1e03e90       0xc4 D:/D_back/IOT/RDA5856_bak/env/lib/gcc/mips-elf/4.4.2/libgcc.a(_pack_sf.o)
                0xffffffffa1e03e91                __pack_f
 .text          0xffffffffa1e03f54       0x7c D:/D_back/IOT/RDA5856_bak/env/lib/gcc/mips-elf/4.4.2/libgcc.a(_unpack_sf.o)
                0xffffffffa1e03f55                __unpack_f
 *(.boottext)
 *(.sramtext)
                0xffffffffa1e03fd0                _sys_rom_data_base = .
                0xffffffffa1c00000                . = 0xffffffffa1c00000

.rom_usb_bss    0xffffffffa1c00000       0x84
 *boot_usb.o(.bss.*)
 .bss.Varvbuserr_retry
                0xffffffffa1c00000        0x1 D:/D_back/IOT/RDA5856_bak/build/rom_5856_nolcd/platform/chip/boot/lib/libboot_cool_profile.a(boot_usb.o)
 *fill*         0xffffffffa1c00001        0x3 00
 .bss.g_BootUsbBufferEp0Out
                0xffffffffa1c00004       0x40 D:/D_back/IOT/RDA5856_bak/build/rom_5856_nolcd/platform/chip/boot/lib/libboot_cool_profile.a(boot_usb.o)
 .bss.g_BootUsbBufferEp0In
                0xffffffffa1c00044       0x40 D:/D_back/IOT/RDA5856_bak/build/rom_5856_nolcd/platform/chip/boot/lib/libboot_cool_profile.a(boot_usb.o)
                0xffffffffa1c000a0                . = 0xffffffffa1c000a0

.rom_entries_uncached
                0xffffffffa1c000a0       0x18
                0xffffffffa1c000a0                _hstMonitorXCtx_start = .
 *boot_host.o(.sram_hst_monitor_ctx)
 .sram_hst_monitor_ctx
                0xffffffffa1c000a0       0x18 D:/D_back/IOT/RDA5856_bak/build/rom_5856_nolcd/platform/chip/boot/lib/libboot_cool_profile.a(boot_host.o)
                0xffffffffa1c000a0                boot_HstMonitorXCtx
                0xffffffffa1c000b4                boot_HstMonitorExtendedHandler
                0xffffffffa1c000b8                . = ALIGN (0x4)
                0xffffffffa1c000b8                . = (. - 0x0)

.rom_entries_cached
                0xffffffffa1c000b8       0x48
 *boot_host.o(.data .data.* .bss .bss.* .scommon COMMON)
 *boot_ram.o(.data .data.* .bss .bss.* .scommon COMMON)
 .data          0xffffffffa1c000b8       0x18 D:/D_back/IOT/RDA5856_bak/build/rom_5856_nolcd/platform/chip/boot/lib/libboot_cool_profile.a(boot_ram.o)
                0xffffffffa1c000b8                xcpu_error_code
                0xffffffffa1c000bc                xcpu_error_status
                0xffffffffa1c000c0                xcpu_sp_context
                0xffffffffa1c000c4                sxr_IrqStack_pointer
                0xffffffffa1c000c8                g_bootResetCause
                0xffffffffa1c000cc                g_bootBootMode
 *boot_uart_monitor.o(.data .data.* .bss .bss.* .scommon COMMON)
 .bss.g_bootUartMonitorBrDetected
                0xffffffffa1c000d0        0x1 D:/D_back/IOT/RDA5856_bak/build/rom_5856_nolcd/platform/chip/boot/lib/libboot_cool_profile.a(boot_uart_monitor.o)
                0xffffffffa1c000d0                g_bootUartMonitorBrDetected
 *fill*         0xffffffffa1c000d1        0x3 00
 .scommon       0xffffffffa1c000d4        0x4 D:/D_back/IOT/RDA5856_bak/build/rom_5856_nolcd/platform/chip/boot/lib/libboot_cool_profile.a(boot_uart_monitor.o)
                0xffffffffa1c000d4                g_bootUartMonitorBaudRate
 *boot_rom.o(.data .data.* .bss .bss.* .scommon COMMON)
 *boot_monitor.o(.data .data.* .bss .bss.* .scommon COMMON)
 *boot_ram.o(.data .data.* .bss .bss.* .scommon COMMON)
 *boot_uart_monitor.o(.data .data.* .bss .bss.* .scommon COMMON)
 *boot_ispi.o(.data .data.* .bss .bss.* .scommon COMMON)
 .data.g_bootIspiProperties
                0xffffffffa1c000d8        0x4 D:/D_back/IOT/RDA5856_bak/build/rom_5856_nolcd/platform/chip/boot/lib/libboot_cool_profile.a(boot_ispi.o)
 *boot_usb_monitor.o(.data .data.* .bss .bss.* .scommon COMMON)
 .bss.g_BootHostUsbCallbackOs
                0xffffffffa1c000dc        0x4 D:/D_back/IOT/RDA5856_bak/build/rom_5856_nolcd/platform/chip/boot/lib/libboot_cool_profile.a(boot_usb_monitor.o)
 .bss.g_BootHostUsbCallbackH2PStatus
                0xffffffffa1c000e0        0x4 D:/D_back/IOT/RDA5856_bak/build/rom_5856_nolcd/platform/chip/boot/lib/libboot_cool_profile.a(boot_usb_monitor.o)
 .bss.g_BootHostUsbVar
                0xffffffffa1c000e4       0x1c D:/D_back/IOT/RDA5856_bak/build/rom_5856_nolcd/platform/chip/boot/lib/libboot_cool_profile.a(boot_usb_monitor.o)
 *boot_irq_dispatch.o(.data .data.* .bss .bss.* .scommon COMMON)
 *btcpu_ram.o(.data .data.* .bss .bss.* .scommon COMMON)
 *atoi.o(.data .data.* .bss .bss.* .scommon COMMON)
 *bsearch.o(.data .data.* .bss .bss.* .scommon COMMON)
 *ctype.o(.data .data.* .bss .bss.* .scommon COMMON)
 *memchr.o(.data .data.* .bss .bss.* .scommon COMMON)
 *memcmp.o(.data .data.* .bss .bss.* .scommon COMMON)
 *memcpy.o(.data .data.* .bss .bss.* .scommon COMMON)
 *memmove.o(.data .data.* .bss .bss.* .scommon COMMON)
 *memscan.o(.data .data.* .bss .bss.* .scommon COMMON)
 *memset.o(.data .data.* .bss .bss.* .scommon COMMON)
 *qsort.o(.data .data.* .bss .bss.* .scommon COMMON)
 *strcat.o(.data .data.* .bss .bss.* .scommon COMMON)
 *strchr.o(.data .data.* .bss .bss.* .scommon COMMON)
 *strcmp.o(.data .data.* .bss .bss.* .scommon COMMON)
 *strcpy.o(.data .data.* .bss .bss.* .scommon COMMON)
 *strcspn.o(.data .data.* .bss .bss.* .scommon COMMON)
 *strlen.o(.data .data.* .bss .bss.* .scommon COMMON)
 *strncat.o(.data .data.* .bss .bss.* .scommon COMMON)
 *strncmp.o(.data .data.* .bss .bss.* .scommon COMMON)
 *strncpy.o(.data .data.* .bss .bss.* .scommon COMMON)
 *strnicmp.o(.data .data.* .bss .bss.* .scommon COMMON)
 *strsep.o(.data .data.* .bss .bss.* .scommon COMMON)
 *strspn.o(.data .data.* .bss .bss.* .scommon COMMON)
 *strstr.o(.data .data.* .bss .bss.* .scommon COMMON)
 *strtok.o(.data .data.* .bss .bss.* .scommon COMMON)
 *strtol.o(.data .data.* .bss .bss.* .scommon COMMON)
 *strtoul.o(.data .data.* .bss .bss.* .scommon COMMON)
 *vsprintf.o(.data .data.* .bss .bss.* .scommon COMMON)

.rom_inter_ram  0xffffffffa1c00100      0x140
                0xffffffffa1c00100                _sys_rom_bss_start = .
 *(.bss .bss.* COMMON .scommon .sbss .sbss.* .sbss2 .sbss2.* .rambss .gnu.linkonce.b.*)
 .scommon       0xffffffffa1c00100        0x4 D:/D_back/IOT/RDA5856_bak/build/rom_5856_nolcd/platform/base/sx/lib/libsx_cool_profile.a(sxr_sbx.o)
                0xffffffffa1c00100                sxr_SemaInfo
 COMMON         0xffffffffa1c00104       0x18 D:/D_back/IOT/RDA5856_bak/build/rom_5856_nolcd/platform/base/sx/lib/libsx_cool_profile.a(sxs_sbx.o)
                0xffffffffa1c00104                sxr_Sbx
 COMMON         0xffffffffa1c0011c        0xc D:/D_back/IOT/RDA5856_bak/build/rom_5856_nolcd/platform/base/sx/lib/libsx_cool_profile.a(sxs_tksd.o)
                0xffffffffa1c0011c                sxr_Task
 .scommon       0xffffffffa1c00128        0xe D:/D_back/IOT/RDA5856_bak/build/rom_5856_nolcd/platform/base/sx/lib/libsx_cool_profile.a(sxs_tim.o)
                0xffffffffa1c00128                sxr_TEnv
                0xffffffffa1c00130                sxr_TCtx
                0xffffffffa1c00134                SXR_Nb_Max_Timer_Enveloppe
 *fill*         0xffffffffa1c00136        0x2 00
 .scommon       0xffffffffa1c00138        0x3 D:/D_back/IOT/RDA5856_bak/build/rom_5856_nolcd/platform/base/sx/lib/libsx_cool_profile.a(sxs_io.o)
                0xffffffffa1c00138                sxs_FileCtx
                0xffffffffa1c0013a                sxs_StdErr
 *fill*         0xffffffffa1c0013b        0x1 00
 .bss.g_memdFlashBaseAddress
                0xffffffffa1c0013c        0x4 D:/D_back/IOT/RDA5856_bak/build/rom_5856_nolcd/platform/edrv/memd/lib/libmemd_cool_profile.a(drv_flsh.o)
                0xffffffffa1c0013c                g_memdFlashBaseAddress
 .bss.RUN_Status
                0xffffffffa1c00140        0x4 D:/D_back/IOT/RDA5856_bak/build/rom_5856_nolcd/platform/edrv/memd/lib/libmemd_cool_profile.a(drv_flsh.o)
                0xffffffffa1c00140                RUN_Status
 .bss.p_flsh_config
                0xffffffffa1c00144       0x10 D:/D_back/IOT/RDA5856_bak/build/rom_5856_nolcd/platform/edrv/memd/lib/libmemd_cool_profile.a(drv_flsh.o)
 .scommon       0xffffffffa1c00154        0x4 D:/D_back/IOT/RDA5856_bak/build/rom_5856_nolcd/platform/edrv/memd/lib/libmemd_cool_profile.a(drv_flsh.o)
                0xffffffffa1c00154                NOT_SUSPEND
 COMMON         0xffffffffa1c00158       0x18 D:/D_back/IOT/RDA5856_bak/build/rom_5856_nolcd/platform/edrv/memd/lib/libmemd_cool_profile.a(drv_flsh_map.o)
                0xffffffffa1c00158                g_memdFlashLayout
 .bss.gc_halFlashCahceOn
                0xffffffffa1c00170        0x1 D:/D_back/IOT/RDA5856_bak/build/rom_5856_nolcd/platform/chip/hal/lib/libhal_cool_profile.a(hal_spi_flash.o)
 *fill*         0xffffffffa1c00171        0x3 00
 .scommon       0xffffffffa1c00174        0x4 D:/D_back/IOT/RDA5856_bak/build/rom_5856_nolcd/platform/chip/hal/lib/libhal_cool_profile.a(hal_config.o)
                0xffffffffa1c00174                g_halCfg
 .scommon       0xffffffffa1c00178        0x4 D:/D_back/IOT/RDA5856_bak/build/rom_5856_nolcd/platform/chip/boot/lib/libboot_cool_profile.a(boot_rom_if.o)
                0xffffffffa1c00178                g_pPrintf_ROM
 COMMON         0xffffffffa1c0017c       0xb4 D:/D_back/IOT/RDA5856_bak/build/rom_5856_nolcd/platform/chip/boot/lib/libboot_cool_profile.a(boot_usb.o)
                0xffffffffa1c0017c                g_BootUsbVar
 .scommon       0xffffffffa1c00230        0x4 D:/D_back/IOT/RDA5856_bak/build/rom_5856_nolcd/target/lib/libtarget_cool_profile.a(target_config.o)
                0xffffffffa1c00230                g_pTgtSxCfg
                0xffffffffa1c00240                . = ALIGN (0x10)
 *fill*         0xffffffffa1c00234        0xc 00
                0xffffffffa1c00240                _sys_rom_bss_end = .
                0xffffffffa1c00240                _sys_rom_data_start = .

.rom_inter_data
                0xffffffffa1c00240       0x10 load address 0xffffffffa1e03fd0
 *(.data)
 *(.bootsramdata)
 .bootsramdata  0xffffffffa1c00240        0x8 D:/D_back/IOT/RDA5856_bak/build/rom_5856_nolcd/platform/chip/hal/lib/libhal_cool_profile.a(hal_sys.o)
                0xffffffffa1c00240                g_halSysTcuRunningAt26M
                0xffffffffa1c00244                g_halSysCsAddress
 *(.data .data.*)
 .data.g_spiflash_pagesize
                0xffffffffa1c00248        0x4 D:/D_back/IOT/RDA5856_bak/build/rom_5856_nolcd/platform/edrv/memd/lib/libmemd_cool_profile.a(drv_flsh.o)
                0xffffffffa1c00248                g_spiflash_pagesize
 .data.g_dif_opcode_high_p_mode
                0xffffffffa1c0024c        0x1 D:/D_back/IOT/RDA5856_bak/build/rom_5856_nolcd/platform/edrv/memd/lib/libmemd_cool_profile.a(drv_flsh.o)
                0xffffffffa1c0024c                g_dif_opcode_high_p_mode
 .data.g_dif_opcode_write
                0xffffffffa1c0024d        0x1 D:/D_back/IOT/RDA5856_bak/build/rom_5856_nolcd/platform/edrv/memd/lib/libmemd_cool_profile.a(drv_flsh.o)
                0xffffffffa1c0024d                g_dif_opcode_write
                0xffffffffa1c00250                . = ALIGN (0x10)
 *fill*         0xffffffffa1c0024e        0x2 00
                0xffffffffa1c00250                _sys_rom_data_ram_end = .
                0x0000000000000010                _sys_rom_data_ram_size = (_sys_rom_data_ram_end - _sys_rom_data_start)
                0xffffffffa1e03fe0                _sys_rom_data_end = (_sys_rom_data_base + _sys_rom_data_ram_size)
                0xffffffffa1c00250                __int_rom_reserved_end = .
                0x0000000000000001                ASSERT ((ABSOLUTE (__int_rom_reserved_end) <= 0xffffffffa1c00260), Reserved Ram Reserved for Rom Overflowed)

.sram_romed_top
                0xffffffffa1c0fffc        0x0
                0xffffffffa1c0fffc                _sys_sram_non_romed_top = .
                0xffffffffa1e03ffc                _int_rom_end = 0xffffffffa1e03ffc

.boot_rom_version_number
                0xffffffffa1e03ff8        0x4
                0xffffffffa1e03ff8                _int_rom_version_number = .
 *(.boot_rom_version_number)
 .boot_rom_version_number
                0xffffffffa1e03ff8        0x4 D:/D_back/IOT/RDA5856_bak/build/rom_5856_nolcd/platform/chip/boot/lib/libboot_cool_profile.a(boot_rom_version.o)
                0xffffffffa1e03ff8                g_bootRomVersionNumber

.internal_rom.crc
                0xffffffffa1e03ffc        0x4
                0xffffffffa1e03ffc                __int_rom_crc = .
                0xffffffffa1e03ffc        0x4 LONG 0xc001c001

.stab
 *(.stab)

.stabstr
 *(.stabstr)

.stab.excl
 *(.stab.excl)

.stab.exclstr
 *(.stab.exclstr)

.stab.index
 *(.stab.index)

.stab.indexstr
 *(.stab.indexstr)

.comment        0x0000000000000000       0x31
 *(.comment)
 .comment       0x0000000000000000       0x31 D:/D_back/IOT/RDA5856_bak/build/rom_5856_nolcd/platform/rom_prog/obj/cool_profile/stub.o
                                         0x32 (size before relaxing)
 .comment       0x0000000000000000       0x32 D:/D_back/IOT/RDA5856_bak/build/rom_5856_nolcd/platform/base/std/lib/libstd_cool_profile.a(vsprintf.o)
 .comment       0x0000000000000000       0x32 D:/D_back/IOT/RDA5856_bak/build/rom_5856_nolcd/platform/base/sx/lib/libsx_cool_profile.a(sxr_sbx.o)
 .comment       0x0000000000000000       0x32 D:/D_back/IOT/RDA5856_bak/build/rom_5856_nolcd/platform/base/sx/lib/libsx_cool_profile.a(sxr_tls.o)
 .comment       0x0000000000000000       0x32 D:/D_back/IOT/RDA5856_bak/build/rom_5856_nolcd/platform/base/sx/lib/libsx_cool_profile.a(sxs_sbx.o)
 .comment       0x0000000000000000       0x32 D:/D_back/IOT/RDA5856_bak/build/rom_5856_nolcd/platform/base/sx/lib/libsx_cool_profile.a(sxr_tksd.o)
 .comment       0x0000000000000000       0x32 D:/D_back/IOT/RDA5856_bak/build/rom_5856_nolcd/platform/base/sx/lib/libsx_cool_profile.a(sxs_tksd.o)
 .comment       0x0000000000000000       0x32 D:/D_back/IOT/RDA5856_bak/build/rom_5856_nolcd/platform/base/sx/lib/libsx_cool_profile.a(sxr_tim.o)
 .comment       0x0000000000000000       0x32 D:/D_back/IOT/RDA5856_bak/build/rom_5856_nolcd/platform/base/sx/lib/libsx_cool_profile.a(sxs_tim.o)
 .comment       0x0000000000000000       0x32 D:/D_back/IOT/RDA5856_bak/build/rom_5856_nolcd/platform/base/sx/lib/libsx_cool_profile.a(sxs_io.o)
 .comment       0x0000000000000000       0x32 D:/D_back/IOT/RDA5856_bak/build/rom_5856_nolcd/platform/edrv/memd/lib/libmemd_cool_profile.a(drv_flsh.o)
 .comment       0x0000000000000000       0x32 D:/D_back/IOT/RDA5856_bak/build/rom_5856_nolcd/platform/edrv/memd/lib/libmemd_cool_profile.a(drv_flsh_map.o)
 .comment       0x0000000000000000       0x32 D:/D_back/IOT/RDA5856_bak/build/rom_5856_nolcd/platform/chip/hal/lib/libhal_cool_profile.a(hal_ebc.o)
 .comment       0x0000000000000000       0x32 D:/D_back/IOT/RDA5856_bak/build/rom_5856_nolcd/platform/chip/hal/lib/libhal_cool_profile.a(hal_host.o)
 .comment       0x0000000000000000       0x32 D:/D_back/IOT/RDA5856_bak/build/rom_5856_nolcd/platform/chip/hal/lib/libhal_cool_profile.a(hal_spi_flash.o)
 .comment       0x0000000000000000       0x32 D:/D_back/IOT/RDA5856_bak/build/rom_5856_nolcd/platform/chip/hal/lib/libhal_cool_profile.a(hal_sys.o)
 .comment       0x0000000000000000       0x32 D:/D_back/IOT/RDA5856_bak/build/rom_5856_nolcd/platform/chip/hal/lib/libhal_cool_profile.a(hal_timer.o)
 .comment       0x0000000000000000       0x32 D:/D_back/IOT/RDA5856_bak/build/rom_5856_nolcd/platform/chip/hal/lib/libhal_cool_profile.a(hal_usb_mgc.o)
 .comment       0x0000000000000000       0x32 D:/D_back/IOT/RDA5856_bak/build/rom_5856_nolcd/platform/chip/hal/lib/libhal_cool_profile.a(hal_usbhost_mgc.o)
 .comment       0x0000000000000000       0x32 D:/D_back/IOT/RDA5856_bak/build/rom_5856_nolcd/platform/chip/hal/lib/libhal_cool_profile.a(hal_assert.o)
 .comment       0x0000000000000000       0x32 D:/D_back/IOT/RDA5856_bak/build/rom_5856_nolcd/platform/chip/hal/lib/libhal_cool_profile.a(hal_boot_sector_driver.o)
 .comment       0x0000000000000000       0x32 D:/D_back/IOT/RDA5856_bak/build/rom_5856_nolcd/platform/chip/hal/lib/libhal_cool_profile.a(hal_config.o)
 .comment       0x0000000000000000       0x32 D:/D_back/IOT/RDA5856_bak/build/rom_5856_nolcd/platform/chip/hal/lib/libhal_cool_profile.a(hal_debug.o)
 .comment       0x0000000000000000       0x32 D:/D_back/IOT/RDA5856_bak/build/rom_5856_nolcd/platform/chip/hal/lib/libhal_cool_profile.a(hal_gpio.o)
 .comment       0x0000000000000000       0x32 D:/D_back/IOT/RDA5856_bak/build/rom_5856_nolcd/platform/chip/hal/lib/libhal_cool_profile.a(hal_host_ram.o)
 .comment       0x0000000000000000       0x32 D:/D_back/IOT/RDA5856_bak/build/rom_5856_nolcd/platform/chip/hal/lib/libhal_cool_profile.a(hal_lps.o)
 .comment       0x0000000000000000       0x32 D:/D_back/IOT/RDA5856_bak/build/rom_5856_nolcd/platform/chip/hal/lib/libhal_cool_profile.a(hal_musb_core.o)
 .comment       0x0000000000000000       0x32 D:/D_back/IOT/RDA5856_bak/build/rom_5856_nolcd/platform/chip/hal/lib/libhal_cool_profile.a(hal_musb_dma.o)
 .comment       0x0000000000000000       0x32 D:/D_back/IOT/RDA5856_bak/build/rom_5856_nolcd/platform/chip/hal/lib/libhal_cool_profile.a(hal_profile.o)
 .comment       0x0000000000000000       0x32 D:/D_back/IOT/RDA5856_bak/build/rom_5856_nolcd/platform/chip/hal/lib/libhal_cool_profile.a(hal_rda_audio.o)
 .comment       0x0000000000000000       0x32 D:/D_back/IOT/RDA5856_bak/build/rom_5856_nolcd/platform/chip/hal/lib/libhal_cool_profile.a(hal_rfspi.o)
 .comment       0x0000000000000000       0x32 D:/D_back/IOT/RDA5856_bak/build/rom_5856_nolcd/platform/chip/hal/lib/libhal_cool_profile.a(hal_tcu.o)
 .comment       0x0000000000000000       0x32 D:/D_back/IOT/RDA5856_bak/build/rom_5856_nolcd/platform/chip/hal/lib/libhal_cool_profile.a(hal_abb_config.o)
 .comment       0x0000000000000000       0x32 D:/D_back/IOT/RDA5856_bak/build/rom_5856_nolcd/platform/chip/hal/lib/libhal_cool_profile.a(hal_ana_gpadc.o)
 .comment       0x0000000000000000       0x32 D:/D_back/IOT/RDA5856_bak/build/rom_5856_nolcd/platform/chip/hal/lib/libhal_cool_profile.a(hal_rda_abb.o)
 .comment       0x0000000000000000       0x32 D:/D_back/IOT/RDA5856_bak/build/rom_5856_nolcd/platform/chip/hal/lib/libhal_cool_profile.a(hal_ispi.o)
 .comment       0x0000000000000000       0x32 D:/D_back/IOT/RDA5856_bak/build/rom_5856_nolcd/platform/chip/boot/lib/libboot_cool_profile.a(boot_host.o)
 .comment       0x0000000000000000       0x32 D:/D_back/IOT/RDA5856_bak/build/rom_5856_nolcd/platform/chip/boot/lib/libboot_cool_profile.a(boot_ispi.o)
 .comment       0x0000000000000000       0x32 D:/D_back/IOT/RDA5856_bak/build/rom_5856_nolcd/platform/chip/boot/lib/libboot_cool_profile.a(boot_monitor.o)
 .comment       0x0000000000000000       0x32 D:/D_back/IOT/RDA5856_bak/build/rom_5856_nolcd/platform/chip/boot/lib/libboot_cool_profile.a(boot_rom_if.o)
 .comment       0x0000000000000000       0x32 D:/D_back/IOT/RDA5856_bak/build/rom_5856_nolcd/platform/chip/boot/lib/libboot_cool_profile.a(boot_rom_version.o)
 .comment       0x0000000000000000       0x32 D:/D_back/IOT/RDA5856_bak/build/rom_5856_nolcd/platform/chip/boot/lib/libboot_cool_profile.a(boot_romstring.o)
 .comment       0x0000000000000000       0x32 D:/D_back/IOT/RDA5856_bak/build/rom_5856_nolcd/platform/chip/boot/lib/libboot_cool_profile.a(boot_uart_monitor.o)
 .comment       0x0000000000000000       0x32 D:/D_back/IOT/RDA5856_bak/build/rom_5856_nolcd/platform/chip/boot/lib/libboot_cool_profile.a(boot_usb.o)
 .comment       0x0000000000000000       0x32 D:/D_back/IOT/RDA5856_bak/build/rom_5856_nolcd/platform/chip/boot/lib/libboot_cool_profile.a(boot_usb_monitor.o)
 .comment       0x0000000000000000       0x32 D:/D_back/IOT/RDA5856_bak/build/rom_5856_nolcd/platform/chip/boot/lib/libboot_cool_profile.a(boot_irq_dispatch.o)
 .comment       0x0000000000000000       0x32 D:/D_back/IOT/RDA5856_bak/build/rom_5856_nolcd/target/lib/libtarget_cool_profile.a(target_config.o)
 .comment       0x0000000000000000       0x32 D:/D_back/IOT/RDA5856_bak/build/rom_5856_nolcd/platform/base/std/lib/libstd_cool_profile.a(memcpy.o)
 .comment       0x0000000000000000       0x32 D:/D_back/IOT/RDA5856_bak/build/rom_5856_nolcd/platform/base/std/lib/libstd_cool_profile.a(memmove.o)
 .comment       0x0000000000000000       0x32 D:/D_back/IOT/RDA5856_bak/build/rom_5856_nolcd/platform/base/std/lib/libstd_cool_profile.a(memset.o)
 .comment       0x0000000000000000       0x32 D:/D_back/IOT/RDA5856_bak/build/rom_5856_nolcd/platform/base/std/lib/libstd_cool_profile.a(strlen.o)
 .comment       0x0000000000000000       0x32 D:/D_back/IOT/RDA5856_bak/env/lib/gcc/mips-elf/4.4.2/libgcc.a(_div_sf.o)
 .comment       0x0000000000000000       0x32 D:/D_back/IOT/RDA5856_bak/env/lib/gcc/mips-elf/4.4.2/libgcc.a(_thenan_sf.o)
 .comment       0x0000000000000000       0x32 D:/D_back/IOT/RDA5856_bak/env/lib/gcc/mips-elf/4.4.2/libgcc.a(_pack_sf.o)
 .comment       0x0000000000000000       0x32 D:/D_back/IOT/RDA5856_bak/env/lib/gcc/mips-elf/4.4.2/libgcc.a(_unpack_sf.o)

.debug
 *(.debug)

.line
 *(.line)

.debug_srcinfo
 *(.debug_srcinfo)

.debug_sfnames
 *(.debug_sfnames)

.debug_aranges  0x0000000000000000     0x1728
 *(.debug_aranges)
 .debug_aranges
                0x0000000000000000       0x48 D:/D_back/IOT/RDA5856_bak/build/rom_5856_nolcd/platform/base/std/lib/libstd_cool_profile.a(vsprintf.o)
 .debug_aranges
                0x0000000000000048       0x68 D:/D_back/IOT/RDA5856_bak/build/rom_5856_nolcd/platform/base/sx/lib/libsx_cool_profile.a(sxr_sbx.o)
 .debug_aranges
                0x00000000000000b0       0x48 D:/D_back/IOT/RDA5856_bak/build/rom_5856_nolcd/platform/base/sx/lib/libsx_cool_profile.a(sxr_tls.o)
 .debug_aranges
                0x00000000000000f8       0x90 D:/D_back/IOT/RDA5856_bak/build/rom_5856_nolcd/platform/base/sx/lib/libsx_cool_profile.a(sxs_sbx.o)
 .debug_aranges
                0x0000000000000188       0x78 D:/D_back/IOT/RDA5856_bak/build/rom_5856_nolcd/platform/base/sx/lib/libsx_cool_profile.a(sxr_tksd.o)
 .debug_aranges
                0x0000000000000200       0xc8 D:/D_back/IOT/RDA5856_bak/build/rom_5856_nolcd/platform/base/sx/lib/libsx_cool_profile.a(sxs_tksd.o)
 .debug_aranges
                0x00000000000002c8       0xa8 D:/D_back/IOT/RDA5856_bak/build/rom_5856_nolcd/platform/base/sx/lib/libsx_cool_profile.a(sxr_tim.o)
 .debug_aranges
                0x0000000000000370       0x30 D:/D_back/IOT/RDA5856_bak/build/rom_5856_nolcd/platform/base/sx/lib/libsx_cool_profile.a(sxs_tim.o)
 .debug_aranges
                0x00000000000003a0       0x38 D:/D_back/IOT/RDA5856_bak/build/rom_5856_nolcd/platform/base/sx/lib/libsx_cool_profile.a(sxs_io.o)
 .debug_aranges
                0x00000000000003d8      0x158 D:/D_back/IOT/RDA5856_bak/build/rom_5856_nolcd/platform/edrv/memd/lib/libmemd_cool_profile.a(drv_flsh.o)
 .debug_aranges
                0x0000000000000530       0x20 D:/D_back/IOT/RDA5856_bak/build/rom_5856_nolcd/platform/edrv/memd/lib/libmemd_cool_profile.a(drv_flsh_map.o)
 .debug_aranges
                0x0000000000000550       0x58 D:/D_back/IOT/RDA5856_bak/build/rom_5856_nolcd/platform/chip/hal/lib/libhal_cool_profile.a(hal_ebc.o)
 .debug_aranges
                0x00000000000005a8       0x28 D:/D_back/IOT/RDA5856_bak/build/rom_5856_nolcd/platform/chip/hal/lib/libhal_cool_profile.a(hal_host.o)
 .debug_aranges
                0x00000000000005d0       0x78 D:/D_back/IOT/RDA5856_bak/build/rom_5856_nolcd/platform/chip/hal/lib/libhal_cool_profile.a(hal_spi_flash.o)
 .debug_aranges
                0x0000000000000648      0x158 D:/D_back/IOT/RDA5856_bak/build/rom_5856_nolcd/platform/chip/hal/lib/libhal_cool_profile.a(hal_sys.o)
 .debug_aranges
                0x00000000000007a0       0x90 D:/D_back/IOT/RDA5856_bak/build/rom_5856_nolcd/platform/chip/hal/lib/libhal_cool_profile.a(hal_timer.o)
 .debug_aranges
                0x0000000000000830      0x110 D:/D_back/IOT/RDA5856_bak/build/rom_5856_nolcd/platform/chip/hal/lib/libhal_cool_profile.a(hal_usb_mgc.o)
 .debug_aranges
                0x0000000000000940       0x80 D:/D_back/IOT/RDA5856_bak/build/rom_5856_nolcd/platform/chip/hal/lib/libhal_cool_profile.a(hal_usbhost_mgc.o)
 .debug_aranges
                0x00000000000009c0       0x20 D:/D_back/IOT/RDA5856_bak/build/rom_5856_nolcd/platform/chip/hal/lib/libhal_cool_profile.a(hal_assert.o)
 .debug_aranges
                0x00000000000009e0       0x60 D:/D_back/IOT/RDA5856_bak/build/rom_5856_nolcd/platform/chip/hal/lib/libhal_cool_profile.a(hal_boot_sector_driver.o)
 .debug_aranges
                0x0000000000000a40       0x40 D:/D_back/IOT/RDA5856_bak/build/rom_5856_nolcd/platform/chip/hal/lib/libhal_cool_profile.a(hal_config.o)
 .debug_aranges
                0x0000000000000a80       0x80 D:/D_back/IOT/RDA5856_bak/build/rom_5856_nolcd/platform/chip/hal/lib/libhal_cool_profile.a(hal_debug.o)
 .debug_aranges
                0x0000000000000b00       0xc8 D:/D_back/IOT/RDA5856_bak/build/rom_5856_nolcd/platform/chip/hal/lib/libhal_cool_profile.a(hal_gpio.o)
 .debug_aranges
                0x0000000000000bc8       0x38 D:/D_back/IOT/RDA5856_bak/build/rom_5856_nolcd/platform/chip/hal/lib/libhal_cool_profile.a(hal_host_ram.o)
 .debug_aranges
                0x0000000000000c00       0xa8 D:/D_back/IOT/RDA5856_bak/build/rom_5856_nolcd/platform/chip/hal/lib/libhal_cool_profile.a(hal_lps.o)
 .debug_aranges
                0x0000000000000ca8       0x30 D:/D_back/IOT/RDA5856_bak/build/rom_5856_nolcd/platform/chip/hal/lib/libhal_cool_profile.a(hal_musb_core.o)
 .debug_aranges
                0x0000000000000cd8       0x38 D:/D_back/IOT/RDA5856_bak/build/rom_5856_nolcd/platform/chip/hal/lib/libhal_cool_profile.a(hal_musb_dma.o)
 .debug_aranges
                0x0000000000000d10       0x60 D:/D_back/IOT/RDA5856_bak/build/rom_5856_nolcd/platform/chip/hal/lib/libhal_cool_profile.a(hal_profile.o)
 .debug_aranges
                0x0000000000000d70       0xf8 D:/D_back/IOT/RDA5856_bak/build/rom_5856_nolcd/platform/chip/hal/lib/libhal_cool_profile.a(hal_rda_audio.o)
 .debug_aranges
                0x0000000000000e68       0xf8 D:/D_back/IOT/RDA5856_bak/build/rom_5856_nolcd/platform/chip/hal/lib/libhal_cool_profile.a(hal_rfspi.o)
 .debug_aranges
                0x0000000000000f60       0xa8 D:/D_back/IOT/RDA5856_bak/build/rom_5856_nolcd/platform/chip/hal/lib/libhal_cool_profile.a(hal_tcu.o)
 .debug_aranges
                0x0000000000001008       0xa8 D:/D_back/IOT/RDA5856_bak/build/rom_5856_nolcd/platform/chip/hal/lib/libhal_cool_profile.a(hal_abb_config.o)
 .debug_aranges
                0x00000000000010b0       0x80 D:/D_back/IOT/RDA5856_bak/build/rom_5856_nolcd/platform/chip/hal/lib/libhal_cool_profile.a(hal_ana_gpadc.o)
 .debug_aranges
                0x0000000000001130       0x70 D:/D_back/IOT/RDA5856_bak/build/rom_5856_nolcd/platform/chip/hal/lib/libhal_cool_profile.a(hal_rda_abb.o)
 .debug_aranges
                0x00000000000011a0       0xc0 D:/D_back/IOT/RDA5856_bak/build/rom_5856_nolcd/platform/chip/hal/lib/libhal_cool_profile.a(hal_ispi.o)
 .debug_aranges
                0x0000000000001260       0x30 D:/D_back/IOT/RDA5856_bak/build/rom_5856_nolcd/platform/chip/boot/lib/libboot_cool_profile.a(boot_host.o)
 .debug_aranges
                0x0000000000001290       0xd0 D:/D_back/IOT/RDA5856_bak/build/rom_5856_nolcd/platform/chip/boot/lib/libboot_cool_profile.a(boot_ispi.o)
 .debug_aranges
                0x0000000000001360       0x28 D:/D_back/IOT/RDA5856_bak/build/rom_5856_nolcd/platform/chip/boot/lib/libboot_cool_profile.a(boot_monitor.o)
 .debug_aranges
                0x0000000000001388       0x28 D:/D_back/IOT/RDA5856_bak/build/rom_5856_nolcd/platform/chip/boot/lib/libboot_cool_profile.a(boot_rom_if.o)
 .debug_aranges
                0x00000000000013b0      0x128 D:/D_back/IOT/RDA5856_bak/build/rom_5856_nolcd/platform/chip/boot/lib/libboot_cool_profile.a(boot_usb.o)
 .debug_aranges
                0x00000000000014d8       0x68 D:/D_back/IOT/RDA5856_bak/build/rom_5856_nolcd/platform/chip/boot/lib/libboot_cool_profile.a(boot_usb_monitor.o)
 .debug_aranges
                0x0000000000001540       0x20 D:/D_back/IOT/RDA5856_bak/build/rom_5856_nolcd/platform/chip/boot/lib/libboot_cool_profile.a(boot_irq_dispatch.o)
 .debug_aranges
                0x0000000000001560       0xe0 D:/D_back/IOT/RDA5856_bak/build/rom_5856_nolcd/target/lib/libtarget_cool_profile.a(target_config.o)
 .debug_aranges
                0x0000000000001640       0x20 D:/D_back/IOT/RDA5856_bak/build/rom_5856_nolcd/platform/base/std/lib/libstd_cool_profile.a(memcpy.o)
 .debug_aranges
                0x0000000000001660       0x20 D:/D_back/IOT/RDA5856_bak/build/rom_5856_nolcd/platform/base/std/lib/libstd_cool_profile.a(memmove.o)
 .debug_aranges
                0x0000000000001680       0x20 D:/D_back/IOT/RDA5856_bak/build/rom_5856_nolcd/platform/base/std/lib/libstd_cool_profile.a(memset.o)
 .debug_aranges
                0x00000000000016a0       0x28 D:/D_back/IOT/RDA5856_bak/build/rom_5856_nolcd/platform/base/std/lib/libstd_cool_profile.a(strlen.o)
 .debug_aranges
                0x00000000000016c8       0x20 D:/D_back/IOT/RDA5856_bak/env/lib/gcc/mips-elf/4.4.2/libgcc.a(_div_sf.o)
 .debug_aranges
                0x00000000000016e8       0x20 D:/D_back/IOT/RDA5856_bak/env/lib/gcc/mips-elf/4.4.2/libgcc.a(_pack_sf.o)
 .debug_aranges
                0x0000000000001708       0x20 D:/D_back/IOT/RDA5856_bak/env/lib/gcc/mips-elf/4.4.2/libgcc.a(_unpack_sf.o)

.debug_pubnames
                0x0000000000000000     0x3c4b
 *(.debug_pubnames)
 .debug_pubnames
                0x0000000000000000       0x46 D:/D_back/IOT/RDA5856_bak/build/rom_5856_nolcd/platform/base/std/lib/libstd_cool_profile.a(vsprintf.o)
 .debug_pubnames
                0x0000000000000046       0xf5 D:/D_back/IOT/RDA5856_bak/build/rom_5856_nolcd/platform/base/sx/lib/libsx_cool_profile.a(sxr_sbx.o)
 .debug_pubnames
                0x000000000000013b       0x99 D:/D_back/IOT/RDA5856_bak/build/rom_5856_nolcd/platform/base/sx/lib/libsx_cool_profile.a(sxr_tls.o)
 .debug_pubnames
                0x00000000000001d4      0x14b D:/D_back/IOT/RDA5856_bak/build/rom_5856_nolcd/platform/base/sx/lib/libsx_cool_profile.a(sxs_sbx.o)
 .debug_pubnames
                0x000000000000031f      0x10e D:/D_back/IOT/RDA5856_bak/build/rom_5856_nolcd/platform/base/sx/lib/libsx_cool_profile.a(sxr_tksd.o)
 .debug_pubnames
                0x000000000000042d      0x1f0 D:/D_back/IOT/RDA5856_bak/build/rom_5856_nolcd/platform/base/sx/lib/libsx_cool_profile.a(sxs_tksd.o)
 .debug_pubnames
                0x000000000000061d      0x193 D:/D_back/IOT/RDA5856_bak/build/rom_5856_nolcd/platform/base/sx/lib/libsx_cool_profile.a(sxr_tim.o)
 .debug_pubnames
                0x00000000000007b0       0x83 D:/D_back/IOT/RDA5856_bak/build/rom_5856_nolcd/platform/base/sx/lib/libsx_cool_profile.a(sxs_tim.o)
 .debug_pubnames
                0x0000000000000833       0xf9 D:/D_back/IOT/RDA5856_bak/build/rom_5856_nolcd/platform/base/sx/lib/libsx_cool_profile.a(sxs_io.o)
 .debug_pubnames
                0x000000000000092c      0x56e D:/D_back/IOT/RDA5856_bak/build/rom_5856_nolcd/platform/edrv/memd/lib/libmemd_cool_profile.a(drv_flsh.o)
 .debug_pubnames
                0x0000000000000e9a       0x5a D:/D_back/IOT/RDA5856_bak/build/rom_5856_nolcd/platform/edrv/memd/lib/libmemd_cool_profile.a(drv_flsh_map.o)
 .debug_pubnames
                0x0000000000000ef4       0xba D:/D_back/IOT/RDA5856_bak/build/rom_5856_nolcd/platform/chip/hal/lib/libhal_cool_profile.a(hal_ebc.o)
 .debug_pubnames
                0x0000000000000fae       0x58 D:/D_back/IOT/RDA5856_bak/build/rom_5856_nolcd/platform/chip/hal/lib/libhal_cool_profile.a(hal_host.o)
 .debug_pubnames
                0x0000000000001006      0x14c D:/D_back/IOT/RDA5856_bak/build/rom_5856_nolcd/platform/chip/hal/lib/libhal_cool_profile.a(hal_spi_flash.o)
 .debug_pubnames
                0x0000000000001152      0x3f3 D:/D_back/IOT/RDA5856_bak/build/rom_5856_nolcd/platform/chip/hal/lib/libhal_cool_profile.a(hal_sys.o)
 .debug_pubnames
                0x0000000000001545      0x181 D:/D_back/IOT/RDA5856_bak/build/rom_5856_nolcd/platform/chip/hal/lib/libhal_cool_profile.a(hal_timer.o)
 .debug_pubnames
                0x00000000000016c6      0x1d4 D:/D_back/IOT/RDA5856_bak/build/rom_5856_nolcd/platform/chip/hal/lib/libhal_cool_profile.a(hal_usb_mgc.o)
 .debug_pubnames
                0x000000000000189a      0x123 D:/D_back/IOT/RDA5856_bak/build/rom_5856_nolcd/platform/chip/hal/lib/libhal_cool_profile.a(hal_usbhost_mgc.o)
 .debug_pubnames
                0x00000000000019bd       0x24 D:/D_back/IOT/RDA5856_bak/build/rom_5856_nolcd/platform/chip/hal/lib/libhal_cool_profile.a(hal_assert.o)
 .debug_pubnames
                0x00000000000019e1      0x103 D:/D_back/IOT/RDA5856_bak/build/rom_5856_nolcd/platform/chip/hal/lib/libhal_cool_profile.a(hal_boot_sector_driver.o)
 .debug_pubnames
                0x0000000000001ae4       0xa2 D:/D_back/IOT/RDA5856_bak/build/rom_5856_nolcd/platform/chip/hal/lib/libhal_cool_profile.a(hal_config.o)
 .debug_pubnames
                0x0000000000001b86      0x144 D:/D_back/IOT/RDA5856_bak/build/rom_5856_nolcd/platform/chip/hal/lib/libhal_cool_profile.a(hal_debug.o)
 .debug_pubnames
                0x0000000000001cca      0x1d6 D:/D_back/IOT/RDA5856_bak/build/rom_5856_nolcd/platform/chip/hal/lib/libhal_cool_profile.a(hal_gpio.o)
 .debug_pubnames
                0x0000000000001ea0       0x66 D:/D_back/IOT/RDA5856_bak/build/rom_5856_nolcd/platform/chip/hal/lib/libhal_cool_profile.a(hal_host_ram.o)
 .debug_pubnames
                0x0000000000001f06      0x210 D:/D_back/IOT/RDA5856_bak/build/rom_5856_nolcd/platform/chip/hal/lib/libhal_cool_profile.a(hal_lps.o)
 .debug_pubnames
                0x0000000000002116       0x61 D:/D_back/IOT/RDA5856_bak/build/rom_5856_nolcd/platform/chip/hal/lib/libhal_cool_profile.a(hal_musb_core.o)
 .debug_pubnames
                0x0000000000002177       0x6d D:/D_back/IOT/RDA5856_bak/build/rom_5856_nolcd/platform/chip/hal/lib/libhal_cool_profile.a(hal_musb_dma.o)
 .debug_pubnames
                0x00000000000021e4      0x12b D:/D_back/IOT/RDA5856_bak/build/rom_5856_nolcd/platform/chip/hal/lib/libhal_cool_profile.a(hal_profile.o)
 .debug_pubnames
                0x000000000000230f      0x261 D:/D_back/IOT/RDA5856_bak/build/rom_5856_nolcd/platform/chip/hal/lib/libhal_cool_profile.a(hal_rda_audio.o)
 .debug_pubnames
                0x0000000000002570      0x286 D:/D_back/IOT/RDA5856_bak/build/rom_5856_nolcd/platform/chip/hal/lib/libhal_cool_profile.a(hal_rfspi.o)
 .debug_pubnames
                0x00000000000027f6      0x17a D:/D_back/IOT/RDA5856_bak/build/rom_5856_nolcd/platform/chip/hal/lib/libhal_cool_profile.a(hal_tcu.o)
 .debug_pubnames
                0x0000000000002970      0x1ad D:/D_back/IOT/RDA5856_bak/build/rom_5856_nolcd/platform/chip/hal/lib/libhal_cool_profile.a(hal_abb_config.o)
 .debug_pubnames
                0x0000000000002b1d      0x159 D:/D_back/IOT/RDA5856_bak/build/rom_5856_nolcd/platform/chip/hal/lib/libhal_cool_profile.a(hal_ana_gpadc.o)
 .debug_pubnames
                0x0000000000002c76      0x171 D:/D_back/IOT/RDA5856_bak/build/rom_5856_nolcd/platform/chip/hal/lib/libhal_cool_profile.a(hal_rda_abb.o)
 .debug_pubnames
                0x0000000000002de7      0x209 D:/D_back/IOT/RDA5856_bak/build/rom_5856_nolcd/platform/chip/hal/lib/libhal_cool_profile.a(hal_ispi.o)
 .debug_pubnames
                0x0000000000002ff0       0x8b D:/D_back/IOT/RDA5856_bak/build/rom_5856_nolcd/platform/chip/boot/lib/libboot_cool_profile.a(boot_host.o)
 .debug_pubnames
                0x000000000000307b      0x22d D:/D_back/IOT/RDA5856_bak/build/rom_5856_nolcd/platform/chip/boot/lib/libboot_cool_profile.a(boot_ispi.o)
 .debug_pubnames
                0x00000000000032a8       0x40 D:/D_back/IOT/RDA5856_bak/build/rom_5856_nolcd/platform/chip/boot/lib/libboot_cool_profile.a(boot_monitor.o)
 .debug_pubnames
                0x00000000000032e8       0x42 D:/D_back/IOT/RDA5856_bak/build/rom_5856_nolcd/platform/chip/boot/lib/libboot_cool_profile.a(boot_rom_if.o)
 .debug_pubnames
                0x000000000000332a       0x77 D:/D_back/IOT/RDA5856_bak/build/rom_5856_nolcd/platform/chip/boot/lib/libboot_cool_profile.a(boot_rom_version.o)
 .debug_pubnames
                0x00000000000033a1       0x36 D:/D_back/IOT/RDA5856_bak/build/rom_5856_nolcd/platform/chip/boot/lib/libboot_cool_profile.a(boot_romstring.o)
 .debug_pubnames
                0x00000000000033d7       0x50 D:/D_back/IOT/RDA5856_bak/build/rom_5856_nolcd/platform/chip/boot/lib/libboot_cool_profile.a(boot_uart_monitor.o)
 .debug_pubnames
                0x0000000000003427      0x264 D:/D_back/IOT/RDA5856_bak/build/rom_5856_nolcd/platform/chip/boot/lib/libboot_cool_profile.a(boot_usb.o)
 .debug_pubnames
                0x000000000000368b       0xff D:/D_back/IOT/RDA5856_bak/build/rom_5856_nolcd/platform/chip/boot/lib/libboot_cool_profile.a(boot_usb_monitor.o)
 .debug_pubnames
                0x000000000000378a       0x27 D:/D_back/IOT/RDA5856_bak/build/rom_5856_nolcd/platform/chip/boot/lib/libboot_cool_profile.a(boot_irq_dispatch.o)
 .debug_pubnames
                0x00000000000037b1      0x398 D:/D_back/IOT/RDA5856_bak/build/rom_5856_nolcd/target/lib/libtarget_cool_profile.a(target_config.o)
 .debug_pubnames
                0x0000000000003b49       0x1d D:/D_back/IOT/RDA5856_bak/build/rom_5856_nolcd/platform/base/std/lib/libstd_cool_profile.a(memcpy.o)
 .debug_pubnames
                0x0000000000003b66       0x1e D:/D_back/IOT/RDA5856_bak/build/rom_5856_nolcd/platform/base/std/lib/libstd_cool_profile.a(memmove.o)
 .debug_pubnames
                0x0000000000003b84       0x1d D:/D_back/IOT/RDA5856_bak/build/rom_5856_nolcd/platform/base/std/lib/libstd_cool_profile.a(memset.o)
 .debug_pubnames
                0x0000000000003ba1       0x29 D:/D_back/IOT/RDA5856_bak/build/rom_5856_nolcd/platform/base/std/lib/libstd_cool_profile.a(strlen.o)
 .debug_pubnames
                0x0000000000003bca       0x1f D:/D_back/IOT/RDA5856_bak/env/lib/gcc/mips-elf/4.4.2/libgcc.a(_div_sf.o)
 .debug_pubnames
                0x0000000000003be9       0x22 D:/D_back/IOT/RDA5856_bak/env/lib/gcc/mips-elf/4.4.2/libgcc.a(_thenan_sf.o)
 .debug_pubnames
                0x0000000000003c0b       0x1f D:/D_back/IOT/RDA5856_bak/env/lib/gcc/mips-elf/4.4.2/libgcc.a(_pack_sf.o)
 .debug_pubnames
                0x0000000000003c2a       0x21 D:/D_back/IOT/RDA5856_bak/env/lib/gcc/mips-elf/4.4.2/libgcc.a(_unpack_sf.o)

.debug_info     0x0000000000000000    0x23c48
 *(.debug_info .gnu.linkonce.wi.*)
 .debug_info    0x0000000000000000       0x7d D:/D_back/IOT/RDA5856_bak/build/rom_5856_nolcd/platform/rom_prog/obj/cool_profile/stub.o
 .debug_info    0x000000000000007d      0x5e1 D:/D_back/IOT/RDA5856_bak/build/rom_5856_nolcd/platform/base/std/lib/libstd_cool_profile.a(vsprintf.o)
 .debug_info    0x000000000000065e      0xab0 D:/D_back/IOT/RDA5856_bak/build/rom_5856_nolcd/platform/base/sx/lib/libsx_cool_profile.a(sxr_sbx.o)
 .debug_info    0x000000000000110e      0x4c2 D:/D_back/IOT/RDA5856_bak/build/rom_5856_nolcd/platform/base/sx/lib/libsx_cool_profile.a(sxr_tls.o)
 .debug_info    0x00000000000015d0      0x7cd D:/D_back/IOT/RDA5856_bak/build/rom_5856_nolcd/platform/base/sx/lib/libsx_cool_profile.a(sxs_sbx.o)
 .debug_info    0x0000000000001d9d      0x7dc D:/D_back/IOT/RDA5856_bak/build/rom_5856_nolcd/platform/base/sx/lib/libsx_cool_profile.a(sxr_tksd.o)
 .debug_info    0x0000000000002579      0x7c0 D:/D_back/IOT/RDA5856_bak/build/rom_5856_nolcd/platform/base/sx/lib/libsx_cool_profile.a(sxs_tksd.o)
 .debug_info    0x0000000000002d39      0xe3d D:/D_back/IOT/RDA5856_bak/build/rom_5856_nolcd/platform/base/sx/lib/libsx_cool_profile.a(sxr_tim.o)
 .debug_info    0x0000000000003b76      0x39e D:/D_back/IOT/RDA5856_bak/build/rom_5856_nolcd/platform/base/sx/lib/libsx_cool_profile.a(sxs_tim.o)
 .debug_info    0x0000000000003f14      0x62b D:/D_back/IOT/RDA5856_bak/build/rom_5856_nolcd/platform/base/sx/lib/libsx_cool_profile.a(sxs_io.o)
 .debug_info    0x000000000000453f     0x187c D:/D_back/IOT/RDA5856_bak/build/rom_5856_nolcd/platform/edrv/memd/lib/libmemd_cool_profile.a(drv_flsh.o)
 .debug_info    0x0000000000005dbb      0x1b2 D:/D_back/IOT/RDA5856_bak/build/rom_5856_nolcd/platform/edrv/memd/lib/libmemd_cool_profile.a(drv_flsh_map.o)
 .debug_info    0x0000000000005f6d     0x132a D:/D_back/IOT/RDA5856_bak/build/rom_5856_nolcd/platform/chip/hal/lib/libhal_cool_profile.a(hal_ebc.o)
 .debug_info    0x0000000000007297      0x502 D:/D_back/IOT/RDA5856_bak/build/rom_5856_nolcd/platform/chip/hal/lib/libhal_cool_profile.a(hal_host.o)
 .debug_info    0x0000000000007799      0x9af D:/D_back/IOT/RDA5856_bak/build/rom_5856_nolcd/platform/chip/hal/lib/libhal_cool_profile.a(hal_spi_flash.o)
 .debug_info    0x0000000000008148     0x250b D:/D_back/IOT/RDA5856_bak/build/rom_5856_nolcd/platform/chip/hal/lib/libhal_cool_profile.a(hal_sys.o)
 .debug_info    0x000000000000a653      0x985 D:/D_back/IOT/RDA5856_bak/build/rom_5856_nolcd/platform/chip/hal/lib/libhal_cool_profile.a(hal_timer.o)
 .debug_info    0x000000000000afd8     0x27ec D:/D_back/IOT/RDA5856_bak/build/rom_5856_nolcd/platform/chip/hal/lib/libhal_cool_profile.a(hal_usb_mgc.o)
 .debug_info    0x000000000000d7c4     0x141e D:/D_back/IOT/RDA5856_bak/build/rom_5856_nolcd/platform/chip/hal/lib/libhal_cool_profile.a(hal_usbhost_mgc.o)
 .debug_info    0x000000000000ebe2      0x193 D:/D_back/IOT/RDA5856_bak/build/rom_5856_nolcd/platform/chip/hal/lib/libhal_cool_profile.a(hal_assert.o)
 .debug_info    0x000000000000ed75      0x83c D:/D_back/IOT/RDA5856_bak/build/rom_5856_nolcd/platform/chip/hal/lib/libhal_cool_profile.a(hal_boot_sector_driver.o)
 .debug_info    0x000000000000f5b1     0x127e D:/D_back/IOT/RDA5856_bak/build/rom_5856_nolcd/platform/chip/hal/lib/libhal_cool_profile.a(hal_config.o)
 .debug_info    0x000000000001082f      0xeee D:/D_back/IOT/RDA5856_bak/build/rom_5856_nolcd/platform/chip/hal/lib/libhal_cool_profile.a(hal_debug.o)
 .debug_info    0x000000000001171d      0xe49 D:/D_back/IOT/RDA5856_bak/build/rom_5856_nolcd/platform/chip/hal/lib/libhal_cool_profile.a(hal_gpio.o)
 .debug_info    0x0000000000012566      0x530 D:/D_back/IOT/RDA5856_bak/build/rom_5856_nolcd/platform/chip/hal/lib/libhal_cool_profile.a(hal_host_ram.o)
 .debug_info    0x0000000000012a96     0x174c D:/D_back/IOT/RDA5856_bak/build/rom_5856_nolcd/platform/chip/hal/lib/libhal_cool_profile.a(hal_lps.o)
 .debug_info    0x00000000000141e2      0x343 D:/D_back/IOT/RDA5856_bak/build/rom_5856_nolcd/platform/chip/hal/lib/libhal_cool_profile.a(hal_musb_core.o)
 .debug_info    0x0000000000014525      0x4a5 D:/D_back/IOT/RDA5856_bak/build/rom_5856_nolcd/platform/chip/hal/lib/libhal_cool_profile.a(hal_musb_dma.o)
 .debug_info    0x00000000000149ca      0x47b D:/D_back/IOT/RDA5856_bak/build/rom_5856_nolcd/platform/chip/hal/lib/libhal_cool_profile.a(hal_profile.o)
 .debug_info    0x0000000000014e45      0xcdd D:/D_back/IOT/RDA5856_bak/build/rom_5856_nolcd/platform/chip/hal/lib/libhal_cool_profile.a(hal_rda_audio.o)
 .debug_info    0x0000000000015b22     0x1470 D:/D_back/IOT/RDA5856_bak/build/rom_5856_nolcd/platform/chip/hal/lib/libhal_cool_profile.a(hal_rfspi.o)
 .debug_info    0x0000000000016f92      0xaad D:/D_back/IOT/RDA5856_bak/build/rom_5856_nolcd/platform/chip/hal/lib/libhal_cool_profile.a(hal_tcu.o)
 .debug_info    0x0000000000017a3f      0xca3 D:/D_back/IOT/RDA5856_bak/build/rom_5856_nolcd/platform/chip/hal/lib/libhal_cool_profile.a(hal_abb_config.o)
 .debug_info    0x00000000000186e2      0x803 D:/D_back/IOT/RDA5856_bak/build/rom_5856_nolcd/platform/chip/hal/lib/libhal_cool_profile.a(hal_ana_gpadc.o)
 .debug_info    0x0000000000018ee5      0x72e D:/D_back/IOT/RDA5856_bak/build/rom_5856_nolcd/platform/chip/hal/lib/libhal_cool_profile.a(hal_rda_abb.o)
 .debug_info    0x0000000000019613      0xcc3 D:/D_back/IOT/RDA5856_bak/build/rom_5856_nolcd/platform/chip/hal/lib/libhal_cool_profile.a(hal_ispi.o)
 .debug_info    0x000000000001a2d6      0x457 D:/D_back/IOT/RDA5856_bak/build/rom_5856_nolcd/platform/chip/boot/lib/libboot_cool_profile.a(boot_host.o)
 .debug_info    0x000000000001a72d      0x9ea D:/D_back/IOT/RDA5856_bak/build/rom_5856_nolcd/platform/chip/boot/lib/libboot_cool_profile.a(boot_ispi.o)
 .debug_info    0x000000000001b117      0xc0d D:/D_back/IOT/RDA5856_bak/build/rom_5856_nolcd/platform/chip/boot/lib/libboot_cool_profile.a(boot_monitor.o)
 .debug_info    0x000000000001bd24      0x180 D:/D_back/IOT/RDA5856_bak/build/rom_5856_nolcd/platform/chip/boot/lib/libboot_cool_profile.a(boot_rom_if.o)
 .debug_info    0x000000000001bea4      0x13e D:/D_back/IOT/RDA5856_bak/build/rom_5856_nolcd/platform/chip/boot/lib/libboot_cool_profile.a(boot_rom_version.o)
 .debug_info    0x000000000001bfe2       0x7a D:/D_back/IOT/RDA5856_bak/build/rom_5856_nolcd/platform/chip/boot/lib/libboot_cool_profile.a(boot_romstring.o)
 .debug_info    0x000000000001c05c      0x19e D:/D_back/IOT/RDA5856_bak/build/rom_5856_nolcd/platform/chip/boot/lib/libboot_cool_profile.a(boot_uart_monitor.o)
 .debug_info    0x000000000001c1fa     0x24da D:/D_back/IOT/RDA5856_bak/build/rom_5856_nolcd/platform/chip/boot/lib/libboot_cool_profile.a(boot_usb.o)
 .debug_info    0x000000000001e6d4     0x1516 D:/D_back/IOT/RDA5856_bak/build/rom_5856_nolcd/platform/chip/boot/lib/libboot_cool_profile.a(boot_usb_monitor.o)
 .debug_info    0x000000000001fbea      0x30e D:/D_back/IOT/RDA5856_bak/build/rom_5856_nolcd/platform/chip/boot/lib/libboot_cool_profile.a(boot_irq_dispatch.o)
 .debug_info    0x000000000001fef8     0x2e49 D:/D_back/IOT/RDA5856_bak/build/rom_5856_nolcd/target/lib/libtarget_cool_profile.a(target_config.o)
 .debug_info    0x0000000000022d41      0x19f D:/D_back/IOT/RDA5856_bak/build/rom_5856_nolcd/platform/base/std/lib/libstd_cool_profile.a(memcpy.o)
 .debug_info    0x0000000000022ee0      0x127 D:/D_back/IOT/RDA5856_bak/build/rom_5856_nolcd/platform/base/std/lib/libstd_cool_profile.a(memmove.o)
 .debug_info    0x0000000000023007      0x101 D:/D_back/IOT/RDA5856_bak/build/rom_5856_nolcd/platform/base/std/lib/libstd_cool_profile.a(memset.o)
 .debug_info    0x0000000000023108      0x10c D:/D_back/IOT/RDA5856_bak/build/rom_5856_nolcd/platform/base/std/lib/libstd_cool_profile.a(strlen.o)
 .debug_info    0x0000000000023214      0x390 D:/D_back/IOT/RDA5856_bak/env/lib/gcc/mips-elf/4.4.2/libgcc.a(_div_sf.o)
 .debug_info    0x00000000000235a4      0x160 D:/D_back/IOT/RDA5856_bak/env/lib/gcc/mips-elf/4.4.2/libgcc.a(_thenan_sf.o)
 .debug_info    0x0000000000023704      0x2ea D:/D_back/IOT/RDA5856_bak/env/lib/gcc/mips-elf/4.4.2/libgcc.a(_pack_sf.o)
 .debug_info    0x00000000000239ee      0x25a D:/D_back/IOT/RDA5856_bak/env/lib/gcc/mips-elf/4.4.2/libgcc.a(_unpack_sf.o)

.debug_abbrev   0x0000000000000000     0x6eb1
 *(.debug_abbrev)
 .debug_abbrev  0x0000000000000000       0x28 D:/D_back/IOT/RDA5856_bak/build/rom_5856_nolcd/platform/rom_prog/obj/cool_profile/stub.o
 .debug_abbrev  0x0000000000000028      0x2a3 D:/D_back/IOT/RDA5856_bak/build/rom_5856_nolcd/platform/base/std/lib/libstd_cool_profile.a(vsprintf.o)
 .debug_abbrev  0x00000000000002cb      0x313 D:/D_back/IOT/RDA5856_bak/build/rom_5856_nolcd/platform/base/sx/lib/libsx_cool_profile.a(sxr_sbx.o)
 .debug_abbrev  0x00000000000005de      0x250 D:/D_back/IOT/RDA5856_bak/build/rom_5856_nolcd/platform/base/sx/lib/libsx_cool_profile.a(sxr_tls.o)
 .debug_abbrev  0x000000000000082e      0x2d8 D:/D_back/IOT/RDA5856_bak/build/rom_5856_nolcd/platform/base/sx/lib/libsx_cool_profile.a(sxs_sbx.o)
 .debug_abbrev  0x0000000000000b06      0x271 D:/D_back/IOT/RDA5856_bak/build/rom_5856_nolcd/platform/base/sx/lib/libsx_cool_profile.a(sxr_tksd.o)
 .debug_abbrev  0x0000000000000d77      0x2e9 D:/D_back/IOT/RDA5856_bak/build/rom_5856_nolcd/platform/base/sx/lib/libsx_cool_profile.a(sxs_tksd.o)
 .debug_abbrev  0x0000000000001060      0x2b7 D:/D_back/IOT/RDA5856_bak/build/rom_5856_nolcd/platform/base/sx/lib/libsx_cool_profile.a(sxr_tim.o)
 .debug_abbrev  0x0000000000001317      0x17f D:/D_back/IOT/RDA5856_bak/build/rom_5856_nolcd/platform/base/sx/lib/libsx_cool_profile.a(sxs_tim.o)
 .debug_abbrev  0x0000000000001496      0x1bc D:/D_back/IOT/RDA5856_bak/build/rom_5856_nolcd/platform/base/sx/lib/libsx_cool_profile.a(sxs_io.o)
 .debug_abbrev  0x0000000000001652      0x313 D:/D_back/IOT/RDA5856_bak/build/rom_5856_nolcd/platform/edrv/memd/lib/libmemd_cool_profile.a(drv_flsh.o)
 .debug_abbrev  0x0000000000001965       0xba D:/D_back/IOT/RDA5856_bak/build/rom_5856_nolcd/platform/edrv/memd/lib/libmemd_cool_profile.a(drv_flsh_map.o)
 .debug_abbrev  0x0000000000001a1f      0x3e1 D:/D_back/IOT/RDA5856_bak/build/rom_5856_nolcd/platform/chip/hal/lib/libhal_cool_profile.a(hal_ebc.o)
 .debug_abbrev  0x0000000000001e00      0x18c D:/D_back/IOT/RDA5856_bak/build/rom_5856_nolcd/platform/chip/hal/lib/libhal_cool_profile.a(hal_host.o)
 .debug_abbrev  0x0000000000001f8c      0x238 D:/D_back/IOT/RDA5856_bak/build/rom_5856_nolcd/platform/chip/hal/lib/libhal_cool_profile.a(hal_spi_flash.o)
 .debug_abbrev  0x00000000000021c4      0x41b D:/D_back/IOT/RDA5856_bak/build/rom_5856_nolcd/platform/chip/hal/lib/libhal_cool_profile.a(hal_sys.o)
 .debug_abbrev  0x00000000000025df      0x2fb D:/D_back/IOT/RDA5856_bak/build/rom_5856_nolcd/platform/chip/hal/lib/libhal_cool_profile.a(hal_timer.o)
 .debug_abbrev  0x00000000000028da      0x41b D:/D_back/IOT/RDA5856_bak/build/rom_5856_nolcd/platform/chip/hal/lib/libhal_cool_profile.a(hal_usb_mgc.o)
 .debug_abbrev  0x0000000000002cf5      0x34a D:/D_back/IOT/RDA5856_bak/build/rom_5856_nolcd/platform/chip/hal/lib/libhal_cool_profile.a(hal_usbhost_mgc.o)
 .debug_abbrev  0x000000000000303f      0x102 D:/D_back/IOT/RDA5856_bak/build/rom_5856_nolcd/platform/chip/hal/lib/libhal_cool_profile.a(hal_assert.o)
 .debug_abbrev  0x0000000000003141      0x1ea D:/D_back/IOT/RDA5856_bak/build/rom_5856_nolcd/platform/chip/hal/lib/libhal_cool_profile.a(hal_boot_sector_driver.o)
 .debug_abbrev  0x000000000000332b      0x224 D:/D_back/IOT/RDA5856_bak/build/rom_5856_nolcd/platform/chip/hal/lib/libhal_cool_profile.a(hal_config.o)
 .debug_abbrev  0x000000000000354f      0x243 D:/D_back/IOT/RDA5856_bak/build/rom_5856_nolcd/platform/chip/hal/lib/libhal_cool_profile.a(hal_debug.o)
 .debug_abbrev  0x0000000000003792      0x2bf D:/D_back/IOT/RDA5856_bak/build/rom_5856_nolcd/platform/chip/hal/lib/libhal_cool_profile.a(hal_gpio.o)
 .debug_abbrev  0x0000000000003a51      0x111 D:/D_back/IOT/RDA5856_bak/build/rom_5856_nolcd/platform/chip/hal/lib/libhal_cool_profile.a(hal_host_ram.o)
 .debug_abbrev  0x0000000000003b62      0x400 D:/D_back/IOT/RDA5856_bak/build/rom_5856_nolcd/platform/chip/hal/lib/libhal_cool_profile.a(hal_lps.o)
 .debug_abbrev  0x0000000000003f62      0x15f D:/D_back/IOT/RDA5856_bak/build/rom_5856_nolcd/platform/chip/hal/lib/libhal_cool_profile.a(hal_musb_core.o)
 .debug_abbrev  0x00000000000040c1      0x1eb D:/D_back/IOT/RDA5856_bak/build/rom_5856_nolcd/platform/chip/hal/lib/libhal_cool_profile.a(hal_musb_dma.o)
 .debug_abbrev  0x00000000000042ac       0xfc D:/D_back/IOT/RDA5856_bak/build/rom_5856_nolcd/platform/chip/hal/lib/libhal_cool_profile.a(hal_profile.o)
 .debug_abbrev  0x00000000000043a8      0x241 D:/D_back/IOT/RDA5856_bak/build/rom_5856_nolcd/platform/chip/hal/lib/libhal_cool_profile.a(hal_rda_audio.o)
 .debug_abbrev  0x00000000000045e9      0x37a D:/D_back/IOT/RDA5856_bak/build/rom_5856_nolcd/platform/chip/hal/lib/libhal_cool_profile.a(hal_rfspi.o)
 .debug_abbrev  0x0000000000004963      0x270 D:/D_back/IOT/RDA5856_bak/build/rom_5856_nolcd/platform/chip/hal/lib/libhal_cool_profile.a(hal_tcu.o)
 .debug_abbrev  0x0000000000004bd3      0x29a D:/D_back/IOT/RDA5856_bak/build/rom_5856_nolcd/platform/chip/hal/lib/libhal_cool_profile.a(hal_abb_config.o)
 .debug_abbrev  0x0000000000004e6d      0x24f D:/D_back/IOT/RDA5856_bak/build/rom_5856_nolcd/platform/chip/hal/lib/libhal_cool_profile.a(hal_ana_gpadc.o)
 .debug_abbrev  0x00000000000050bc      0x1bb D:/D_back/IOT/RDA5856_bak/build/rom_5856_nolcd/platform/chip/hal/lib/libhal_cool_profile.a(hal_rda_abb.o)
 .debug_abbrev  0x0000000000005277      0x292 D:/D_back/IOT/RDA5856_bak/build/rom_5856_nolcd/platform/chip/hal/lib/libhal_cool_profile.a(hal_ispi.o)
 .debug_abbrev  0x0000000000005509      0x10d D:/D_back/IOT/RDA5856_bak/build/rom_5856_nolcd/platform/chip/boot/lib/libboot_cool_profile.a(boot_host.o)
 .debug_abbrev  0x0000000000005616      0x296 D:/D_back/IOT/RDA5856_bak/build/rom_5856_nolcd/platform/chip/boot/lib/libboot_cool_profile.a(boot_ispi.o)
 .debug_abbrev  0x00000000000058ac      0x154 D:/D_back/IOT/RDA5856_bak/build/rom_5856_nolcd/platform/chip/boot/lib/libboot_cool_profile.a(boot_monitor.o)
 .debug_abbrev  0x0000000000005a00       0xf1 D:/D_back/IOT/RDA5856_bak/build/rom_5856_nolcd/platform/chip/boot/lib/libboot_cool_profile.a(boot_rom_if.o)
 .debug_abbrev  0x0000000000005af1       0x68 D:/D_back/IOT/RDA5856_bak/build/rom_5856_nolcd/platform/chip/boot/lib/libboot_cool_profile.a(boot_rom_version.o)
 .debug_abbrev  0x0000000000005b59       0x50 D:/D_back/IOT/RDA5856_bak/build/rom_5856_nolcd/platform/chip/boot/lib/libboot_cool_profile.a(boot_romstring.o)
 .debug_abbrev  0x0000000000005ba9       0xa2 D:/D_back/IOT/RDA5856_bak/build/rom_5856_nolcd/platform/chip/boot/lib/libboot_cool_profile.a(boot_uart_monitor.o)
 .debug_abbrev  0x0000000000005c4b      0x3ba D:/D_back/IOT/RDA5856_bak/build/rom_5856_nolcd/platform/chip/boot/lib/libboot_cool_profile.a(boot_usb.o)
 .debug_abbrev  0x0000000000006005      0x314 D:/D_back/IOT/RDA5856_bak/build/rom_5856_nolcd/platform/chip/boot/lib/libboot_cool_profile.a(boot_usb_monitor.o)
 .debug_abbrev  0x0000000000006319       0xa2 D:/D_back/IOT/RDA5856_bak/build/rom_5856_nolcd/platform/chip/boot/lib/libboot_cool_profile.a(boot_irq_dispatch.o)
 .debug_abbrev  0x00000000000063bb      0x28f D:/D_back/IOT/RDA5856_bak/build/rom_5856_nolcd/target/lib/libtarget_cool_profile.a(target_config.o)
 .debug_abbrev  0x000000000000664a       0xdf D:/D_back/IOT/RDA5856_bak/build/rom_5856_nolcd/platform/base/std/lib/libstd_cool_profile.a(memcpy.o)
 .debug_abbrev  0x0000000000006729       0x97 D:/D_back/IOT/RDA5856_bak/build/rom_5856_nolcd/platform/base/std/lib/libstd_cool_profile.a(memmove.o)
 .debug_abbrev  0x00000000000067c0       0x9a D:/D_back/IOT/RDA5856_bak/build/rom_5856_nolcd/platform/base/std/lib/libstd_cool_profile.a(memset.o)
 .debug_abbrev  0x000000000000685a       0x95 D:/D_back/IOT/RDA5856_bak/build/rom_5856_nolcd/platform/base/std/lib/libstd_cool_profile.a(strlen.o)
 .debug_abbrev  0x00000000000068ef      0x1dc D:/D_back/IOT/RDA5856_bak/env/lib/gcc/mips-elf/4.4.2/libgcc.a(_div_sf.o)
 .debug_abbrev  0x0000000000006acb       0xc3 D:/D_back/IOT/RDA5856_bak/env/lib/gcc/mips-elf/4.4.2/libgcc.a(_thenan_sf.o)
 .debug_abbrev  0x0000000000006b8e      0x1c0 D:/D_back/IOT/RDA5856_bak/env/lib/gcc/mips-elf/4.4.2/libgcc.a(_pack_sf.o)
 .debug_abbrev  0x0000000000006d4e      0x163 D:/D_back/IOT/RDA5856_bak/env/lib/gcc/mips-elf/4.4.2/libgcc.a(_unpack_sf.o)

.debug_line     0x0000000000000000     0xa3c5
 *(.debug_line)
 .debug_line    0x0000000000000000       0x1d D:/D_back/IOT/RDA5856_bak/build/rom_5856_nolcd/platform/rom_prog/obj/cool_profile/stub.o
 .debug_line    0x000000000000001d      0x214 D:/D_back/IOT/RDA5856_bak/build/rom_5856_nolcd/platform/base/std/lib/libstd_cool_profile.a(vsprintf.o)
 .debug_line    0x0000000000000231      0x33f D:/D_back/IOT/RDA5856_bak/build/rom_5856_nolcd/platform/base/sx/lib/libsx_cool_profile.a(sxr_sbx.o)
 .debug_line    0x0000000000000570      0x1be D:/D_back/IOT/RDA5856_bak/build/rom_5856_nolcd/platform/base/sx/lib/libsx_cool_profile.a(sxr_tls.o)
 .debug_line    0x000000000000072e      0x323 D:/D_back/IOT/RDA5856_bak/build/rom_5856_nolcd/platform/base/sx/lib/libsx_cool_profile.a(sxs_sbx.o)
 .debug_line    0x0000000000000a51      0x374 D:/D_back/IOT/RDA5856_bak/build/rom_5856_nolcd/platform/base/sx/lib/libsx_cool_profile.a(sxr_tksd.o)
 .debug_line    0x0000000000000dc5      0x385 D:/D_back/IOT/RDA5856_bak/build/rom_5856_nolcd/platform/base/sx/lib/libsx_cool_profile.a(sxs_tksd.o)
 .debug_line    0x000000000000114a      0x5fe D:/D_back/IOT/RDA5856_bak/build/rom_5856_nolcd/platform/base/sx/lib/libsx_cool_profile.a(sxr_tim.o)
 .debug_line    0x0000000000001748      0x170 D:/D_back/IOT/RDA5856_bak/build/rom_5856_nolcd/platform/base/sx/lib/libsx_cool_profile.a(sxs_tim.o)
 .debug_line    0x00000000000018b8      0x197 D:/D_back/IOT/RDA5856_bak/build/rom_5856_nolcd/platform/base/sx/lib/libsx_cool_profile.a(sxs_io.o)
 .debug_line    0x0000000000001a4f      0x75c D:/D_back/IOT/RDA5856_bak/build/rom_5856_nolcd/platform/edrv/memd/lib/libmemd_cool_profile.a(drv_flsh.o)
 .debug_line    0x00000000000021ab      0x13b D:/D_back/IOT/RDA5856_bak/build/rom_5856_nolcd/platform/edrv/memd/lib/libmemd_cool_profile.a(drv_flsh_map.o)
 .debug_line    0x00000000000022e6      0x378 D:/D_back/IOT/RDA5856_bak/build/rom_5856_nolcd/platform/chip/hal/lib/libhal_cool_profile.a(hal_ebc.o)
 .debug_line    0x000000000000265e      0x168 D:/D_back/IOT/RDA5856_bak/build/rom_5856_nolcd/platform/chip/hal/lib/libhal_cool_profile.a(hal_host.o)
 .debug_line    0x00000000000027c6      0x24b D:/D_back/IOT/RDA5856_bak/build/rom_5856_nolcd/platform/chip/hal/lib/libhal_cool_profile.a(hal_spi_flash.o)
 .debug_line    0x0000000000002a11      0x96f D:/D_back/IOT/RDA5856_bak/build/rom_5856_nolcd/platform/chip/hal/lib/libhal_cool_profile.a(hal_sys.o)
 .debug_line    0x0000000000003380      0x368 D:/D_back/IOT/RDA5856_bak/build/rom_5856_nolcd/platform/chip/hal/lib/libhal_cool_profile.a(hal_timer.o)
 .debug_line    0x00000000000036e8      0xaf5 D:/D_back/IOT/RDA5856_bak/build/rom_5856_nolcd/platform/chip/hal/lib/libhal_cool_profile.a(hal_usb_mgc.o)
 .debug_line    0x00000000000041dd      0x780 D:/D_back/IOT/RDA5856_bak/build/rom_5856_nolcd/platform/chip/hal/lib/libhal_cool_profile.a(hal_usbhost_mgc.o)
 .debug_line    0x000000000000495d      0x159 D:/D_back/IOT/RDA5856_bak/build/rom_5856_nolcd/platform/chip/hal/lib/libhal_cool_profile.a(hal_assert.o)
 .debug_line    0x0000000000004ab6      0x1d9 D:/D_back/IOT/RDA5856_bak/build/rom_5856_nolcd/platform/chip/hal/lib/libhal_cool_profile.a(hal_boot_sector_driver.o)
 .debug_line    0x0000000000004c8f      0x272 D:/D_back/IOT/RDA5856_bak/build/rom_5856_nolcd/platform/chip/hal/lib/libhal_cool_profile.a(hal_config.o)
 .debug_line    0x0000000000004f01      0x27a D:/D_back/IOT/RDA5856_bak/build/rom_5856_nolcd/platform/chip/hal/lib/libhal_cool_profile.a(hal_debug.o)
 .debug_line    0x000000000000517b      0x40a D:/D_back/IOT/RDA5856_bak/build/rom_5856_nolcd/platform/chip/hal/lib/libhal_cool_profile.a(hal_gpio.o)
 .debug_line    0x0000000000005585      0x1d9 D:/D_back/IOT/RDA5856_bak/build/rom_5856_nolcd/platform/chip/hal/lib/libhal_cool_profile.a(hal_host_ram.o)
 .debug_line    0x000000000000575e      0x56b D:/D_back/IOT/RDA5856_bak/build/rom_5856_nolcd/platform/chip/hal/lib/libhal_cool_profile.a(hal_lps.o)
 .debug_line    0x0000000000005cc9      0x191 D:/D_back/IOT/RDA5856_bak/build/rom_5856_nolcd/platform/chip/hal/lib/libhal_cool_profile.a(hal_musb_core.o)
 .debug_line    0x0000000000005e5a      0x1fc D:/D_back/IOT/RDA5856_bak/build/rom_5856_nolcd/platform/chip/hal/lib/libhal_cool_profile.a(hal_musb_dma.o)
 .debug_line    0x0000000000006056      0x203 D:/D_back/IOT/RDA5856_bak/build/rom_5856_nolcd/platform/chip/hal/lib/libhal_cool_profile.a(hal_profile.o)
 .debug_line    0x0000000000006259      0x496 D:/D_back/IOT/RDA5856_bak/build/rom_5856_nolcd/platform/chip/hal/lib/libhal_cool_profile.a(hal_rda_audio.o)
 .debug_line    0x00000000000066ef      0x56e D:/D_back/IOT/RDA5856_bak/build/rom_5856_nolcd/platform/chip/hal/lib/libhal_cool_profile.a(hal_rfspi.o)
 .debug_line    0x0000000000006c5d      0x341 D:/D_back/IOT/RDA5856_bak/build/rom_5856_nolcd/platform/chip/hal/lib/libhal_cool_profile.a(hal_tcu.o)
 .debug_line    0x0000000000006f9e      0x3bf D:/D_back/IOT/RDA5856_bak/build/rom_5856_nolcd/platform/chip/hal/lib/libhal_cool_profile.a(hal_abb_config.o)
 .debug_line    0x000000000000735d      0x28c D:/D_back/IOT/RDA5856_bak/build/rom_5856_nolcd/platform/chip/hal/lib/libhal_cool_profile.a(hal_ana_gpadc.o)
 .debug_line    0x00000000000075e9      0x28c D:/D_back/IOT/RDA5856_bak/build/rom_5856_nolcd/platform/chip/hal/lib/libhal_cool_profile.a(hal_rda_abb.o)
 .debug_line    0x0000000000007875      0x361 D:/D_back/IOT/RDA5856_bak/build/rom_5856_nolcd/platform/chip/hal/lib/libhal_cool_profile.a(hal_ispi.o)
 .debug_line    0x0000000000007bd6      0x179 D:/D_back/IOT/RDA5856_bak/build/rom_5856_nolcd/platform/chip/boot/lib/libboot_cool_profile.a(boot_host.o)
 .debug_line    0x0000000000007d4f      0x3c8 D:/D_back/IOT/RDA5856_bak/build/rom_5856_nolcd/platform/chip/boot/lib/libboot_cool_profile.a(boot_ispi.o)
 .debug_line    0x0000000000008117      0x290 D:/D_back/IOT/RDA5856_bak/build/rom_5856_nolcd/platform/chip/boot/lib/libboot_cool_profile.a(boot_monitor.o)
 .debug_line    0x00000000000083a7      0x10d D:/D_back/IOT/RDA5856_bak/build/rom_5856_nolcd/platform/chip/boot/lib/libboot_cool_profile.a(boot_rom_if.o)
 .debug_line    0x00000000000084b4       0xa2 D:/D_back/IOT/RDA5856_bak/build/rom_5856_nolcd/platform/chip/boot/lib/libboot_cool_profile.a(boot_rom_version.o)
 .debug_line    0x0000000000008556       0x67 D:/D_back/IOT/RDA5856_bak/build/rom_5856_nolcd/platform/chip/boot/lib/libboot_cool_profile.a(boot_romstring.o)
 .debug_line    0x00000000000085bd      0x131 D:/D_back/IOT/RDA5856_bak/build/rom_5856_nolcd/platform/chip/boot/lib/libboot_cool_profile.a(boot_uart_monitor.o)
 .debug_line    0x00000000000086ee      0x9a9 D:/D_back/IOT/RDA5856_bak/build/rom_5856_nolcd/platform/chip/boot/lib/libboot_cool_profile.a(boot_usb.o)
 .debug_line    0x0000000000009097      0x426 D:/D_back/IOT/RDA5856_bak/build/rom_5856_nolcd/platform/chip/boot/lib/libboot_cool_profile.a(boot_usb_monitor.o)
 .debug_line    0x00000000000094bd      0x128 D:/D_back/IOT/RDA5856_bak/build/rom_5856_nolcd/platform/chip/boot/lib/libboot_cool_profile.a(boot_irq_dispatch.o)
 .debug_line    0x00000000000095e5      0x7cd D:/D_back/IOT/RDA5856_bak/build/rom_5856_nolcd/target/lib/libtarget_cool_profile.a(target_config.o)
 .debug_line    0x0000000000009db2      0x136 D:/D_back/IOT/RDA5856_bak/build/rom_5856_nolcd/platform/base/std/lib/libstd_cool_profile.a(memcpy.o)
 .debug_line    0x0000000000009ee8       0xd1 D:/D_back/IOT/RDA5856_bak/build/rom_5856_nolcd/platform/base/std/lib/libstd_cool_profile.a(memmove.o)
 .debug_line    0x0000000000009fb9       0xc5 D:/D_back/IOT/RDA5856_bak/build/rom_5856_nolcd/platform/base/std/lib/libstd_cool_profile.a(memset.o)
 .debug_line    0x000000000000a07e       0xb5 D:/D_back/IOT/RDA5856_bak/build/rom_5856_nolcd/platform/base/std/lib/libstd_cool_profile.a(strlen.o)
 .debug_line    0x000000000000a133       0xc4 D:/D_back/IOT/RDA5856_bak/env/lib/gcc/mips-elf/4.4.2/libgcc.a(_div_sf.o)
 .debug_line    0x000000000000a1f7       0x69 D:/D_back/IOT/RDA5856_bak/env/lib/gcc/mips-elf/4.4.2/libgcc.a(_thenan_sf.o)
 .debug_line    0x000000000000a260       0xba D:/D_back/IOT/RDA5856_bak/env/lib/gcc/mips-elf/4.4.2/libgcc.a(_pack_sf.o)
 .debug_line    0x000000000000a31a       0xab D:/D_back/IOT/RDA5856_bak/env/lib/gcc/mips-elf/4.4.2/libgcc.a(_unpack_sf.o)

.debug_frame    0x0000000000000000     0x3818
 *(.debug_frame)
 .debug_frame   0x0000000000000000       0xa8 D:/D_back/IOT/RDA5856_bak/build/rom_5856_nolcd/platform/base/std/lib/libstd_cool_profile.a(vsprintf.o)
 .debug_frame   0x00000000000000a8      0x12c D:/D_back/IOT/RDA5856_bak/build/rom_5856_nolcd/platform/base/sx/lib/libsx_cool_profile.a(sxr_sbx.o)
 .debug_frame   0x00000000000001d4       0x94 D:/D_back/IOT/RDA5856_bak/build/rom_5856_nolcd/platform/base/sx/lib/libsx_cool_profile.a(sxr_tls.o)
 .debug_frame   0x0000000000000268      0x158 D:/D_back/IOT/RDA5856_bak/build/rom_5856_nolcd/platform/base/sx/lib/libsx_cool_profile.a(sxs_sbx.o)
 .debug_frame   0x00000000000003c0      0x154 D:/D_back/IOT/RDA5856_bak/build/rom_5856_nolcd/platform/base/sx/lib/libsx_cool_profile.a(sxr_tksd.o)
 .debug_frame   0x0000000000000514      0x200 D:/D_back/IOT/RDA5856_bak/build/rom_5856_nolcd/platform/base/sx/lib/libsx_cool_profile.a(sxs_tksd.o)
 .debug_frame   0x0000000000000714      0x218 D:/D_back/IOT/RDA5856_bak/build/rom_5856_nolcd/platform/base/sx/lib/libsx_cool_profile.a(sxr_tim.o)
 .debug_frame   0x000000000000092c       0x60 D:/D_back/IOT/RDA5856_bak/build/rom_5856_nolcd/platform/base/sx/lib/libsx_cool_profile.a(sxs_tim.o)
 .debug_frame   0x000000000000098c       0x78 D:/D_back/IOT/RDA5856_bak/build/rom_5856_nolcd/platform/base/sx/lib/libsx_cool_profile.a(sxs_io.o)
 .debug_frame   0x0000000000000a04      0x460 D:/D_back/IOT/RDA5856_bak/build/rom_5856_nolcd/platform/edrv/memd/lib/libmemd_cool_profile.a(drv_flsh.o)
 .debug_frame   0x0000000000000e64       0x20 D:/D_back/IOT/RDA5856_bak/build/rom_5856_nolcd/platform/edrv/memd/lib/libmemd_cool_profile.a(drv_flsh_map.o)
 .debug_frame   0x0000000000000e84       0xc0 D:/D_back/IOT/RDA5856_bak/build/rom_5856_nolcd/platform/chip/hal/lib/libhal_cool_profile.a(hal_ebc.o)
 .debug_frame   0x0000000000000f44       0x40 D:/D_back/IOT/RDA5856_bak/build/rom_5856_nolcd/platform/chip/hal/lib/libhal_cool_profile.a(hal_host.o)
 .debug_frame   0x0000000000000f84       0xf0 D:/D_back/IOT/RDA5856_bak/build/rom_5856_nolcd/platform/chip/hal/lib/libhal_cool_profile.a(hal_spi_flash.o)
 .debug_frame   0x0000000000001074      0x37c D:/D_back/IOT/RDA5856_bak/build/rom_5856_nolcd/platform/chip/hal/lib/libhal_cool_profile.a(hal_sys.o)
 .debug_frame   0x00000000000013f0      0x140 D:/D_back/IOT/RDA5856_bak/build/rom_5856_nolcd/platform/chip/hal/lib/libhal_cool_profile.a(hal_timer.o)
 .debug_frame   0x0000000000001530      0x2dc D:/D_back/IOT/RDA5856_bak/build/rom_5856_nolcd/platform/chip/hal/lib/libhal_cool_profile.a(hal_usb_mgc.o)
 .debug_frame   0x000000000000180c      0x188 D:/D_back/IOT/RDA5856_bak/build/rom_5856_nolcd/platform/chip/hal/lib/libhal_cool_profile.a(hal_usbhost_mgc.o)
 .debug_frame   0x0000000000001994       0x30 D:/D_back/IOT/RDA5856_bak/build/rom_5856_nolcd/platform/chip/hal/lib/libhal_cool_profile.a(hal_assert.o)
 .debug_frame   0x00000000000019c4       0xb8 D:/D_back/IOT/RDA5856_bak/build/rom_5856_nolcd/platform/chip/hal/lib/libhal_cool_profile.a(hal_boot_sector_driver.o)
 .debug_frame   0x0000000000001a7c       0x8c D:/D_back/IOT/RDA5856_bak/build/rom_5856_nolcd/platform/chip/hal/lib/libhal_cool_profile.a(hal_config.o)