
Discarded input sections

 .data          0x0000000000000000        0x0 D:/rda5981/code/IoT-RDA5836_3.3/build/5856T_nolcd/btcpu/platform/chip/5856/btcpu/obj/debug/btcpu_flash.o
 .bss           0x0000000000000000        0x0 D:/rda5981/code/IoT-RDA5836_3.3/build/5856T_nolcd/btcpu/platform/chip/5856/btcpu/obj/debug/btcpu_flash.o
 .reginfo       0x0000000000000000       0x18 D:/rda5981/code/IoT-RDA5836_3.3/build/5856T_nolcd/btcpu/platform/chip/5856/btcpu/obj/debug/btcpu_flash.o
 .pdr           0x0000000000000000        0x0 D:/rda5981/code/IoT-RDA5836_3.3/build/5856T_nolcd/btcpu/platform/chip/5856/btcpu/obj/debug/btcpu_flash.o
 .debug_aranges
                0x0000000000000000     0x6e08 build/5856T_nolcd/btcpu/RDA5856/stripped_BTCPU_elf_file.elf
 .debug_pubnames
                0x0000000000000000    0x1a241 build/5856T_nolcd/btcpu/RDA5856/stripped_BTCPU_elf_file.elf
 .debug_info    0x0000000000000000   0x1139a5 build/5856T_nolcd/btcpu/RDA5856/stripped_BTCPU_elf_file.elf
 .debug_abbrev  0x0000000000000000    0x1bff4 build/5856T_nolcd/btcpu/RDA5856/stripped_BTCPU_elf_file.elf
 .debug_line    0x0000000000000000    0x2f339 build/5856T_nolcd/btcpu/RDA5856/stripped_BTCPU_elf_file.elf
 .debug_frame   0x0000000000000000    0x134c4 build/5856T_nolcd/btcpu/RDA5856/stripped_BTCPU_elf_file.elf
 .debug_str     0x0000000000000000    0x32c51 build/5856T_nolcd/btcpu/RDA5856/stripped_BTCPU_elf_file.elf
 .debug_loc     0x0000000000000000    0x50771 build/5856T_nolcd/btcpu/RDA5856/stripped_BTCPU_elf_file.elf
 .comment       0x0000000000000000       0x31 build/5856T_nolcd/btcpu/RDA5856/stripped_BTCPU_elf_file.elf
 .comment       0x0000000000000000       0x31 build/5856T_nolcd/stripped_rom_elf_file.elf
 .debug_aranges
                0x0000000000000000     0x1728 build/5856T_nolcd/stripped_rom_elf_file.elf
 .debug_pubnames
                0x0000000000000000     0x3c4b build/5856T_nolcd/stripped_rom_elf_file.elf
 .debug_info    0x0000000000000000    0x23c48 build/5856T_nolcd/stripped_rom_elf_file.elf
 .debug_abbrev  0x0000000000000000     0x6eb1 build/5856T_nolcd/stripped_rom_elf_file.elf
 .debug_line    0x0000000000000000     0xa3c5 build/5856T_nolcd/stripped_rom_elf_file.elf
 .debug_frame   0x0000000000000000     0x3818 build/5856T_nolcd/stripped_rom_elf_file.elf
 .debug_str     0x0000000000000000     0xf43e build/5856T_nolcd/stripped_rom_elf_file.elf
 .debug_loc     0x0000000000000000     0xbefb build/5856T_nolcd/stripped_rom_elf_file.elf
 .comment       0x0000000000000000       0x31 build/5856T_nolcd/btcpu/RDA5856/stripped_BTCPU_rom_elf_file.elf
 .debug_aranges
                0x0000000000000000     0x4f98 build/5856T_nolcd/btcpu/RDA5856/stripped_BTCPU_rom_elf_file.elf
 .debug_pubnames
                0x0000000000000000    0x13879 build/5856T_nolcd/btcpu/RDA5856/stripped_BTCPU_rom_elf_file.elf
 .debug_info    0x0000000000000000    0xeee2b build/5856T_nolcd/btcpu/RDA5856/stripped_BTCPU_rom_elf_file.elf
 .debug_abbrev  0x0000000000000000    0x15d6b build/5856T_nolcd/btcpu/RDA5856/stripped_BTCPU_rom_elf_file.elf
 .debug_line    0x0000000000000000    0x236f0 build/5856T_nolcd/btcpu/RDA5856/stripped_BTCPU_rom_elf_file.elf
 .debug_frame   0x0000000000000000     0xda74 build/5856T_nolcd/btcpu/RDA5856/stripped_BTCPU_rom_elf_file.elf
 .debug_str     0x0000000000000000    0x229ce build/5856T_nolcd/btcpu/RDA5856/stripped_BTCPU_rom_elf_file.elf
 .debug_loc     0x0000000000000000    0x33628 build/5856T_nolcd/btcpu/RDA5856/stripped_BTCPU_rom_elf_file.elf

Memory Configuration

Name             Origin             Length             Attributes
*default*        0x0000000000000000 0xffffffffffffffff

Linker script and memory map

LOAD D:/rda5981/code/IoT-RDA5836_3.3/build/5856T_nolcd/res.bin.o
LOAD D:/rda5981/code/IoT-RDA5836_3.3/build/5856T_nolcd/btcpu/platform/chip/5856/btcpu/obj/debug/btcpu_flash.o
                0xffffffffa8000000                . = 0xffffffffa8000000
                0xffffffffa8000000                _iota_flash_start = .

.flash_start_code
                0xffffffffa8000000       0x30
 *btcpu_flash.o(.text)
 .text          0xffffffffa8000000       0x20 D:/rda5981/code/IoT-RDA5836_3.3/build/5856T_nolcd/btcpu/platform/chip/5856/btcpu/obj/debug/btcpu_flash.o
                0xffffffffa8000000                _flash_btcpu_start
                0xffffffffa8000020        0x4 LONG 0xffffffff
                0xffffffffa8000024        0x4 LONG 0xffffffff
                0xffffffffa8000028        0x4 LONG 0xffffffff
                0xffffffffa800002c        0x4 LONG 0xffffffff
                0xffffffffa8000030                . = ALIGN (0x10)

.bt_boot_code   0xffffffffa8000030      0x1d4
 build/5856T_nolcd/btcpu/RDA5856/stripped_BTCPU_elf_file.elf(.bt_boot_code)
 .bt_boot_code  0xffffffffa8000030      0x1d4 build/5856T_nolcd/btcpu/RDA5856/stripped_BTCPU_elf_file.elf
                0xffffffffa8000030                entry
                0xffffffffa8000040                BT_CPU_Main

.btirq_text     0xffffffffa1c80000      0x170 load address 0xffffffffa8000204
 build/5856T_nolcd/btcpu/RDA5856/stripped_BTCPU_elf_file.elf(.btirq_text)
 .btirq_text    0xffffffffa1c80000      0x170 build/5856T_nolcd/btcpu/RDA5856/stripped_BTCPU_elf_file.elf
                0xffffffffa1c80000                _bt_Irq_handler
                0xffffffffa1c80140                bt_IrqInit

.bt_sramtext    0xffffffffa1c83d50      0x550 load address 0xffffffffa8000374
 build/5856T_nolcd/btcpu/RDA5856/stripped_BTCPU_elf_file.elf(.bt_sramtext)
 .bt_sramtext   0xffffffffa1c83d50      0x550 build/5856T_nolcd/btcpu/RDA5856/stripped_BTCPU_elf_file.elf
                0xffffffffa1c83d50                _bt_sram_text_start
                0xffffffffa1c83d51                LSLCacc_Extract_Packet_Z
                0xffffffffa1c83ff5                LSLCpkt_Process_Rx_Packet_Z
                0xffffffffa1c8404d                HW_Wait_Flash_Write
                0xffffffffa1c8407d                SYSirq_IRQ_Handler5855
                0xffffffffa1c841c5                SYSirq_Handle
                0xffffffffa1c841fd                BTq_BB_Dequeue_Next_Synchronous2

.bt_sramdata    0xffffffffa1c842a0      0x150 load address 0xffffffffa80008c4
 build/5856T_nolcd/btcpu/RDA5856/stripped_BTCPU_elf_file.elf(.bt_sramdata)
 .bt_sramdata   0xffffffffa1c842a0      0x150 build/5856T_nolcd/btcpu/RDA5856/stripped_BTCPU_elf_file.elf
                0xffffffffa1c842a0                btcpu_GdbGBreak
                0xffffffffa1c842a0                _bt_sram_data_start
                0xffffffffa1c842e0                soundbar_master
                0xffffffffa1c842e4                a2dp_sink_service
                0xffffffffa1c842f4                a2dp_source_service
                0xffffffffa1c84304                soundbar_in_unsniff_mode
                0xffffffffa1c84308                avrcp_ct_service
                0xffffffffa1c84318                avrcp_tg_service
                0xffffffffa1c84328                hfp_service
                0xffffffffa1c84338                RedailConfirmTime
                0xffffffffa1c8433c                calibration_counter_1ms
                0xffffffffa1c84340                calibration_counter_10us
                0xffffffffa1c84344                l2_cur_ident
                0xffffffffa1c84345                tx_quality_dm_threshold
                0xffffffffa1c84346                tx_quality_dh_threshold
                0xffffffffa1c84347                rx_quality_dm_threshold
                0xffffffffa1c84348                rx_quality_dh_threshold
                0xffffffffa1c84349                tx_quality_2m_threshold
                0xffffffffa1c8434a                tx_quality_3m_threshold
                0xffffffffa1c8434b                rx_quality_2m_threshold
                0xffffffffa1c8434c                rx_quality_3m_threshold
                0xffffffffa1c8434e                quality_min_num_packets
                0xffffffffa1c84350                LMsec_link_key_request_timeout
                0xffffffffa1c84354                LMsec_pin_code_request_timeout
                0xffffffffa1c84358                k32_clock_offest
                0xffffffffa1c8435b                rdabt_security_mode
                0xffffffffa1c8435c                rdabt_security_level
                0xffffffffa1c84384                finger_temp
                0xffffffffa1c843b0                rdabt_rfcomm_core
                0xffffffffa1c843b4                browsegroup_service
                0xffffffffa1c843c4                service_records
                0xffffffffa1c843d4                rdabt_sdp_database
                0xffffffffa1c843dc                g_MTK_EVENT_C1FC_ARRAY
                0xffffffffa1c843e4                tidp_temp

.bt_sramucdata  0xffffffffa1c843f0       0x10 load address 0xffffffffa8000a14
 build/5856T_nolcd/btcpu/RDA5856/stripped_BTCPU_elf_file.elf(.bt_sramucdata)
 .bt_sramucdata
                0xffffffffa1c843f0       0x10 build/5856T_nolcd/btcpu/RDA5856/stripped_BTCPU_elf_file.elf
                0xffffffffa1c843f0                _bt_sram_uncached_start
                0xffffffffa1c843f0                test_pka

.bt_sramucbss   0xffffffffa1c84400       0x30
 build/5856T_nolcd/btcpu/RDA5856/stripped_BTCPU_elf_file.elf(.bt_sramucbss)
 .bt_sramucbss  0xffffffffa1c84400       0x30 build/5856T_nolcd/btcpu/RDA5856/stripped_BTCPU_elf_file.elf
                0xffffffffa1c84400                host_debug_buff

.bt_srambss     0xffffffffa1c84430      0xdf0
 build/5856T_nolcd/btcpu/RDA5856/stripped_BTCPU_elf_file.elf(.bt_srambss)
 .bt_srambss    0xffffffffa1c84430      0xdf0 build/5856T_nolcd/btcpu/RDA5856/stripped_BTCPU_elf_file.elf
                0xffffffffa1c8443e                soundbar_spp_port
                0xffffffffa1c84440                gAvdtp
                0xffffffffa1c84448                gAvdtp_sep_list_head
                0xffffffffa1c84460                g_playing_cid
                0xffffffffa1c84462                g_closing_cid
                0xffffffffa1c84464                sequence
                0xffffffffa1c84468                audio_sync_data
                0xffffffffa1c84470                soundbar_control_cmd
                0xffffffffa1c84494                volume_header
                0xffffffffa1c844ba                discard_sbc_cid
                0xffffffffa1c844bc                g_loop_redundancy_counter
                0xffffffffa1c844be                BTreset_delay
                0xffffffffa1c844c0                hceg_evt_call_back_handler
                0xffffffffa1c844d0                hfp_core_msg_info
                0xffffffffa1c844dc                hfp_ports
                0xffffffffa1c844e0                gHFP
                0xffffffffa1c844f8                CleanRedailStatusFunctionHandle
                0xffffffffa1c844fc                hfp_pb_buffer
                0xffffffffa1c84500                g_hfp_dtmf_offset
                0xffffffffa1c84501                g_hfp_dtmf_len
                0xffffffffa1c84502                g_num_mem_locs
                0xffffffffa1c84503                capture_flag
                0xffffffffa1c84604                rdabt_l2_channel_list
                0xffffffffa1c84608                l2cap_disconnect_handle
                0xffffffffa1c84614                rdabt_l2cap_config_helper_list
                0xffffffffa1c84618                pending_cid
                0xffffffffa1c8461c                l2_unknown_option
                0xffffffffa1c84620                l2_config_continue
                0xffffffffa1c84624                l2_config_part
                0xffffffffa1c8462c                Transaction_Id_temp
                0xffffffffa1c84630                result_temp
                0xffffffffa1c84632                handle_temp
                0xffffffffa1c84634                _LMch_host_v12_functionality_confirmed
                0xffffffffa1c84638                _LMpol_zero_packet
                0xffffffffa1c84654                g_p_LM_Auth_info
                0xffffffffa1c8465c                g_pending_on_host_state
                0xffffffffa1c8465d                cal_dhkey_flag
                0xffffffffa1c8465e                dhkey_init_result
                0xffffffffa1c8465f                LMsec_pin_code_request_timeout_extend
                0xffffffffa1c84670                bbtest_hop_enable
                0xffffffffa1c84674                bttest_AFH_hse_kernel
                0xffffffffa1c84684                g_afh_crc_ok
                0xffffffffa1c84704                FindObjectPushServer_callback
                0xffffffffa1c84708                connect_type_obex_ftp
                0xffffffffa1c8470a                g_OppServiceSearch
                0xffffffffa1c8470c                rdabt_obex_pincode
                0xffffffffa1c84720                rdabt_obex_pinlength
                0xffffffffa1c8472c                rdabt_obex_server_transport
                0xffffffffa1c84730                rdabt_obex_transmit_transport
                0xffffffffa1c84734                rdabt_obex_connecting
                0xffffffffa1c84735                g_visible_mode
                0xffffffffa1c84738                Crdabt_timer_create
                0xffffffffa1c8473c                ftp_client_rxbuffer
                0xffffffffa1c84740                bpp_DP_rxbuffer
                0xffffffffa1c84744                bpp_PS_rxbuffer
                0xffffffffa1c8474c                rdabt_a2dp_info
                0xffffffffa1c84784                rdabt_a2dp_msg_info
                0xffffffffa1c84794                rdabt_data_msg_info
                0xffffffffa1c847a4                a2dp_play_event_flag
                0xffffffffa1c847a8                current_clk
                0xffffffffa1c847ac                avrcp_adp_info
                0xffffffffa1c847b8                avrcp_msg_info
                0xffffffffa1c847bc                rdabt_test_mode_scan_cnf
                0xffffffffa1c847c0                hfp_adp_info
                0xffffffffa1c847d4                hfp_adp_msg
                0xffffffffa1c847e4                mgr_adp_msg
                0xffffffffa1c847f0                bt_trace_buff
                0xffffffffa1c84870                rdabt_pbap
                0xffffffffa1c84890                download_pbap_timer
                0xffffffffa1c84894                spp_adp_info
                0xffffffffa1c8489c                rdabt_rfcomm_pending_list
                0xffffffffa1c848a0                rdabt_rfcomm_entity_started
                0xffffffffa1c848a4                rdabt_rfcomm_disconnection_reason
                0xffffffffa1c848a6                waiting_for_disconnect
                0xffffffffa1c848a8                p_disconnect_waiting_task
                0xffffffffa1c848ac                g_ServieSearch_cid
                0xffffffffa1c848ae                g_IsServiceCallback
                0xffffffffa1c848af                SDP_Service_Record_Num
                0xffffffffa1c848b0                rdabt_sdp_server_active
                0xffffffffa1c848b4                p_SDP_Primitive_Task_List
                0xffffffffa1c848c0                spp_peer_device
                0xffffffffa1c848c4                rdabt_rfcomm_se_head
                0xffffffffa1c848c8                _LSLCslot_tmp_state
                0xffffffffa1c848cc                SYSpwr_Halt_System_call_back_handler
                0xffffffffa1c848d0                rdabt_host_timer_id
                0xffffffffa1c848d4                rdabt_host_ticks
                0xffffffffa1c848d8                cmd_buf
                0xffffffffa1c84ad8                DATA_BUFF
                0xffffffffa1c84adc                gFirstConnectReq
                0xffffffffa1c84ae0                gIsSRCFirstConnectReq
                0xffffffffa1c84ae4                gAVRCP
                0xffffffffa1c84aec                rdabt_l2_link_full
                0xffffffffa1c84af0                _LMafh_AFH_host_channel_classification
                0xffffffffa1c84afc                _LMafh_AFH_update_timeout
                0xffffffffa1c84b0c                rdabt_w4_obex_connect_rsp
                0xffffffffa1c84b10                tidp_tt
                0xffffffffa1c84b14                rdabt_map_tid
                0xffffffffa1c84b18                rdabt_map_cid
                0xffffffffa1c84b1c                rdabt_map_select_pending
                0xffffffffa1c84b1d                rdabt_map_type
                0xffffffffa1c84b1e                rdabt_pbap_tid
                0xffffffffa1c84b20                rdabt_pbap_cid
                0xffffffffa1c84b24                rdabt_pbap_filter
                0xffffffffa1c84b2c                rdabt_pbap_format
                0xffffffffa1c84b2d                rdabt_pbap_select
                0xffffffffa1c84b2e                rdabt_pbap_type
                0xffffffffa1c84b2f                rdabt_pbap_select_pending
                0xffffffffa1c84b30                rdabt_pbap_sort_order
                0xffffffffa1c84b34                rdabt_obex_state
                0xffffffffa1c84b38                obex_registered_services
                0xffffffffa1c84b3c                obex_registered_inboxes
                0xffffffffa1c84b40                localCid
                0xffffffffa1c84b44                cap
                0xffffffffa1c84b50                hc_flow_ctrl
                0xffffffffa1c84b6c                g_hfp_dtmf_string
                0xffffffffa1c84b80                host_mem_info
                0xffffffffa1c84be0                queue_info
                0xffffffffa1c84bf8                timer_info
                0xffffffffa1c84c04                _LMch_LMP_features_req_ext_PDU
                0xffffffffa1c84c10                _LMch_LMP_features_res_ext_PDU
                0xffffffffa1c84c1c                count_edr_data
                0xffffffffa1c84c28                repeatAttemptEntries
                0xffffffffa1c84cc8                g_LM_SSP_config_info
                0xffffffffa1c84d0c                _LM_Auth_info
                0xffffffffa1c84e40                p192_comp_data
                0xffffffffa1c85104                temp_rand
                0xffffffffa1c85114                secdb
                0xffffffffa1c85128                opp_client_rxbuffer
                0xffffffffa1c8513c                mgr_adp_info
                0xffffffffa1c85184                rfcomm_core
                0xffffffffa1c8519c                sdp_replace_data
                0xffffffffa1c851bc                sdp_replace_data_length
                0xffffffffa1c851cc                combined_info
                0xffffffffa1c851dc                CodecDriver
                0xffffffffa1c851ec                rdabt_l2_acl_links
                0xffffffffa1c851fc                _LMafh_Master_LMP_set_AFH_PDU
                0xffffffffa1c8520c                _LMafh_Slave_LMP_channel_classification_PDU

.crossrefs      0xffffffffa8000a24        0xc
 build/5856T_nolcd/btcpu/RDA5856/stripped_BTCPU_elf_file.elf(.crossrefs)
 .crossrefs     0xffffffffa8000a24        0xc build/5856T_nolcd/btcpu/RDA5856/stripped_BTCPU_elf_file.elf

.bt_rotext      0xffffffffa8000a30    0x39df0
 build/5856T_nolcd/btcpu/RDA5856/stripped_BTCPU_elf_file.elf(.bt_rotext)
 .bt_rotext     0xffffffffa8000a30    0x39df0 build/5856T_nolcd/btcpu/RDA5856/stripped_BTCPU_elf_file.elf
                0xffffffffa8000a30                dbg_GdbPrint
                0xffffffffa8000a30                hal_DbgGdbPrintf
                0xffffffffa8000a40                _bt_gdb
                0xffffffffa8000c7c                BTCPU_SendEvent2
                0xffffffffa8000cf8                SYS_SendEvent2
                0xffffffffa8000d78                SYS_ASSERT2
                0xffffffffa8000da1                btcpu_DbgGdbHstSendEvent
                0xffffffffa8000dbd                btcpu_DbgWatchDogStop
                0xffffffffa8000dc9                btcpu_GdbBreaks
                0xffffffffa8000de9                btcpu_GdbPrepare
                0xffffffffa8000e31                btcpu_GdbSendcmd
                0xffffffffa8000e55                btcpu_GdbLoop
                0xffffffffa8000f65                btcpu_GdbBreakRaise
                0xffffffffa8000fd1                btcpu_GdbBreakSoftBreakPoint
                0xffffffffa8001025                btcpu_GdbBreakBreakPoint
                0xffffffffa8001065                btcpu_GdbBreakPrint
                0xffffffffa80010cd                btcpu_GdbException
                0xffffffffa8001141                btcpu_GdbIrqDebug
                0xffffffffa8001189                btcpu_GdbBreakDivBy0
                0xffffffffa800123d                rdabt_adp_msg_dispatch
                0xffffffffa8001351                rdabt_init
                0xffffffffa80013b5                rdabt_msg_callback
                0xffffffffa8001435                rdabt_fcc_test_stop
                0xffffffffa8001445                rdabt_fcc_test
                0xffffffffa8001595                BT_Register_Modules
                0xffffffffa80015bd                rdabt_adp_free_br
                0xffffffffa80015e5                rdabt_register_sdp
                0xffffffffa8001609                rdabt_active_success
                0xffffffffa8001649                rdabt_handle_app_msg
                0xffffffffa8001e15                rdabt_get_bt_msg
                0xffffffffa8001e5d                rdabt_wait_xcpu_busy
                0xffffffffa8001e71                rdabt_clear_btcpu_busy
                0xffffffffa8001e7d                rdabt_send_msg_to_xcpu
                0xffffffffa8001f0d                Rdabt_vco_test_Write_r21
                0xffffffffa8001f4d                tgt_GetBtStackConfig
                0xffffffffa8001f59                tgt_GetBtStackModuleList
                0xffffffffa8001f65                getIndexByCid
                0xffffffffa8001f9d                Soundbar_Avdtp_Check_Sequence
                0xffffffffa8002001                Soundbar_Get_Role
                0xffffffffa800200d                Soundbar_Get_Avdtp_status
                0xffffffffa8002055                Soundbar_Sync_Play_Number
                0xffffffffa8002079                rdabt_a2dp_get_sourceclk
                0xffffffffa8002085                rdabt_a2dp_set_syncclk
                0xffffffffa8002091                rdabt_a2dp_get_syncclk
                0xffffffffa800209d                rdabt_a2dp_check_syncclock
                0xffffffffa80020c1                Soundbar_Set_Audio_Sync
                0xffffffffa80020cd                Soundbar_Set_Control_Cmd
                0xffffffffa80020d9                AVDTP_Set_Scmt
                0xffffffffa8002119                Soundbar_Set_UnSniff_Mode
                0xffffffffa8002145                getIndexByAddr
                0xffffffffa8002201                getCidByAddr
                0xffffffffa80022bd                getFreeIndex
                0xffffffffa8002311                AVDTP_Start_Media_Channel_Connection
                0xffffffffa80023c1                AVDTP_Disconnect
                0xffffffffa80024c9                AVDTP_Setup_Connect
                0xffffffffa8002561                Avdtp_Register_Sep
                0xffffffffa8002615                getA2dpPlayingAddr
                0xffffffffa800265d                Avdtp_Register_Service
                0xffffffffa8002681                Avdtp_Clean_Data
                0xffffffffa800273d                Avdtp_Validate_Service_Caps
                0xffffffffa8002941                Avdtp_Get_Current_Clock
                0xffffffffa80029a1                rdabt_a2dp_set_sourceclk
                0xffffffffa80029c9                Soundbar_Spp_Send_Data
                0xffffffffa8002a15                Avdtp_Receive_Data
                0xffffffffa8002be5                Avdtp_Response_Discover
                0xffffffffa8002ced                Avdtp_Request_Dispatcher
                0xffffffffa8002d2d                Avdtp_Response_Get_All_Capabilities
                0xffffffffa8002f5d                Avdtp_Response_Get_Capabilities
                0xffffffffa8003135                rdabt_avdtp_msg_dispatch
                0xffffffffa80031dd                rdabt_avdtp_layer_ctrl
                0xffffffffa80034d5                Avdtp_Process_Command
                0xffffffffa8003ebd                Avdtp_Process_Response
                0xffffffffa8004401                Avdtp_Send_Res
                0xffffffffa800455d                Get_Avrcp_Index_by_Addr
                0xffffffffa80045d9                Get_Avrcp_Free_Index
                0xffffffffa80045f9                Avrcp_Set_State
                0xffffffffa8004611                Avrcp_Set_Browsing_State
                0xffffffffa8004629                Avrcp_Get_Current_Volume_Notify
                0xffffffffa8004635                Avrcp_Set_Volume
                0xffffffffa8004689                Get_Avrcp_Index_by_Cid
                0xffffffffa80047f5                Avrcp_Send_Volume_Changed
                0xffffffffa800485d                Avrcp_Metadata_Transfer_Addr
                0xffffffffa8004995                Avrcp_Update_Player_Status
                0xffffffffa80049b5                Avrcp_Set_Browsing_command
                0xffffffffa8004aa9                Avrcp_Browsing_GetFolderItems_Req
                0xffffffffa8004b85                Avrcp_Browsing_SetBrowsedPlayer_Req
                0xffffffffa8004bf1                Avrcp_Browsing_Disconnect_Req
                0xffffffffa8004c3d                Avrcp_Disconnect_Req
                0xffffffffa8004cad                Avrcp_Connect_Req
                0xffffffffa8004d69                Avrcp_Set_Notification_Addr
                0xffffffffa8004dad                Avrcp_Set_Notification
                0xffffffffa8004df1                Avrcp_Get_Element_Attribute
                0xffffffffa8004e55                Avrcp_List_Player_Application_Setting_Values
                0xffffffffa8004e99                Avrcp_RegisterService
                0xffffffffa8004ed9                Get_Avrcp_State
                0xffffffffa8004f59                rdabt_avctp_msg_dispatch
                0xffffffffa8005001                rdabt_avctp_layer_ctrl
                0xffffffffa8005171                Avrcp_Send_Key_By_Addr
                0xffffffffa8005255                Avrcp_Send_Press
                0xffffffffa8005299                Avrcp_Send_Release
                0xffffffffa80052dd                Avrcp_Handle_Received_Data
                0xffffffffa8005de5                BT_Initialise
                0xffffffffa8005f6d                patch_bt_rx_Test_receive_hdr
                0xffffffffa8005f7d                patch_bt_rx_Test_process_packet
                0xffffffffa8005f8d                patch_lslc_acc_bbtest_pka
                0xffffffffa8005f9d                _BTms_Handle_HC_Sleep_If_Reqd
                0xffffffffa8005fcd                _BTms_Handle_HC_Reset_If_Reqd
                0xffffffffa800602d                BTms_Request_HC_Reset
                0xffffffffa800606d                BTms_Sched
                0xffffffffa800614d                BTtst_Initialise
                0xffffffffa8006161                BTtst_Read_Loopback_Mode
                0xffffffffa800616d                BTtst_Set_DUT_Mode
                0xffffffffa8006179                HCeg_Initialise
                0xffffffffa80061a1                HCeg_Set_Event_Mask
                0xffffffffa80061f1                HCeg_Is_Event_Masked_On
                0xffffffffa8006219                HCeg_Command_Status_Event
                0xffffffffa8006269                HCeg_Generate_Event2
                0xffffffffa80063e9                HCeg_Prepare_Command_Complete_Event_Read_Clock_Payload
                0xffffffffa80064d1                HCeg_Command_Complete_Event
                0xffffffffa8006735                HCfc_Read_SYN_Flow_Control_Enable
                0xffffffffa8006741                HCfc_Write_SYN_Flow_Control_Enable
                0xffffffffa8006769                HCfc_Release_All_SYN_Queue_Packets
                0xffffffffa80067b1                HCfc_Release_All_Data_Queue_Packets
                0xffffffffa80067f9                HCfc_Initialise
                0xffffffffa8006841                HCfc_Get_Next_HC_to_Host_SYN_Descriptor
                0xffffffffa800685d                HCfc_Get_Next_HC_to_Host_Data_Descriptor
                0xffffffffa8006879                rdabt_hci_FreeWriteBuffer
                0xffffffffa800689d                rdabt_hci_GetCommandBuffer
                0xffffffffa80068d9                rdabt_hci_GetWriteBuffer
                0xffffffffa800696d                rdabt_hci_set_high_priority_link
                0xffffffffa8006971                rdabt_hci_complete_acl_packet
                0xffffffffa8006995                HCI_Read_Raw_Rssi
                0xffffffffa80069cd                HCI_CalibClock
                0xffffffffa80069f5                HCI_EnableDUT
                0xffffffffa8006a1d                HCI_LocalExtendedFeatures
                0xffffffffa8006a51                HCI_ReadBDAddress
                0xffffffffa8006a79                HCI_ReadLocalSupportedFeatures
                0xffffffffa8006aa1                HCI_ReadLocalVersionInformation
                0xffffffffa8006ac9                HCI_WriteDefaultErroneousDataReporting
                0xffffffffa8006afd                HCI_WriteSimplePairingMode
                0xffffffffa8006b31                HCI_RefreshEncryptionKey
                0xffffffffa8006b65                HCI_WriteExtendedInquiryResponse
                0xffffffffa8006ba1                HCI_WriteInquiryMode
                0xffffffffa8006bd5                HCI_WriteLinkSupervisionTimeout
                0xffffffffa8006c19                HCI_WriteAutomaticFlushTimeout
                0xffffffffa8006c5d                HCI_WriteVoiceSetting
                0xffffffffa8006c95                HCI_WriteClassOfDevice
                0xffffffffa8006cc9                HCI_WriteInquiryScanActivity
                0xffffffffa8006d0d                HCI_WritePageScanActivity
                0xffffffffa8006d51                HCI_WriteScanEnable
                0xffffffffa8006d85                HCI_ReadLocalName
                0xffffffffa8006dad                HCI_ChangeLocalName
                0xffffffffa8006de1                HCI_Reset
                0xffffffffa8006e09                HCI_WriteLinkPolicySettings
                0xffffffffa8006e4d                HCI_RoleDiscovery
                0xffffffffa8006e85                HCI_ExitSniffMode
                0xffffffffa8006ebd                HCI_SniffMode
                0xffffffffa8006f19                HCI_SetupSynchronousConnection
                0xffffffffa8006f81                HCI_ReadClockOffset
                0xffffffffa8006fb9                HCI_ReadRemoteVersionInformation
                0xffffffffa8006ff1                HCI_ReadRemoteSupportedFeatures
                0xffffffffa8007029                HCI_SetConnectionEncryption
                0xffffffffa800706d                HCI_AuthenticationRequested
                0xffffffffa80070a5                HCI_WriteCurrentIACLAP
                0xffffffffa80071c5                HCI_DeleteStoredLinkKey
                0xffffffffa8007209                HCI_SwitchRole
                0xffffffffa800724d                HCI_IOCapabilityRequestNegativeReply
                0xffffffffa8007291                HCI_RemoteOOBDataRequestNegativeReply
                0xffffffffa80072c9                HCI_UserPasskeyRequestNegativeReply
                0xffffffffa8007301                HCI_UserPasskeyRequestReply
                0xffffffffa8007345                HCI_UserConfirmationRequestNegativeReply
                0xffffffffa800737d                HCI_UserConfirmationRequestReply
                0xffffffffa80073b5                HCI_IOCapabilityRequestReply
                0xffffffffa800740d                HCI_AcceptSynchronousConnectionRequest
                0xffffffffa8007499                HCI_RemoteNameRequest
                0xffffffffa80074f9                HCI_PINCodeRequestNegativeReply
                0xffffffffa8007531                HCI_LinkKeyRequestNegativeReply
                0xffffffffa8007569                HCI_RejectConnectionRequest
                0xffffffffa80075ad                HCI_AcceptConnectionRequest
                0xffffffffa80075f1                HCI_CreateConnection
                0xffffffffa800767d                HCI_PINCodeRequestReply
                0xffffffffa80076d5                HCI_LinkKeyRequestReply
                0xffffffffa8007721                HCI_SetEventMask
                0xffffffffa800775d                HCI_Disconnect
                0xffffffffa80077a9                rdabt_hci_receive_scodata
                0xffffffffa8007809                HCI_SendSCOData
                0xffffffffa8007881                HCI_SendRawPDU
                0xffffffffa80078ad                HF_Get_Idle_Device
                0xffffffffa80078ed                rdabt_hfp_layer_ctrl
                0xffffffffa80079a9                HF_Device_Info_Reset
                0xffffffffa8007a21                HF_Add_New_Device
                0xffffffffa8007a41                hfp_initialise
                0xffffffffa8007a99                HF_Get_Device_Info
                0xffffffffa8007afd                hfp_rfcomm_disconnect_ind
                0xffffffffa8007c55                hfp_rfcomm_connect_ind
                0xffffffffa8007e7d                HF_Clean_Op_Code
                0xffffffffa8007e99                HF_Reject_SLC
                0xffffffffa8007f0d                hfp_rfcomm_connect_cnf
                0xffffffffa80080bd                HF_Get_Number
                0xffffffffa80080fd                HF_Accept_SLC
                0xffffffffa8008321                HF_Send_Button_Press
                0xffffffffa8008351                HF_Send_Speaker_Gain
                0xffffffffa8008389                HF_BRSF_TIMER
                0xffffffffa80083d1                HF_Call_Answer
                0xffffffffa800841d                HF_Send_Raw_Data
                0xffffffffa80085c5                hfp_rfcomm_flowctrl
                0xffffffffa800864d                HF_Release_SLC
                0xffffffffa8008761                HF_ServiceDiscover
                0xffffffffa8008821                hfp_sdp_search_callback
                0xffffffffa8008a99                rdabt_hfp_msg_dispatch
                0xffffffffa8008ddd                HF_Connect_SLC
                0xffffffffa8008f15                HF_Activate
                0xffffffffa8008f81                Handle_Rx_CCWA
                0xffffffffa8008fc1                Handle_Rx_BINP
                0xffffffffa8009001                HFRedailConfirmStatusClean
                0xffffffffa8009011                Handle_Rx_CHLD
                0xffffffffa800902d                HF_Check_Call_Active
                0xffffffffa8009079                Handle_Rx_RING
                0xffffffffa80090bd                Handle_Rx_Clcc
                0xffffffffa8009175                Handle_Rx_CLIP
                0xffffffffa8009271                Handle_Rx_CIEV
                0xffffffffa800949d                HF_Get_Clcc
                0xffffffffa80094cd                HF_Multiparty_Call_Handling
                0xffffffffa8009509                HF_Get_Indicator_Status
                0xffffffffa8009539                HF_Send_Call_Hold_Test_Command
                0xffffffffa8009569                HF_Activate_CLIP
                0xffffffffa8009599                HF_DeActivate_NR_EC
                0xffffffffa80095c9                HF_Enable_Called_Waiting
                0xffffffffa80095f9                HF_Activate_Voice_Recognition
                0xffffffffa8009629                HF_Call_Accept
                0xffffffffa80096c5                HF_Get_PhoneBook
                0xffffffffa800973d                HF_Get_PhoneBook_Size
                0xffffffffa8009771                HF_Set_PhoneBook_Code
                0xffffffffa80097b1                HF_Get_Char_Code
                0xffffffffa80097e9                HF_Set_PhoneBook_PATH
                0xffffffffa80098b5                HF_Call_Reject
                0xffffffffa80098e9                HF_Call_Release
                0xffffffffa8009939                HF_Send_Set_Link_Timeout
                0xffffffffa80099bd                Handle_OK_Command
                0xffffffffa8009c55                HF_HS_Handle_AT_From_AG
                0xffffffffa800a255                HF_Send_Call_Setup
                0xffffffffa800a3a9                host_buf_release_header
                0xffffffffa800a3dd                host_buf_reserve_header
                0xffffffffa800a42d                host_buf_free
                0xffffffffa800a471                host_buf_alloc
                0xffffffffa800a4d5                host_temp_buf_alloc
                0xffffffffa800a539                RDABT_GetHostState
                0xffffffffa800a545                RDABT_SetHostState
                0xffffffffa800a551                RDABT_GetHostMode
                0xffffffffa800a55d                RDABT_AddModule
                0xffffffffa800a57d                rdabt_get_host_config
                0xffffffffa800a589                RDABT_Mode_Switch
                0xffffffffa800a5d5                RDABT_Reset
                0xffffffffa800a5f9                print_build_options
                0xffffffffa800a69d                RDABT_Start_Up
                0xffffffffa800a73d                RDABT_Shut_Down
                0xffffffffa800a7a5                rdabt_hci_HandleTimer
                0xffffffffa800a8c5                rdabt_system_scheduler_execute
                0xffffffffa800a8d5                RDABT_Initialise
                0xffffffffa800aa6d                RDABT_Execute
                0xffffffffa800ab0d                rdabt_mem_collect
                0xffffffffa800ab11                rdabt_free
                0xffffffffa800abf1                rdabt_mem_set_dualport_heap
                0xffffffffa800ac21                rdabt_malloc
                0xffffffffa800ad0d                rdabt_mem_initialise
                0xffffffffa800ad55                rdabt_enqueue_message
                0xffffffffa800ae19                rdabt_free_last_message
                0xffffffffa800aeb5                rdabt_get_next_message
                0xffffffffa800af35                rdabt_commit_message
                0xffffffffa800af65                RDABT_Send_Message
                0xffffffffa800afe9                rdabt_message_initialise
                0xffffffffa800b031                host_timer_enlist
                0xffffffffa800b0c1                host_timer_delist
                0xffffffffa800b12d                rdabt_handle_expired_timers
                0xffffffffa800b1e5                rdabt_cancel_timer
                0xffffffffa800b229                rdabt_change_timer
                0xffffffffa800b281                rdabt_timer_create
                0xffffffffa800b34d                rdabt_timer_reset
                0xffffffffa800b379                rdabt_timer_initialise
                0xffffffffa800b3c5                HWdelay_Wait_For_ms
                0xffffffffa800b3e9                HWdelay_Calibrate_
                0xffffffffa800b4b9                HWdelay_Initialise
                0xffffffffa800b4e1                _HWlc_Clear_Jalapeno_Registers
                0xffffffffa800b589                HWlc_Initialise
                0xffffffffa800b6d5                HWradio_Reset
                0xffffffffa800b70d                HWradio_Set_DriverData
                0xffffffffa800b74d                HWradio_SetTX_ovrridehigh
                0xffffffffa800b7b1                HWradio_Initialise
                0xffffffffa800b875                HWradio_Initialise_RF
                0xffffffffa800b8d5                rdabt_l2_FreeWriteBuffer
                0xffffffffa800b8f5                rdabt_l2_GetWriteBuffer
                0xffffffffa800b971                rdabt_l2_chn_stop_cfg_timer
                0xffffffffa800b9a5                rdabt_l2_chn_disable_RTX_timer
                0xffffffffa800b9dd                rdabt_l2_chn_start_ERTX_timer
                0xffffffffa800ba21                rdabt_l2_chn_start_cfg_timer
                0xffffffffa800ba4d                rdabt_l2_chn_start_RTX_timer
                0xffffffffa800ba9d                rdabt_l2_chn_set_qos
                0xffffffffa800bae9                rdabt_l2_chn_alloc_channel
                0xffffffffa800bb71                rdabt_l2_chn_get_p_channel
                0xffffffffa800bbc5                rdabt_l2_chn_handle_in_use
                0xffffffffa800bc3d                rdabt_l2_chn_free_channel
                0xffffffffa800bd39                rdabt_l2_disconnect_req_timeout
                0xffffffffa800bd81                rdabt_l2_chn_tid2channel
                0xffffffffa800bdbd                rdabt_l2_chn_cfg_timer_expired
                0xffffffffa800bdf5                rdabt_l2_chn_timer_expired
                0xffffffffa800bee1                rdabt_l2_chn_free_channels_on_handle
                0xffffffffa800c001                rdabt_l2_config_helper_startup
                0xffffffffa800c029                rdabt_l2cap_config_helper_remove_all_connections
                0xffffffffa800c051                rdabt_l2_config_helper_shutdown
                0xffffffffa800c079                rdabt_l2cap_config_helper_remove_connection
                0xffffffffa800c09d                rdabt_l2_config_helper_remove_cid
                0xffffffffa800c0c5                rdabt_l2cap_config_helper_remove_connection_by_conn
                0xffffffffa800c0ed                rdabt_l2cap_config_helper_lookup_connection
                0xffffffffa800c111                rdabt_l2cap_config_helper_add_connection
                0xffffffffa800c129                rdabt_l2_configure_helper_confirmation
                0xffffffffa800c209                rdabt_l2_configure_helper_indication
                0xffffffffa800c329                rdabt_l2_configure_helper_conn_confirm
                0xffffffffa800c3dd                L2_ConnectResponseandConfig
                0xffffffffa800c479                L2_ConnectandConfig
                0xffffffffa800c519                rdabt_l2_config_build_config_req_pdu
                0xffffffffa800c561                rdabt_l2_config_send_config_req_pdu
                0xffffffffa800c5f1                L2_ConfigureResponse
                0xffffffffa800c781                L2_Configure
                0xffffffffa800c8ed                rda_l2_get_fixed_info
                0xffffffffa800c911                L2_OutgoingAccessRequest_Callback
                0xffffffffa800c9b5                L2_Disconnect
                0xffffffffa800ca5d                rda_l2_get_extended_features
                0xffffffffa800ca71                rdabt_l2_configure_response_handler
                0xffffffffa800cc1d                rdabt_l2_configure_request_handler
                0xffffffffa800cd31                rdabt_l2_connect_response_handler
                0xffffffffa800ce05                rdabt_l2_connect_request_handler
                0xffffffffa800cfd1                L2_IncomingAccessRequest_Callback
                0xffffffffa800d091                L2_ConnectResponse
                0xffffffffa800d135                L2_GetInfo
                0xffffffffa800d1e5                rdabt_l2_connect_lp_connect_cfm
                0xffffffffa800d4a5                l2_Get_info_cb
                0xffffffffa800d5ad                rdabt_l2_connect_disconnect_ind
                0xffffffffa800d64d                rdabt_l2_information_response_handler
                0xffffffffa800d7c5                rdabt_l2_connect_incoming_pdu
                0xffffffffa800d9f9                L2_Connect_Ex
                0xffffffffa800dc09                rdabt_l2_enc_derive_identifier
                0xffffffffa800dc25                rdabt_l2_enc_set_cur_ident
                0xffffffffa800ddbd                rdabt_l2_encode_packet
                0xffffffffa800e349                rdabt_l2_decode_packet
                0xffffffffa800e7f5                rdabt_l2_psm_get_module_id
                0xffffffffa800e881                rdabt_l2_psm_event
                0xffffffffa800e8fd                rdabt_l2_sar_data_req
                0xffffffffa800ea49                rdabt_l2_sar_data_ind
                0xffffffffa800ed99                rdabt_l2_utils_addr_match
                0xffffffffa800edd1                rdabt_l2_utils_out_mtu
                0xffffffffa800edf9                rdabt_l2cap_msg_dispatch
                0xffffffffa800ee9d                rdabt_Tol2connect_lp_timerout
                0xffffffffa800ef95                rdabt_l2cap_layer_ctrl
                0xffffffffa800efcd                rdabt_l2_utils_set_bd_addr
                0xffffffffa800efdd                L2_RetrieveHandle
                0xffffffffa800f019                L2_Write
                0xffffffffa800f055                L2_GetWriteBuffer
                0xffffffffa800f071                LC_Reset_All_Callbacks
                0xffffffffa800f095                LC_Get_Hardware_SCO_CFG
                0xffffffffa800f121                LC_Register_Event_Handler
                0xffffffffa800f131                LC_Read_Local_Device_Jitter
                0xffffffffa800f151                LC_Read_Local_Device_Drift
                0xffffffffa800f171                LC_Read_Local_Device_Class
                0xffffffffa800f189                LC_Write_Local_Device_Class
                0xffffffffa800f19d                LC_Null_Callback
                0xffffffffa800f1a1                LC_Write_Device_Drift
                0xffffffffa800f1c1                LC_Write_Device_Jitter
                0xffffffffa800f1e1                LC_Write_Remote_Slot_Offset
                0xffffffffa800f219                LC_Read_Local_Slot_Offset
                0xffffffffa800f245                LC_Read_Clock_Offset
                0xffffffffa800f259                LC_Decr_Power
                0xffffffffa800f2b5                LC_Max_Power
                0xffffffffa800f2d5                LC_Incr_Power
                0xffffffffa800f325                LC_Write_Power
                0xffffffffa800f3a1                LC_Read_Power
                0xffffffffa800f3fd                LC_Create_Connection
                0xffffffffa800f4b1                LC_Sleep
                0xffffffffa800f4f9                LC_Free_Link
                0xffffffffa800f571                LC_Alloc_Link
                0xffffffffa800f59d                LC_Is_Valid_SCO_Conversion
                0xffffffffa800f5bd                LC_Initialise
                0xffffffffa800f7a5                LMaclctr_Init_buff
                0xffffffffa800f7b9                LMaclctr_Initialise
                0xffffffffa800f7d5                LMaclctr_Find_Handle2
                0xffffffffa800f815                LMaclctr_Find_ACL_Handle
                0xffffffffa800f84d                LMaclctr_Find_Bd_Addr
                0xffffffffa800f89d                LMaclctr_Free_Link
                0xffffffffa800f971                LMaclctr_Alloc_Link
                0xffffffffa800fa01                LMconnection_LM_Recent_Contact_Timeout
                0xffffffffa800fa0d                LMch_Enable_L2CAP_Traffic
                0xffffffffa800fa21                LMch_Disable_L2CAP_Traffic
                0xffffffffa800fa2d                LMconnection_LMP_Packet_Type_Table_Accepted_Ack
                0xffffffffa800fa51                LMch_CB_Enable_L2CAP_Traffic2
                0xffffffffa800fa8d                LMconnection_LMP_Accepted_Ext_Packet_Type_Table
                0xffffffffa800fb09                LMconnection_Local_Setup_Complete
                0xffffffffa800fb25                LMconnection_LMP_Accepted_Ext_eSCO_Link_Req
                0xffffffffa800fb41                LMconnection_LMP_Switch_Link_Timeout
                0xffffffffa800fb85                LMconnection_LMP_Accepted_Ext_Packet_Type_Table_To
                0xffffffffa800fb95                LMconnection_LMP_Packet_Type_Table_Req
                0xffffffffa800fc5d                _Send_LMP_Packet_Type_Table_Req
                0xffffffffa800fc8d                LMconnection_LM_Change_Packet_Type_Table
                0xffffffffa800fcf9                _Send_LMP_Remove_eSCO_Link_Req
                0xffffffffa800fd25                _Send_LMP_SCO_Link_Req
                0xffffffffa800fd65                _Accept_SCO_Link
                0xffffffffa800fd89                _Send_LMP_Remove_SCO_Link_Req
                0xffffffffa800fdc1                LMconnection_Send_LMP_Detach
                0xffffffffa800fe01                LMconnection_LM_Encrypt_Complete
                0xffffffffa800fe35                LMconnection_LM_Disconnect
                0xffffffffa800fe79                LMconnection_LMP_Name_Req
                0xffffffffa800ff21                _Send_LMP_Name_Req
                0xffffffffa800ff41                _Send_LMP_Features_Res_Ext
                0xffffffffa800ffc1                LMconnection_LMP_Features_Req_Ext
                0xffffffffa800ffed                _Send_LMP_Features_Req_Ext
                0xffffffffa801006d                LMconnection_LM_Read_Remote_Extended_Features
                0xffffffffa8010091                _Send_HC_Synchronous_Connection_Changed_Event
                0xffffffffa80100cd                _Send_HC_Synchronous_Connection_Complete_Event
                0xffffffffa801013d                _Send_HC_Remote_Extended_Features_Complete_Event
                0xffffffffa80101a1                _Send_HC_Remote_Features_Complete_Event
                0xffffffffa80101c1                LMch_Send_HC_Role_Change_Event
                0xffffffffa8010205                _Send_HC_Connection_Packet_Type_Changed_Event_SCO
                0xffffffffa8010225                _Send_HC_Connection_Request
                0xffffffffa8010285                _Send_HC_Connection_Complete_Event_SCO
                0xffffffffa8010315                LMconnection_LMP_SCO_Accepted_Ack
                0xffffffffa8010365                LMconnection_Start_Change_eSCO_Connection
                0xffffffffa80103bd                LMch_Resume_Encryption_After_Switch
                0xffffffffa80103e5                LMconnection_LM_Disconnect_SCO
                0xffffffffa8010475                _Send_HC_Connection_Complete_Event_ACL
                0xffffffffa80104e1                LMconnection_LM_Switch_Role_Complete
                0xffffffffa8010551                LMconnection_LM_Page_Complete
                0xffffffffa8010591                _Send_HC_Remote_Name_Request_Complete_Event
                0xffffffffa801062d                LMconnection_LMP_Name_Res
                0xffffffffa80106f5                _Remote_Name_Request_Timeout
                0xffffffffa8010705                _Send_HC_Disconnection_Complete
                0xffffffffa8010781                _Send_HC_Read_Remote_Name_Cancel_Command_Complete_Event
                0xffffffffa80107a9                _Send_HC_Create_Connection_Cancel_Command_Complete_Event
                0xffffffffa80107d1                LMch_Send_LMP_eSCO_Link_Req
                0xffffffffa80108a1                LMconnection_LMP_Detach_Ack
                0xffffffffa80108e5                LMconnection_LMP_Detach
                0xffffffffa8010989                _Send_LMP_Connection_PDU
                0xffffffffa8010a81                LMconnection_LMP_Features_Res_Ext
                0xffffffffa8010ad9                LMconnection_LM_Read_Remote_Supported_Features
                0xffffffffa8010afd                LMconnection_Get_eSCO_Link_Req_Context
                0xffffffffa8010b3d                LMconnection_LMP_Remove_eSCO_Link_Req
                0xffffffffa8010b79                LMconnection_LMP_Remove_eSCO_Accepted_Ext_Ack
                0xffffffffa8010bb9                LMconnection_LMP_Remove_SCO_Link_Req
                0xffffffffa8010c0d                LMconnection_LMP_Switch_Req
                0xffffffffa8010d75                LMconnection_LM_Page_Complete_NO_ERROR
                0xffffffffa8010e15                LMconnection_LMP_Switch_Timeout
                0xffffffffa8010e31                LMconnection_LM_Page_Complete_Timeout
                0xffffffffa8010e7d                LMconnection_Disconnect_Acl
                0xffffffffa8011011                LMconnection_Detach_Timeout
                0xffffffffa8011029                LMconnection_LM_Disconnect_Inf
                0xffffffffa8011045                LMconnection_LM_Incoming_Link_Inf
                0xffffffffa80110f1                LMconnection_Finalise_Connection_Setup
                0xffffffffa80111c9                LMconnection_Local_Setup_Complete2
                0xffffffffa8011221                LMconnection_LMP_Features_Res
                0xffffffffa80112cd                LMconnection_LMP_Features_Req
                0xffffffffa801132d                LMconnection_LMP_Setup_Complete
                0xffffffffa8011379                LMconnection_LM_Change_SCO_Packet_Type
                0xffffffffa80113b9                LMconnection_Switch_Complete_Success
                0xffffffffa80114cd                LMconnection_Handle_Incoming_LM_Connection_Request
                0xffffffffa8011541                LMconnection_LMP_Host_Connection_Req
                0xffffffffa801155d                LMconnection_Validate_SCO_Admission
                0xffffffffa8011605                LMconnection_LMP_SCO_Link_Req
                0xffffffffa801181d                LMconnection_LM_Add_SCO_Connection
                0xffffffffa8011949                _Finalise_Negotiate_Synchronous
                0xffffffffa8011a19                _Negotiate_Synchronous_Connection
                0xffffffffa8011b39                LMconnection_LM_Accept_eSCO_Connection_Request
                0xffffffffa8011bf9                LMconnection_LM_AutoAccept_Default_eSCO_Link
                0xffffffffa8011c7d                LMconnection_Start_New_eSCO_Connection
                0xffffffffa8011d21                LMconnection_LMP_eSCO_Link_Req
                0xffffffffa8011dcd                LMconnection_Cleanup_Reject_Synchronous_Connection_Request
                0xffffffffa8011e05                LMconnection_LMP_Accepted_Ext_eSCO_Link_Req_Timeout
                0xffffffffa8011e21                LMconnection_LMP_Not_Accepted_Ext_eSCO_Link_Req
                0xffffffffa8011e41                LMconnection_LMP_Not_Accepted
                0xffffffffa8011fcd                LMconnection_LMP_Accepted
                0xffffffffa80120b9                LMconnection_LMP_eSCO_Accepted_Ack
                0xffffffffa80120dd                LMconnection_LM_Setup_Synchronous_Connection
                0xffffffffa8012315                LMconnection_Switch_Complete_Failure
                0xffffffffa8012385                LMconnection_LM_Switch_Role
                0xffffffffa8012481                LMconnection_LM_Auth_Complete
                0xffffffffa80124c1                LMconnection_LM_Connection_Accept
                0xffffffffa80125a9                LMconnection_LM_Connection_Reject
                0xffffffffa801262d                LMconnection_LM_Accept_Synchronous_Connection_Request
                0xffffffffa80127c1                LMconnection_LM_Reject_Synchronous_Connection_Request
                0xffffffffa8012885                LMconnection_Connection_Timeout
                0xffffffffa8012899                LMconnection_LM_Disconnect_Req
                0xffffffffa8012945                LMconnection_LM_Read_Remote_Name_Cancel
                0xffffffffa80129c5                LMconnection_LM_Connection_Cancel
                0xffffffffa8012a4d                _LMconnection_Create_ACL_Connection
                0xffffffffa8012b2d                _LMconnection_Validate_ACL_Admission
                0xffffffffa8012bf9                LMconnection_LM_Read_Remote_Name
                0xffffffffa8012c8d                LMconnection_LM_Connection_Req
                0xffffffffa8012cc9                LMconnection_Initialise
                0xffffffffa8012d05                LMdisp_LMP_Not_Accepted_Common
                0xffffffffa8012d71                LMdisp_LMP_Not_Accepted_Ext
                0xffffffffa8012d81                LMdisp_LMP_Not_Accepted
                0xffffffffa8012d91                LMdisp_LMP_Unsupported_Command
                0xffffffffa8012d95                _LMdisp_Dispatch_Extended_Opcode
                0xffffffffa8012de9                _LMdisp_Clear_Any_Associated_Message_Timer
                0xffffffffa8012e95                _LMdisp_LMP_Encapsulated_Finish
                0xffffffffa8012ec9                _LMdisp_LMP_Encapsulated_Accept
                0xffffffffa8012ef5                _LMdisp_Encode_Encapsulated_Accepted_PDU
                0xffffffffa8012f1d                LMdisp_LMP_Encapsulated_Header
                0xffffffffa8012f61                LMdisp_LMP_Encapsulated_Payload
                0xffffffffa8012fe5                LMdisp_LMP_Accepted_Common
                0xffffffffa801304d                LMdisp_LMP_Accepted_Ext
                0xffffffffa801305d                LMdisp_LMP_Accepted
                0xffffffffa801306d                LMdisp_LMP_Command_Dispatcher
                0xffffffffa8013161                LMconfig_Change_Default_Pkt_Type
                0xffffffffa801316d                LMconfig_LM_Change_Local_Name
                0xffffffffa80131b1                LMconfig_LM_Read_Local_Name
                0xffffffffa80131c1                LMconfig_LM_Clear_Device_State
                0xffffffffa80131d1                LMconfig_LM_Standby_Low_Power_Timeout
                0xffffffffa801324d                LMconfig_LMP_Not_Accepted
                0xffffffffa801327d                LMconfig_LMP_Version_Res
                0xffffffffa80132c1                LMconfig_LMP_Version_Req
                0xffffffffa8013301                LMconfig_LM_Read_Remote_Version
                0xffffffffa8013345                LMconfig_Initialise
                0xffffffffa8013445                LM_Encode_Msg_Timeout
                0xffffffffa8013495                LM_Encode_LMP_PDU
                0xffffffffa801368d                LM_Encode_Encapsulated_Payload
                0xffffffffa80136e5                LM_Encode_Encapsulated_PDU
                0xffffffffa8013735                LM_Encode_LMP_Not_Accepted_Ext_PDU
                0xffffffffa8013765                LM_Encode_LMP_Not_Accepted_PDU
                0xffffffffa8013789                LM_Encode_LMP_Accepted_Ext_PDU
                0xffffffffa80137b9                LM_Encode_LMP_Accepted_PDU
                0xffffffffa80137d9                LM_Initialise
                0xffffffffa801382d                LMinq_Initialise
                0xffffffffa8013831                LMinq_Get_Inquiry_Mode
                0xffffffffa8013835                LMlc_LMP_Max_Power
                0xffffffffa8013841                LMlc_LMP_Min_Power
                0xffffffffa801384d                LMlc_LMP_Power_Control_Res
                0xffffffffa8013875                LMlc_LMP_Page_Mode_Req
                0xffffffffa8013879                LMlc_LMP_Page_Scan_Mode_Req
                0xffffffffa801387d                _Send_UL_Read_Clock_Offset_Event
                0xffffffffa8013899                LMlc_LMP_Not_Accepted
                0xffffffffa8013915                LMlc_LMP_Timing_Accuracy_Res
                0xffffffffa8013951                LMlc_LMP_Test_Control
                0xffffffffa80139a1                LMlc_LMP_Test_Activate
                0xffffffffa80139fd                LMlc_LMP_Timing_Accuracy_Req
                0xffffffffa8013a51                LMlc_LM_Power_Control_Res
                0xffffffffa8013a79                LMlc_LM_Power_Control_Req
                0xffffffffa8013ab5                LMlc_LM_Timing_Accuracy_Req
                0xffffffffa8013af9                LMlc_LM_Dec_Peer_Power
                0xffffffffa8013b4d                LMlc_LM_Inc_Peer_Power
                0xffffffffa8013ba1                LMlc_LMP_Clock_Offset_Res
                0xffffffffa8013bc5                LMlc_LMP_Slot_Offset
                0xffffffffa8013be5                LMlc_LMP_Clock_Offset_Req
                0xffffffffa8013c31                LMlc_LM_Clock_Offset_Req
                0xffffffffa8013c8d                LMlc_LMP_Incr_Power_Req
                0xffffffffa8013ccd                LMlc_LMP_Power_Control_Req
                0xffffffffa8013d1d                LMlc_LMP_Decr_Power_Req
                0xffffffffa8013d59                LMlc_LM_Read_Transmit_Power_Level
                0xffffffffa8013db1                LMkeydb_Initialise
                0xffffffffa8013db5                LMkeydb_Read_Link_Key
                0xffffffffa8013db9                LMpol_Max_Slots_Allowed
                0xffffffffa8013e19                _LMpol_Initialise_eSCO_Window_Slave_Side
                0xffffffffa8013e6d                _LMpol_Initialise_eSCO_Window
                0xffffffffa8013ef1                _LMpol_High_Priority_ACL_Data_To_Send
                0xffffffffa8013f79                _LMpol_Retransmission_Allowed
                0xffffffffa8013fdd                LMpol_Adjust_Peer_Packet_Type
                0xffffffffa8014001                LMpol_Adjust_ACL_Packet_Types_On_Link
                0xffffffffa80140b5                LMpol_Adjust_ACL_Packet_Types_On_All_Links
                0xffffffffa80140f9                LMpol_Ack_Last_Tx_Packet
                0xffffffffa8014129                LMpol_Init_SCO
                0xffffffffa801418d                LMpol_Filter_Multislot_To_Bandwidth
                0xffffffffa80141c9                LMpol_Device_Activity
                0xffffffffa8014369                LMpol_Get_Next_SCO_Tx_Activity
                0xffffffffa8014655                LMpol_Clear_Low_Power_State
                0xffffffffa8014691                LMpol_Decr_Links_In_Low_Power
                0xffffffffa8014709                _LMpol_Get_Link_Tx_Activity
                0xffffffffa80147a9                lm_edr_error_check
                0xffffffffa8014825                LMpol_Get_Next_Slave_Tx_Activity
                0xffffffffa8014915                LMpol_Sleep
                0xffffffffa80149f9                _LMpol_Get_Next_Slave_Sniff_Activity
                0xffffffffa8014ba5                LMpol_Get_Next_Slave_Rx_Activity
                0xffffffffa8014bfd                _LMpol_Get_Next_Master_Sniff_Activity
                0xffffffffa8014d29                _LMpol_Update_Sniff_Parameters
                0xffffffffa8014d61                LMpol_Is_SCO_Next_Activity
                0xffffffffa8015169                LMpol_Get_Next_Master_Tx_Activity
                0xffffffffa8015389                LMpol_Initialise
                0xffffffffa8015425                LMpolicy_LM_Role_Discovery
                0xffffffffa8015431                LMpolicy_LMP_Enable_L2cap_Traffic
                0xffffffffa801543d                LMpolicy_LM_Get_Min_Sniff_Interval
                0xffffffffa80154c1                LMpolicy_Derive_Sniff_Parameters
                0xffffffffa801563d                _Send_LMP_Sniff_Req
                0xffffffffa8015699                LMpolicy_Extract_Sniff_Parameters
                0xffffffffa801580d                LMpolicy_LM_Sniff_Mode
                0xffffffffa801590d                LMpolicy_LMP_Adjust_ACL_Packet_Types
                0xffffffffa801591d                LMpolicy_LM_Exit_Sniff_Mode
                0xffffffffa8015995                _Send_HC_Mode_Change_Event
                0xffffffffa8015a15                LMpolicy_Enter_Sniff_Mode
                0xffffffffa8015ab1                LMpolicy_LM_Return_From_Sniff
                0xffffffffa8015af5                LMpolicy_LM_Exit_Master_From_Sniff
                0xffffffffa8015b1d                LMpolicy_LMP_Unsniff_Req_Ack
                0xffffffffa8015b39                LMpolicy_LMP_Unsniff_Req
                0xffffffffa8015b9d                LMpolicy_LMP_Accepted
                0xffffffffa8015bd1                LMpolicy_LMP_Sniff_Req
                0xffffffffa8015d15                LMpolicy_LMP_Not_Accepted
                0xffffffffa8015da9                LMlpctrl_Power_Req_Ack
                0xffffffffa8015dc9                LMlpctrl_Incr_Power_Req_Ack
                0xffffffffa8015e09                LMlpctrl_Decr_Power_Req_Ack
                0xffffffffa8015e49                LMlpctrl_Scan_All_Links_Request_Peer_Power_If_Reqd
                0xffffffffa8015fa9                LMqos_Update_Allowed_Packets
                0xffffffffa8016041                LMqos_LMP_Preferred_Rate
                0xffffffffa8016169                LMqos_LMP_Auto_Rate
                0xffffffffa8016191                LMqos_LM_Read_Supervision_Timeout
                0xffffffffa80161a1                LMqos_LMP_Quality_of_Service
                0xffffffffa80161a5                _Send_HC_Link_Supervision_Timeout_Changed_Event
                0xffffffffa80161c1                _Send_HC_Max_Slots_Change_Event
                0xffffffffa80161dd                LMqos_Send_HC_Packet_Type_Changed_Event
                0xffffffffa8016215                LMqos_LMP_Not_Accepted
                0xffffffffa8016239                LMqos_LMP_Accepted
                0xffffffffa80162cd                LMqos_LMP_Max_Slot
                0xffffffffa8016325                LMqos_LMP_Quality_of_Service_Req
                0xffffffffa801634d                LMqos_LMP_Supervision_Timeout
                0xffffffffa80163ad                LMqos_LM_Write_Supervision_Timeout
                0xffffffffa8016451                LMqos_Adjust_Supervision_Timeout_On_Link
                0xffffffffa80164ad                LMqos_Send_LMP_Preferred_Rate
                0xffffffffa80164f9                LMqos_LM_Max_Slot_Req
                0xffffffffa8016529                LMqos_LMP_Max_Slot_Req
                0xffffffffa8016561                LMqos_Channel_Quality_Timeout
                0xffffffffa8016745                LMqos_LM_Change_Packet_Type
                0xffffffffa80169d9                LMscan_LM_Read_Supported_IAC
                0xffffffffa8016a0d                LMscan_Read_Scan_Activity
                0xffffffffa8016a3d                LMscan_Write_Inquiry_Scan_Type
                0xffffffffa8016a51                LMscan_Write_Page_Scan_Type
                0xffffffffa8016a65                LMscan_Sleep
                0xffffffffa8016b5d                LMscan_Inquiry_Scan_Complete
                0xffffffffa8016ba9                LMscan_Page_Scan_Complete
                0xffffffffa8016c11                LMscan_Update_SR_Mode
                0xffffffffa8016c4d                LMscan_Page_Scan_Incoming
                0xffffffffa8016cd9                LMscan_Inquiry_Scan_Start
                0xffffffffa8016dfd                LMscan_Page_Scan_Start
                0xffffffffa8016f1d                LMscan_Write_Scan_Enable
                0xffffffffa8016f81                LMscan_Write_Scan_Activity
                0xffffffffa8017041                LMscan_LM_Write_Supported_IAC
                0xffffffffa8017089                LMscan_Initialise
                0xffffffffa8017145                LMscoctr_Initialise
                0xffffffffa80171b9                LMscoctr_Get_Number_SCO_Connections
                0xffffffffa80171c5                LMscoctr_Get_Number_PCM_Connections
                0xffffffffa80171dd                LMscoctr_Assign_SCO_Parameters
                0xffffffffa80171fd                LMscoctr_Extract_SCO_Parameters_From_PDU
                0xffffffffa8017259                LMscoctr_Map_AirMode_LMP2HCI
                0xffffffffa8017275                LMscoctr_Map_AirMode_HCI2LMP
                0xffffffffa8017291                LMscoctr_Is_LM_Air_Mode_Supported
                0xffffffffa80172e5                LMscoctr_Get_Active_LM_SYN_Window
                0xffffffffa801732d                LMscoctr_Is_All_Bandwidth_Used_By_SCO
                0xffffffffa8017359                LMscoctr_Is_All_Bandwidth_Used_By_SYN
                0xffffffffa80173d1                LMscoctr_Find_SCO_By_Device_Index
                0xffffffffa80173ed                LMscoctr_Find_SCO_By_Connection_Handle
                0xffffffffa8017409                LMscoctr_Find_SCO_By_SCO_Handle
                0xffffffffa801742d                LMscoctr_Derive_LM_SCO_Packet_Type
                0xffffffffa8017459                LMscoctr_Get_SCO_Transitioning_Ref
                0xffffffffa8017471                LMscoctr_Find_SCO_Under_Negotiation
                0xffffffffa80174ad                LMscoctr_Allocate_Negotation_SCO_Link
                0xffffffffa8017539                LMscoctr_Free_Negotiation_SCO_Link
                0xffffffffa8017545                LMscoctr_Accept_And_Free_Negotiated_SCO_Link
                0xffffffffa801756d                LMscoctr_Convert_HCI_To_LM_SCO_Packet_Type
                0xffffffffa801758d                _LMscoctr_Derive_D_SCO
                0xffffffffa80175d1                LMscoctr_Derive_SCO_Parameters
                0xffffffffa801766d                LMscoctr_Map_eSCO_Pkt_Type_LMP2HCI
                0xffffffffa80176a9                LMscoctr_Extract_eSCO_Parameters_From_LMP_PDU
                0xffffffffa8017795                LMscoctr_Validate_eSCO_Features
                0xffffffffa8017829                LMscoctr_Validate_Local_eSCO_Features
                0xffffffffa8017845                LMscoctr_Validate_Remote_eSCO_Features
                0xffffffffa8017865                LMscoctr_IsValid_eSCO_Packet_Type
                0xffffffffa8017891                LMscoctr_Initial_Negotiate_Setting
                0xffffffffa80178b1                LMscoctr_Adjust_Negotiate_Setting
                0xffffffffa8017941                _LMscoctr_SetDEscoCalculatorBit
                0xffffffffa8017961                _LMscoctr_TestDEscoCalculatorBit
                0xffffffffa8017981                LMscoctr_Derive_D_eSCO_AtLeast
                0xffffffffa8017a51                LMscoctr_Get_Next_LMP_Parameter_Set
                0xffffffffa8017d8d                LMscoctr_Check_eSCO_Parameter
                0xffffffffa8017f19                LMscoctr_Get_Next_D_eSCO
                0xffffffffa8017f45                LMscoctr_Is_Bandwidth_Available_For_SCO_Packet_Types
                0xffffffffa8018015                LMscoctr_Derive_Tx_Dequeue_Length
                0xffffffffa8018069                LMscoctr_Set_D_eSCO_and_Timing_Flag
                0xffffffffa80180b5                LMscoctr_Validate_SYN_Piconet
                0xffffffffa80180f1                LMscoctr_Validate_Host_eSCO_Parameters
                0xffffffffa801818d                LMscoctr_IsValid_eSCO_Packet_Length
                0xffffffffa801822d                LMscoctr_RangeCheck_Peer_eSCO_Parameters
                0xffffffffa80182d9                LMscoctr_Validate_Peer_eSCO_Parameters
                0xffffffffa8018329                LMscoctr_Commit_to_New_Synchronous_Parameters
                0xffffffffa801840d                LMscoctr_Init_D_eSCO_Bitmap
                0xffffffffa80184b1                LMscoctr_Free
                0xffffffffa801855d                LMscoctr_Alloc
                0xffffffffa8018681                LMsec_core_Array_Xor
                0xffffffffa80186ad                LMsec_core_Init_SecAuthInfo
                0xffffffffa80186c1                _AgeRepeatAttemptsList
                0xffffffffa8018731                LMsec_core_Get_Broadcast_Key_Length
                0xffffffffa8018741                LMsec_core_Is_Broadcast_Key_Length_Possible
                0xffffffffa8018745                LMsec_core_Clean_On_Detach
                0xffffffffa8018769                LMsec_core_Simple_Pairing_Complete_2
                0xffffffffa80187fd                LMsec_core_Start_SSP_Stage2_2
                0xffffffffa8018865                LMsec_core_Start_SSP_Stage2
                0xffffffffa80188ad                LMsec_core_Init_UnitKey_Setup
                0xffffffffa80188e9                LMsec_core_Start_Simple_Pairing
                0xffffffffa8018af1                LMsec_core_TimeoutHandler
                0xffffffffa8018bf5                LMsec_core_Pause_Encryption_Complete
                0xffffffffa8018c65                LMsec_core_Set_Encryption_Complete
                0xffffffffa8018ce5                LMsec_core_Set_Encryption
                0xffffffffa8018d5d                LMsec_core_RecordAuthSuccess
                0xffffffffa8018db9                LMsec_core_RecordAuthFailure
                0xffffffffa8018e69                LMsec_core_Change_To_Semi_Permanent_Key
                0xffffffffa8018ea5                LMsec_core_PeerData_Tx_Go_Callback
                0xffffffffa8018eed                LMsec_core_PeerData_Tx_Stop_Callback
                0xffffffffa8018f41                LMsec_core_Stop_Encryption_Ack
                0xffffffffa8018f61                LMsec_core_Enable_Rx_Encryption
                0xffffffffa8018f99                LMsec_core_Init_Encryption
                0xffffffffa801901d                LMsec_core_Initialise
                0xffffffffa8019089                LMsec_core_Init_CombKey_Setup
                0xffffffffa80190f5                LMsec_core_Init_LinkKey_Negotiation
                0xffffffffa8019131                LMsec_core_Get_Link_Key
                0xffffffffa8019195                LMsec_core_Auth_Response
                0xffffffffa80191f5                LMsec_core_Auth_Challenge
                0xffffffffa8019289                LMsec_core_Change_To_Temporary_Key
                0xffffffffa8019301                LMsec_core_Auth_Complete
                0xffffffffa801948d                LMsec_core_Simple_Pairing_Complete
                0xffffffffa8019501                LMsec_core_Auth_Allowed
                0xffffffffa8019549                LMsec_core_Init_Authentication
                0xffffffffa8019619                LM_SecEng_Generate_Local_Key
                0xffffffffa801961d                LM_SecEng_Wait_Local_Key
                0xffffffffa80197dd                lm_sp_n192_convert_wnaf
                0xffffffffa8019895                _Safer_Plus_Encrypt
                0xffffffffa8019b11                _Keyed_Hash
                0xffffffffa8019c21                LM_SecEng_Generate_Key_E3
                0xffffffffa8019c39                LM_SecEng_Authenticate_E1
                0xffffffffa8019ca5                LM_SecEng_Generate_Key_E22
                0xffffffffa8019d5d                LM_SecEng_Generate_Key_E21
                0xffffffffa8019dd1                _HMAC_SHA_256_Finish
                0xffffffffa8019ed9                _HMAC_SHA_256_Init
                0xffffffffa8019fa1                _Reg_To_Byte_Array
                0xffffffffa8019fd9                LM_SecEng_Generate_Check
                0xffffffffa801a065                LM_SecEng_Generate_Link_Key
                0xffffffffa801a0ed                LM_SecEng_Generate_Commitment
                0xffffffffa801a145                LM_SecEng_Get_DHKey
                0xffffffffa801a17d                LM_SecEng_Set_Local_Key
                0xffffffffa801a4d1                lm_sp_p192_point_to_inf
                0xffffffffa801a529                lm_sp_p192_invert
                0xffffffffa801a5d5                lm_sp_n_one
                0xffffffffa801a6ad                LM_SecEng_Set_Peer_Key
                0xffffffffa801adb1                lm_sp_p192_dbl
                0xffffffffa801af89                lm_sp_p192_add
                0xffffffffa801b2e5                lm_sp_pre_compute_points
                0xffffffffa801b559                lm_sp_p192_point_jacobian_to_affine
                0xffffffffa801b5f9                lm_dhkey_compare
                0xffffffffa801b70d                lm_sp_p192_points_jacobian_to_affine
                0xffffffffa801b85d                lm_dhkey_calc_init
                0xffffffffa801b8ed                LM_Start_Calc_DHK
                0xffffffffa801b965                LM_SecEng_Generate_DHKey
                0xffffffffa801b9a9                _Update_Link_Key
                0xffffffffa801b9d9                _Stop_Encryption
                0xffffffffa801b9f5                _Generate_Encryption_Key
                0xffffffffa801ba99                _Start_Encryption
                0xffffffffa801bb01                _Complete_CombKey_Setup
                0xffffffffa801bb7d                LMsec_peer_LMP_OOB_Failed
                0xffffffffa801bb91                LMsec_peer_LMP_Passkey_Entry_Failed
                0xffffffffa801bba5                LMsec_peer_LMP_Number_Comparison_Failed
                0xffffffffa801bbb9                LMsec_peer_LMP_Keypress_Notification
                0xffffffffa801bbcd                LMsec_peer_LMP_IO_capability_Res
                0xffffffffa801bc51                LMsec_peer_LMP_PublicKey
                0xffffffffa801bd11                LMsec_peer_Send_LMP_Not_Accepted
                0xffffffffa801bd51                LMsec_peer_Send_LMP_Message
                0xffffffffa801bde1                LMsec_peer_LMP_OOB_Check
                0xffffffffa801be8d                LMsec_peer_LMP_Simple_Pairing_Confirm
                0xffffffffa801bf71                LMsec_peer_LMP_IO_capability_Req
                0xffffffffa801c065                LMsec_peer_LMP_Resume_Encryption_Req
                0xffffffffa801c099                LMsec_peer_Send_LMP_Accepted
                0xffffffffa801c0cd                LMsec_peer_LMP_DHKey_Check_2
                0xffffffffa801c219                LMsec_peer_LMP_DHKey_Check
                0xffffffffa801c2ad                LMsec_peer_LMP_Simple_Pairing_Number
                0xffffffffa801c469                LMsec_peer_LMP_Temp_Key
                0xffffffffa801c4d5                LMsec_peer_LMP_Use_Semi_Permanent_Key
                0xffffffffa801c531                LMsec_peer_LMP_Unit_Key
                0xffffffffa801c5f1                LMsec_peer_LMP_Comb_Key
                0xffffffffa801c74d                LMsec_peer_LMP_Temp_Rand
                0xffffffffa801c7c9                LMsec_peer_LMP_Pause_Encryption_Req
                0xffffffffa801c81d                LMsec_peer_LMP_Stop_Encryption_Req
                0xffffffffa801c8c5                LMsec_peer_LMP_Start_Encryption_Req
                0xffffffffa801c989                LMsec_peer_LMP_Not_Accepted
                0xffffffffa801cc25                LMsec_peer_LMP_Encryption_Mode_Req
[...]
                0xffffffffa1c8164d                num_connection_filters
                0xffffffffa1c81650                g_LM_device_state
                0xffffffffa1c81654                g_LM_config_info
                0xffffffffa1c816e8                remote_name_string
                0xffffffffa1c817e0                device_name_string
                0xffffffffa1c818d8                g_LM_test_device_role
                0xffffffffa1c818dc                LM_Scan
                0xffffffffa1c81904                inq_scan_act
                0xffffffffa1c81910                page_scan_act
                0xffffffffa1c8191c                inquiry_result
                0xffffffffa1c81938                inq_results
                0xffffffffa1c819b0                LM_Inq
                0xffffffffa1c819d8                lm_timer_head
                0xffffffffa1c819dc                lm_timers
                0xffffffffa1c81cd4                _LMafh_AFH_update_timer_index
                0xffffffffa1c81cd8                _LMafh_AFH_request_channel_classification_on_piconets
                0xffffffffa1c81cd9                _LMafh_AFH_LMP_channel_classification_pending_on_piconets
                0xffffffffa1c81cda                _LMafh_AFH_channel_assessment_mode
                0xffffffffa1c81cdb                _LMafh_AFH_control_byte
                0xffffffffa1c81cdc                _LMafh_AFH_LMP_set_afh_pending_on_am_addrs
                0xffffffffa1c81ce0                LC_local_device_fhs
                0xffffffffa1c81cf4                lc_call_back_list
                0xffffffffa1c81d4c                clk_offset
                0xffffffffa1c81d50                LSLCass_previous_nak_channel
                0xffffffffa1c81d51                LSLCass_control_log
                0xffffffffa1c81d52                LSLCass_num_channels_unused
                0xffffffffa1c81d54                _assessment
                0xffffffffa1c81d64                LSLCass_freq_interference
                0xffffffffa1c81db4                _LSLCfreq_tx_lookahead_freq_start
                0xffffffffa1c81db8                _LSLCfreq_channel
                0xffffffffa1c81dbc                LSLCfreq_last_freq_clk
                0xffffffffa1c81dc0                _LSLCfreq_tx_lookahead_clock
                0xffffffffa1c81dc4                _LSLCfreq_tx_lookahead_afh_mode
                0xffffffffa1c81dc5                _LSLCfreq_tx_lookahead_piconet_index
                0xffffffffa1c81dc8                _Page_Inquiry_Frequency_Table
                0xffffffffa1c81e08                _Page_Scan_Frequency_Table
                0xffffffffa1c81e48                LSLChop_hs_kernel
                0xffffffffa1c81e58                LSLChop_hs_engine
                0xffffffffa1c81e78                total_received_packet
                0xffffffffa1c81e7c                total_test_packet
                0xffffffffa1c81e80                _was_previous_rx_slot_a_scan
                0xffffffffa1c81e81                LSLCacc_last_rx_LMP_msg
                0xffffffffa1c81e84                Saved_DWH2_INIT
                0xffffffffa1c81e88                bbtest_stop
                0xffffffffa1c81e8c                rx_test_patten
                0xffffffffa1c81e90                total_error_packet
                0xffffffffa1c81e94                lslc_acc_shadow_sco_route_
                0xffffffffa1c81e98                total_error_bit
                0xffffffffa1c81e9c                lslc_acc_recent_rssi_available_
                0xffffffffa1c81ea0                bt_rx_test_enable
                0xffffffffa1c81ea4                total_received_bits
                0xffffffffa1c81ea8                bbtest_tx_new_packet
                0xffffffffa1c81eaa                lslc_acc_shadow_sco_cfg_
                0xffffffffa1c81eac                Saved_DWH1_INIT
                0xffffffffa1c81eb0                LSLC_PSKEY_REG
                0xffffffffa1c81ebc                bbtest_param
                0xffffffffa1c81ed0                _ctrl_reg_shadow
                0xffffffffa1c81ef4                set_rx_on
                0xffffffffa1c81ef5                le_mode_running
                0xffffffffa1c81ef8                stored_p_clk
                0xffffffffa1c81efc                _LSLCslot_state
                0xffffffffa1c81f00                _LSLCslot_eSCO_tx_3slot_packet_expected
                0xffffffffa1c81f01                _LSLCslot_eSCO_rx_3slot_packet_expected
                0xffffffffa1c81f04                registered_clk_workaround
                0xffffffffa1c81f08                registered_callback_function
                0xffffffffa1c81f0c                monitors
                0xffffffffa1c81fb0                _LSLCafh_AFH_hse_kernel
                0xffffffffa1c82340                _LSLCafh_AFH_link
                0xffffffffa1c82360                LSLCcls_device_channel_map
                0xffffffffa1c8236c                LSLCcls_AFH_channel_classification
                0xffffffffa1c823bc                _chan_ctrl
                0xffffffffa1c823e4                _activity
                0xffffffffa1c8240c                testmode_ctrl
                0xffffffffa1c82438                _inquiry_info
                0xffffffffa1c8255c                _inquiryScan_info
                0xffffffffa1c82680                _page_info
                0xffffffffa1c826b0                _pageScan_info
                0xffffffffa1c826ec                switch_flag
                0xffffffffa1c826f0                _mss_info
                0xffffffffa1c828a0                g_phy_cfg
                0xffffffffa1c828a4                _sleep_info
                0xffffffffa1c828bc                unsniff_rxon_pretime
                0xffffffffa1c828c0                _r2p_info
                0xffffffffa1c828e4                g_min_wakeup_interval
                0xffffffffa1c828e8                _sp_info
                0xffffffffa1c828ec                DL_amaddr_pool
                0xffffffffa1c828f0                DL_LC_link_pool
                0xffffffffa1c828f4                DL_piconet_index_pool
                0xffffffffa1c828f8                DL_transmit_descr
                0xffffffffa1c82910                ss_output
                0xffffffffa1c82934                lelc_adv_packet
                0xffffffffa1c82960                lelcacc_radio_timing
                0xffffffffa1c82978                lelc_rxtest_freq
                0xffffffffa1c8297c                lelcpkt_active_device_link_ref
                0xffffffffa1c82980                lelc_txtest
                0xffffffffa1c82982                lelc_rxtest_packetcount
                0xffffffffa1c82984                lelc_rxtest
                0xffffffffa1c82985                lelc_local_sca
                0xffffffffa1c82988                lelc_chan_info
                0xffffffffa1c82990                le_init_info
                0xffffffffa1c829c8                current_active_device_link
                0xffffffffa1c829cc                rssi_average_closed
                0xffffffffa1c829d0                lelc_link_num
                0xffffffffa1c829d4                lelc_link_pool
                0xffffffffa1c829d8                lelc_conf_interval
                0xffffffffa1c82a64                lelc_sleep_info
                0xffffffffa1c82a78                rssi_noise_average
                0xffffffffa1c82a7c                rssi_counter
                0xffffffffa1c82a80                rx_no_pkd
                0xffffffffa1c82acc                rx_crc_error_channel_table
                0xffffffffa1c82b18                rx_crc_correct_channel_table
                0xffffffffa1c82b64                crc_rate_table
                0xffffffffa1c82b8c                rssi_rate_table
                0xffffffffa1c82bb4                Lelcacc_num_channels_unused
                0xffffffffa1c82bb6                LeLcacc_num_received_for_rssi
                0xffffffffa1c82bb8                rssi_currect_value
                0xffffffffa1c82bbc                rssi_currect_noise_value
                0xffffffffa1c82bc0                LeLcacc_num_received_pkd_start
                0xffffffffa1c82bc2                LeLcacc_num_received_for_calu
                0xffffffffa1c82bc4                BTtst_dut_mode
                0xffffffffa1c82bc8                BTtst_loopback_info
                0xffffffffa1c82bd0                BTms_data_flag
                0xffffffffa1c82bd1                _BTms_pending_hc_reset
                0xffffffffa1c82bd4                init_filter
                0xffffffffa1c82bd8                g_deviceLinkSet
                0xffffffffa1c83a0c                srand_seed
                0xffffffffa1c83a10                _tra_hcit_active
                0xffffffffa1c83a14                sys_hcit_info
                0xffffffffa1c83a18                hci_generic_event_callback
                0xffffffffa1c83a1c                TRAhcit_Register
                0xffffffffa1c83a20                sys_hcit_uart_info
                0xffffffffa1c83a64                tra_hcit_uart_rx_buf
                0xffffffffa1c83a68                tra_hcit_uart_rx_state
                0xffffffffa1c83a6c                tra_hcit_uart_cur_tx_pointer
                0xffffffffa1c83a70                tra_hcit_uart_rx_length
                0xffffffffa1c83a74                tra_hcit_uart_tx_pdu_length
                0xffffffffa1c83a78                tra_hcit_uart_tx_original_length
                0xffffffffa1c83a7c                tra_hcit_uart_tx_pdu_buf
                0xffffffffa1c83a80                tra_hcit_uart_tx_state
                0xffffffffa1c83a84                tra_hcit_uart_rx_head_buf
                0xffffffffa1c83a88                tra_hcit_uart_pend_length
                0xffffffffa1c83a8a                tra_hcit_uart_rx_type
                0xffffffffa1c83a8c                tra_hcit_uart_cur_tx_length
                0xffffffffa1c83a90                tra_hcit_uart_hardware_error_event_flag
                0xffffffffa1c83a94                g_pending_sco_packet
                0xffffffffa1c83a98                cmd_buf_index
                0xffffffffa1c83a9a                orign_opcode
                0xffffffffa1c83a9c                opcode_force
                0xffffffffa1c83a9d                _LMPdisp_dispatched_pdu_length
                0xffffffffa1c83aa0                ll_whitelist
                0xffffffffa1c83ab0                ll_whitelist_item
                0xffffffffa1c83b00                LSLCpkt_Active_Tx_Device_Link_Ref
                0xffffffffa1c83b04                LSLCpkt_Active_Rx_Device_Link_Ref
                0xffffffffa1c83b08                stAdv_Ind
                0xffffffffa1c83b34                stScan_Resp
                0xffffffffa1c83b60                le_scan_info
                0xffffffffa1c83be8                le_advert_info
                0xffffffffa1c83c84                fc56_response
                0xffffffffa1c83c8c                param_fortest
                0xffffffffa1c83c94                LowFrequencyOscillatorAvailable
                0xffffffffa1c83c98                g_rda_mode_config
                0xffffffffa1c83c9c                syspwr_low_power_mode_active_
                0xffffffffa1c83c9e                g_host_wake_event1
                0xffffffffa1c83ca0                fun_in_ram
                0xffffffffa1c83ca4                syspwr_num_frames_to_sleep_
                0xffffffffa1c83ca8                g_host_wake_pause_length
                0xffffffffa1c83cac                p_Wake_Host_Fun
                0xffffffffa1c83cb0                host_wake_value
                0xffffffffa1c83cb2                g_host_wake_event2
                0xffffffffa1c83cb4                g_host_wake_length
                0xffffffffa1c83cb6                g_host_wake_flag
                0xffffffffa1c83cb8                trap_fun16
                0xffffffffa1c83cbc                trap_fun1
                0xffffffffa1c83cc0                trap_fun6
                0xffffffffa1c83cc4                trap_fun8
                0xffffffffa1c83cc8                trap_fun13
                0xffffffffa1c83ccc                trap_fun7
                0xffffffffa1c83cd0                trap_fun2
                0xffffffffa1c83cd4                trap_fun12
                0xffffffffa1c83cd8                trap_fun10
                0xffffffffa1c83cdc                trap_fun5
                0xffffffffa1c83ce0                trap_fun15
                0xffffffffa1c83ce4                trap_fun4
                0xffffffffa1c83ce8                trap_fun3
                0xffffffffa1c83cec                trap_fun14
                0xffffffffa1c83cf0                trap_fun11
                0xffffffffa1c83cf4                trap_fun9
                0xffffffffa1c83cf8                _i2c_seq_read_soft
                0xffffffffa1c83cfc                _i2c_seq_write_soft
                0xffffffffa1c83d00                CurrentRadioMode
                0xffffffffa1c83d04                PacketExtensionActive
                0xffffffffa1c83d05                TxPacketExtensionActive
                0xffffffffa1c83d06                RxPacketExtensionActive
                0xffffffffa1c83d07                Tim_bit_count_synch
                0xffffffffa1c83d08                radio_set_to_tx
                0xffffffffa1c83d09                radio_set_to_rx
                0xffffffffa1c83d0c                Gio_tim3_change
                0xffffffffa1c83d10                raw_rssi
                0xffffffffa1c83d14                Driver_Data
                0xffffffffa1c83d20                tx_pwr_level_
                0xffffffffa1c83d24                Channels_Table
                0xffffffffa1c83d28                ser_config_word_cache
                0xffffffffa1c83d2c                SerialData0Frequency
                0xffffffffa1c83d30                Requested_RadioMode
                0xffffffffa1c83d34                g_pBT_Host_Config
                0xffffffffa1c83d38                max_data
                0xffffffffa1c83d3c                max_msg
                0xffffffffa1c83d40                host_timers
                0xffffffffa1c83d44                security_want_keytype
                0xffffffffa1c83d46                pendingSecHandle
                0xffffffffa1c87ff0                _bt_sram_non_romed_top

.bt_inter_rom.crc
                0xffffffffa1e8fffc        0x4
 build/5856T_nolcd/btcpu/RDA5856/stripped_BTCPU_rom_elf_file.elf(.bt_inter_rom.crc)
 .bt_inter_rom.crc
                0xffffffffa1e8fffc        0x4 build/5856T_nolcd/btcpu/RDA5856/stripped_BTCPU_rom_elf_file.elf
                0xffffffffa80caa00                . = _flash_end
                0xffffffffa80caa00                _res_data_flash_start_location = .

.res            0xffffffffa80caa00    0x23354
 *res.bin.o(.data .data.*)
 .data          0xffffffffa80caa00    0x23354 D:/rda5981/code/IoT-RDA5836_3.3/build/5856T_nolcd/res.bin.o
                0xffffffffa80caa00                _binary_D__rda5981_code_IoT_RDA5836_3_3_target_5856T_nolcd_resource_res_bin_start
                0xffffffffa80edd54                _binary_D__rda5981_code_IoT_RDA5836_3_3_target_5856T_nolcd_resource_res_bin_end
                0xffffffffa80edd54                _res_data_end = .

.user_data      0xffffffffa80fc000        0x0
                0xffffffffa80fc000                _user_data_start = .
 *user.bin.o(.user_data)
 *(.user_data)
                0xffffffffa80fc000                _user_data_end = .
                0x0000000000000000                _user_data_size = (_user_data_end - _user_data_start)
                0x0000000000000001                ASSERT ((ABSOLUTE (_user_data_start) > ABSOLUTE (_res_data_end)), Flash overflow: there is no more space available in flash memory.)

.calib          0xffffffffa80fe000        0x0
                0xffffffffa80fe000                _calib_start = .
 *(.calib)
                0xffffffffa80fe000                . = ALIGN (0x10)
                0xffffffffa80fe000                _calib_end = .
                0x0000000000000000                _calib_size = (_calib_end - _calib_start)

.factory_settings
                0xffffffffa80ff000        0x0
                0xffffffffa80ff000                _factory_start = .
 *(.factory_settings)
                0xffffffffa80ff000                . = ALIGN (0x10)
                0xffffffffa80ff000                _factory_end = .
                0x0000000000000000                _factory_size = (_factory_end - _factory_start)
                0x0000000000000001                ASSERT (((ABSOLUTE (_calib_start) >= ABSOLUTE (_user_data_end)) || (ABSOLUTE (_factory_start) > ABSOLUTE (_code_base))), Calib data is overlapped with user data or factory data is overlapped with code.)
                0x0000000000000001                ASSERT ((ABSOLUTE (_factory_start) >= ABSOLUTE (_calib_start)), Factory setting data is overlapped with calib data.)

.debug
 *(EXCLUDE_FILE(*.elf) .debug)

.line
 *(EXCLUDE_FILE(*.elf) .line)

.debug_srcinfo
 *(EXCLUDE_FILE(*.elf) .debug_srcinfo)

.debug_sfnames
 *(EXCLUDE_FILE(*.elf) .debug_sfnames)

.debug_aranges  0x0000000000000000     0xed60
 *(EXCLUDE_FILE(*.elf) .debug_aranges)
 .debug_aranges
                0x0000000000000000     0xed60 build/5856T_nolcd/btcpu/RDA5856/XCPU_elf_file.elf-stripped

.debug_pubnames
                0x0000000000000000    0x300d3
 *(EXCLUDE_FILE(*.elf) .debug_pubnames)
 .debug_pubnames
                0x0000000000000000    0x300d3 build/5856T_nolcd/btcpu/RDA5856/XCPU_elf_file.elf-stripped

.debug_info     0x0000000000000000   0x1d718a
 *(EXCLUDE_FILE(*.elf) .debug_info .gnu.linkonce.wi.*)
 .debug_info    0x0000000000000000   0x1d718a build/5856T_nolcd/btcpu/RDA5856/XCPU_elf_file.elf-stripped

.debug_abbrev   0x0000000000000000    0x3c78a
 *(EXCLUDE_FILE(*.elf) .debug_abbrev)
 .debug_abbrev  0x0000000000000000    0x3c78a build/5856T_nolcd/btcpu/RDA5856/XCPU_elf_file.elf-stripped

.debug_line     0x0000000000000000    0x6520a
 *(EXCLUDE_FILE(*.elf) .debug_line)
 .debug_line    0x0000000000000000    0x6520a build/5856T_nolcd/btcpu/RDA5856/XCPU_elf_file.elf-stripped

.debug_frame    0x0000000000000000    0x28d88
 *(EXCLUDE_FILE(*.elf) .debug_frame)
 .debug_frame   0x0000000000000000    0x28d88 build/5856T_nolcd/btcpu/RDA5856/XCPU_elf_file.elf-stripped

.debug_str      0x0000000000000000    0x65a87
 *(EXCLUDE_FILE(*.elf) .debug_str)
 .debug_str     0x0000000000000000    0x65a87 build/5856T_nolcd/btcpu/RDA5856/XCPU_elf_file.elf-stripped

.debug_loc      0x0000000000000000    0xad1dc
 *(EXCLUDE_FILE(*.elf) .debug_loc)
 .debug_loc     0x0000000000000000    0xad1dc build/5856T_nolcd/btcpu/RDA5856/XCPU_elf_file.elf-stripped

.debug_macinfo
 *(EXCLUDE_FILE(*.elf) .debug_macinfo)

.debug_weaknames
 *(EXCLUDE_FILE(*.elf) .debug_weaknames)

.debug_funcnames
 *(EXCLUDE_FILE(*.elf) .debug_funcnames)

.debug_typenames
 *(EXCLUDE_FILE(*.elf) .debug_typenames)

.debug_varnames
 *(EXCLUDE_FILE(*.elf) .debug_varnames)

.stab
 *(EXCLUDE_FILE(*.elf) .stab)

.stabstr
 *(EXCLUDE_FILE(*.elf) .stabstr)

.stab.excl
 *(EXCLUDE_FILE(*.elf) .stab.excl)

.stab.exclstr
 *(EXCLUDE_FILE(*.elf) .stab.exclstr)

.stab.index
 *(EXCLUDE_FILE(*.elf) .stab.index)

.stab.indexstr
 *(EXCLUDE_FILE(*.elf) .stab.indexstr)

.comment        0x0000000000000000       0x31
 *(EXCLUDE_FILE(*.elf) .comment)
 .comment       0x0000000000000000       0x31 build/5856T_nolcd/btcpu/RDA5856/XCPU_elf_file.elf-stripped

.gptab.sdata
 *(.gptab.data)
 *(.gptab.sdata)

.gptab.sbss
 *(.gptab.bss)
 *(.gptab.sbss)

/DISCARD/
 *(*)
OUTPUT(D:/rda5981/code/IoT-RDA5836_3.3/build/5856T_nolcd/RDA5856/5856T_nolcd_debug.elf elf32-littlemips)
